../Core/Src/main.c:125:5:main	8	static
../Core/Src/main.c:222:6:SystemClock_Config	120	static
../Core/Src/main.c:282:13:MX_LPUART1_UART_Init	8	static
../Core/Src/main.c:330:13:MX_UART5_Init	8	static
../Core/Src/main.c:378:13:MX_UART8_Init	8	static
../Core/Src/main.c:426:13:MX_USART1_UART_Init	8	static
../Core/Src/main.c:474:13:MX_USART6_UART_Init	8	static
../Core/Src/main.c:520:13:MX_DMA_Init	16	static
../Core/Src/main.c:542:13:MX_GPIO_Init	32	static
../Core/Src/main.c:556:13:HAL_UART_RxCpltCallback	16	static
../Core/Src/main.c:574:13:DebugTask	16	static
../Core/Src/main.c:593:13:SensingTask	16	static
../Core/Src/main.c:611:13:MainTask	16	static
../Core/Src/main.c:630:6:HAL_TIM_PeriodElapsedCallback	16	static
../Core/Src/main.c:647:6:Error_Handler	4	static,ignoring_inline_asm
