../Core/Src/main.c:122:5:main	8	static
../Core/Src/main.c:218:6:SystemClock_Config	120	static
../Core/Src/main.c:278:13:MX_UART5_Init	8	static
../Core/Src/main.c:326:13:MX_UART8_Init	8	static
../Core/Src/main.c:374:13:MX_USART1_UART_Init	8	static
../Core/Src/main.c:422:13:MX_USART6_UART_Init	8	static
../Core/Src/main.c:468:13:MX_DMA_Init	16	static
../Core/Src/main.c:486:13:MX_GPIO_Init	32	static
../Core/Src/main.c:499:13:HAL_UART_RxCpltCallback	16	static
../Core/Src/main.c:517:13:DebugTask	16	static
../Core/Src/main.c:536:13:SensingTask	16	static
../Core/Src/main.c:554:13:MainTask	16	static
../Core/Src/main.c:573:6:HAL_TIM_PeriodElapsedCallback	16	static
../Core/Src/main.c:590:6:Error_Handler	4	static,ignoring_inline_asm
