Archive member included to satisfy reference by file (symbol)

c:/st/stm32cubeide_1.5.0/stm32cubeide/plugins/com.st.stm32cube.ide.mcu.externaltools.gnu-tools-for-stm32.10.3-2021.10.win32_1.0.0.202111181127/tools/bin/../lib/gcc/arm-none-eabi/10.3.1/../../../../arm-none-eabi/lib/thumb/v7e-m+dp/hard\libc_nano.a(lib_a-errno.o)
                              ./Core/Src/syscalls.o (__errno)
c:/st/stm32cubeide_1.5.0/stm32cubeide/plugins/com.st.stm32cube.ide.mcu.externaltools.gnu-tools-for-stm32.10.3-2021.10.win32_1.0.0.202111181127/tools/bin/../lib/gcc/arm-none-eabi/10.3.1/../../../../arm-none-eabi/lib/thumb/v7e-m+dp/hard\libc_nano.a(lib_a-exit.o)
                              c:/st/stm32cubeide_1.5.0/stm32cubeide/plugins/com.st.stm32cube.ide.mcu.externaltools.gnu-tools-for-stm32.10.3-2021.10.win32_1.0.0.202111181127/tools/bin/../lib/gcc/arm-none-eabi/10.3.1/../../../../arm-none-eabi/lib/thumb/v7e-m+dp/hard/crt0.o (exit)
c:/st/stm32cubeide_1.5.0/stm32cubeide/plugins/com.st.stm32cube.ide.mcu.externaltools.gnu-tools-for-stm32.10.3-2021.10.win32_1.0.0.202111181127/tools/bin/../lib/gcc/arm-none-eabi/10.3.1/../../../../arm-none-eabi/lib/thumb/v7e-m+dp/hard\libc_nano.a(lib_a-findfp.o)
                              ./Middlewares/Third_Party/FreeRTOS/Source/tasks.o (__sf_fake_stderr)
c:/st/stm32cubeide_1.5.0/stm32cubeide/plugins/com.st.stm32cube.ide.mcu.externaltools.gnu-tools-for-stm32.10.3-2021.10.win32_1.0.0.202111181127/tools/bin/../lib/gcc/arm-none-eabi/10.3.1/../../../../arm-none-eabi/lib/thumb/v7e-m+dp/hard\libc_nano.a(lib_a-fwalk.o)
                              c:/st/stm32cubeide_1.5.0/stm32cubeide/plugins/com.st.stm32cube.ide.mcu.externaltools.gnu-tools-for-stm32.10.3-2021.10.win32_1.0.0.202111181127/tools/bin/../lib/gcc/arm-none-eabi/10.3.1/../../../../arm-none-eabi/lib/thumb/v7e-m+dp/hard\libc_nano.a(lib_a-findfp.o) (_fwalk)
c:/st/stm32cubeide_1.5.0/stm32cubeide/plugins/com.st.stm32cube.ide.mcu.externaltools.gnu-tools-for-stm32.10.3-2021.10.win32_1.0.0.202111181127/tools/bin/../lib/gcc/arm-none-eabi/10.3.1/../../../../arm-none-eabi/lib/thumb/v7e-m+dp/hard\libc_nano.a(lib_a-impure.o)
                              c:/st/stm32cubeide_1.5.0/stm32cubeide/plugins/com.st.stm32cube.ide.mcu.externaltools.gnu-tools-for-stm32.10.3-2021.10.win32_1.0.0.202111181127/tools/bin/../lib/gcc/arm-none-eabi/10.3.1/../../../../arm-none-eabi/lib/thumb/v7e-m+dp/hard\libc_nano.a(lib_a-exit.o) (_global_impure_ptr)
c:/st/stm32cubeide_1.5.0/stm32cubeide/plugins/com.st.stm32cube.ide.mcu.externaltools.gnu-tools-for-stm32.10.3-2021.10.win32_1.0.0.202111181127/tools/bin/../lib/gcc/arm-none-eabi/10.3.1/../../../../arm-none-eabi/lib/thumb/v7e-m+dp/hard\libc_nano.a(lib_a-init.o)
                              c:/st/stm32cubeide_1.5.0/stm32cubeide/plugins/com.st.stm32cube.ide.mcu.externaltools.gnu-tools-for-stm32.10.3-2021.10.win32_1.0.0.202111181127/tools/bin/../lib/gcc/arm-none-eabi/10.3.1/../../../../arm-none-eabi/lib/thumb/v7e-m+dp/hard/crt0.o (__libc_init_array)
c:/st/stm32cubeide_1.5.0/stm32cubeide/plugins/com.st.stm32cube.ide.mcu.externaltools.gnu-tools-for-stm32.10.3-2021.10.win32_1.0.0.202111181127/tools/bin/../lib/gcc/arm-none-eabi/10.3.1/../../../../arm-none-eabi/lib/thumb/v7e-m+dp/hard\libc_nano.a(lib_a-lock.o)
                              c:/st/stm32cubeide_1.5.0/stm32cubeide/plugins/com.st.stm32cube.ide.mcu.externaltools.gnu-tools-for-stm32.10.3-2021.10.win32_1.0.0.202111181127/tools/bin/../lib/gcc/arm-none-eabi/10.3.1/../../../../arm-none-eabi/lib/thumb/v7e-m+dp/hard\libc_nano.a(lib_a-findfp.o) (__retarget_lock_init_recursive)
c:/st/stm32cubeide_1.5.0/stm32cubeide/plugins/com.st.stm32cube.ide.mcu.externaltools.gnu-tools-for-stm32.10.3-2021.10.win32_1.0.0.202111181127/tools/bin/../lib/gcc/arm-none-eabi/10.3.1/../../../../arm-none-eabi/lib/thumb/v7e-m+dp/hard\libc_nano.a(lib_a-memcpy-stub.o)
                              ./Core/Src/hw/driver/flash.o (memcpy)
c:/st/stm32cubeide_1.5.0/stm32cubeide/plugins/com.st.stm32cube.ide.mcu.externaltools.gnu-tools-for-stm32.10.3-2021.10.win32_1.0.0.202111181127/tools/bin/../lib/gcc/arm-none-eabi/10.3.1/../../../../arm-none-eabi/lib/thumb/v7e-m+dp/hard\libc_nano.a(lib_a-memmove.o)
                              ./Core/Src/hw/driver/cli.o (memmove)
c:/st/stm32cubeide_1.5.0/stm32cubeide/plugins/com.st.stm32cube.ide.mcu.externaltools.gnu-tools-for-stm32.10.3-2021.10.win32_1.0.0.202111181127/tools/bin/../lib/gcc/arm-none-eabi/10.3.1/../../../../arm-none-eabi/lib/thumb/v7e-m+dp/hard\libc_nano.a(lib_a-memset.o)
                              c:/st/stm32cubeide_1.5.0/stm32cubeide/plugins/com.st.stm32cube.ide.mcu.externaltools.gnu-tools-for-stm32.10.3-2021.10.win32_1.0.0.202111181127/tools/bin/../lib/gcc/arm-none-eabi/10.3.1/../../../../arm-none-eabi/lib/thumb/v7e-m+dp/hard/crt0.o (memset)
[...]
Memory Configuration

Name             Origin             Length             Attributes
DTCMRAM          0x0000000020000000 0x0000000000020000 xrw
ITCMRAM          0x0000000000000000 0x0000000000010000 xrw
RAM_D1           0x0000000024000000 0x0000000000080000 xrw
RAM_D2           0x0000000030000000 0x0000000000048000 xrw
RAM_D3           0x0000000038000000 0x0000000000010000 xrw
FLASH1           0x0000000008000000 0x000000000000c800 xr
FLASH2           0x0000000008100000 0x0000000000080000 xr
*default*        0x0000000000000000 0xffffffffffffffff

Linker script and memory map

LOAD c:/st/stm32cubeide_1.5.0/stm32cubeide/plugins/com.st.stm32cube.ide.mcu.externaltools.gnu-tools-for-stm32.10.3-2021.10.win32_1.0.0.202111181127/tools/bin/../lib/gcc/arm-none-eabi/10.3.1/thumb/v7e-m+dp/hard/crti.o
LOAD c:/st/stm32cubeide_1.5.0/stm32cubeide/plugins/com.st.stm32cube.ide.mcu.externaltools.gnu-tools-for-stm32.10.3-2021.10.win32_1.0.0.202111181127/tools/bin/../lib/gcc/arm-none-eabi/10.3.1/thumb/v7e-m+dp/hard/crtbegin.o
LOAD c:/st/stm32cubeide_1.5.0/stm32cubeide/plugins/com.st.stm32cube.ide.mcu.externaltools.gnu-tools-for-stm32.10.3-2021.10.win32_1.0.0.202111181127/tools/bin/../lib/gcc/arm-none-eabi/10.3.1/../../../../arm-none-eabi/lib/thumb/v7e-m+dp/hard/crt0.o
LOAD ./Core/Src/bsp/bsp.o
LOAD ./Core/Src/freertos.o
LOAD ./Core/Src/main.o
LOAD ./Core/Src/stm32h7xx_hal_msp.o
LOAD ./Core/Src/stm32h7xx_hal_timebase_tim.o
LOAD ./Core/Src/stm32h7xx_it.o
LOAD ./Core/Src/syscalls.o
LOAD ./Core/Src/sysmem.o
LOAD ./Core/Src/system_stm32h7xx.o
LOAD ./Core/Src/hw/driver/cli.o
LOAD ./Core/Src/hw/driver/flash.o
LOAD ./Core/Src/hw/driver/qbuffer.o
LOAD ./Core/Src/hw/driver/uart.o
LOAD ./Core/Src/hw/hw.o
LOAD ./Core/Src/logic/Tasks.o
LOAD ./Core/Src/logic/ap.o
LOAD ./Core/Startup/startup_stm32h743zgtx.o
LOAD ./Drivers/STM32H7xx_HAL_Driver/Src/stm32h7xx_hal.o
LOAD ./Drivers/STM32H7xx_HAL_Driver/Src/stm32h7xx_hal_cortex.o
LOAD ./Drivers/STM32H7xx_HAL_Driver/Src/stm32h7xx_hal_dma.o
LOAD ./Drivers/STM32H7xx_HAL_Driver/Src/stm32h7xx_hal_dma_ex.o
LOAD ./Drivers/STM32H7xx_HAL_Driver/Src/stm32h7xx_hal_exti.o
LOAD ./Drivers/STM32H7xx_HAL_Driver/Src/stm32h7xx_hal_flash.o
LOAD ./Drivers/STM32H7xx_HAL_Driver/Src/stm32h7xx_hal_flash_ex.o
LOAD ./Drivers/STM32H7xx_HAL_Driver/Src/stm32h7xx_hal_gpio.o
LOAD ./Drivers/STM32H7xx_HAL_Driver/Src/stm32h7xx_hal_hsem.o
LOAD ./Drivers/STM32H7xx_HAL_Driver/Src/stm32h7xx_hal_i2c.o
LOAD ./Drivers/STM32H7xx_HAL_Driver/Src/stm32h7xx_hal_i2c_ex.o
LOAD ./Drivers/STM32H7xx_HAL_Driver/Src/stm32h7xx_hal_mdma.o
LOAD ./Drivers/STM32H7xx_HAL_Driver/Src/stm32h7xx_hal_pwr.o
LOAD ./Drivers/STM32H7xx_HAL_Driver/Src/stm32h7xx_hal_pwr_ex.o
LOAD ./Drivers/STM32H7xx_HAL_Driver/Src/stm32h7xx_hal_rcc.o
LOAD ./Drivers/STM32H7xx_HAL_Driver/Src/stm32h7xx_hal_rcc_ex.o
LOAD ./Drivers/STM32H7xx_HAL_Driver/Src/stm32h7xx_hal_tim.o
LOAD ./Drivers/STM32H7xx_HAL_Driver/Src/stm32h7xx_hal_tim_ex.o
LOAD ./Drivers/STM32H7xx_HAL_Driver/Src/stm32h7xx_hal_uart.o
LOAD ./Drivers/STM32H7xx_HAL_Driver/Src/stm32h7xx_hal_uart_ex.o
LOAD ./Middlewares/Third_Party/FreeRTOS/Source/CMSIS_RTOS_V2/cmsis_os2.o
LOAD ./Middlewares/Third_Party/FreeRTOS/Source/croutine.o
LOAD ./Middlewares/Third_Party/FreeRTOS/Source/event_groups.o
LOAD ./Middlewares/Third_Party/FreeRTOS/Source/list.o
LOAD ./Middlewares/Third_Party/FreeRTOS/Source/queue.o
LOAD ./Middlewares/Third_Party/FreeRTOS/Source/stream_buffer.o
LOAD ./Middlewares/Third_Party/FreeRTOS/Source/tasks.o
LOAD ./Middlewares/Third_Party/FreeRTOS/Source/timers.o
LOAD ./Middlewares/Third_Party/FreeRTOS/Source/portable/GCC/ARM_CM4F/port.o
LOAD ./Middlewares/Third_Party/FreeRTOS/Source/portable/MemMang/heap_4.o
START GROUP
LOAD c:/st/stm32cubeide_1.5.0/stm32cubeide/plugins/com.st.stm32cube.ide.mcu.externaltools.gnu-tools-for-stm32.10.3-2021.10.win32_1.0.0.202111181127/tools/bin/../lib/gcc/arm-none-eabi/10.3.1/../../../../arm-none-eabi/lib/thumb/v7e-m+dp/hard\libstdc++_nano.a
LOAD c:/st/stm32cubeide_1.5.0/stm32cubeide/plugins/com.st.stm32cube.ide.mcu.externaltools.gnu-tools-for-stm32.10.3-2021.10.win32_1.0.0.202111181127/tools/bin/../lib/gcc/arm-none-eabi/10.3.1/../../../../arm-none-eabi/lib/thumb/v7e-m+dp/hard\libsupc++_nano.a
END GROUP
LOAD c:/st/stm32cubeide_1.5.0/stm32cubeide/plugins/com.st.stm32cube.ide.mcu.externaltools.gnu-tools-for-stm32.10.3-2021.10.win32_1.0.0.202111181127/tools/bin/../lib/gcc/arm-none-eabi/10.3.1/../../../../arm-none-eabi/lib/thumb/v7e-m+dp/hard\libstdc++_nano.a
LOAD c:/st/stm32cubeide_1.5.0/stm32cubeide/plugins/com.st.stm32cube.ide.mcu.externaltools.gnu-tools-for-stm32.10.3-2021.10.win32_1.0.0.202111181127/tools/bin/../lib/gcc/arm-none-eabi/10.3.1/../../../../arm-none-eabi/lib/thumb/v7e-m+dp/hard\libm.a
LOAD c:/st/stm32cubeide_1.5.0/stm32cubeide/plugins/com.st.stm32cube.ide.mcu.externaltools.gnu-tools-for-stm32.10.3-2021.10.win32_1.0.0.202111181127/tools/bin/../lib/gcc/arm-none-eabi/10.3.1/../../../../arm-none-eabi/lib/thumb/v7e-m+dp/hard\libc_nano.a
START GROUP
LOAD c:/st/stm32cubeide_1.5.0/stm32cubeide/plugins/com.st.stm32cube.ide.mcu.externaltools.gnu-tools-for-stm32.10.3-2021.10.win32_1.0.0.202111181127/tools/bin/../lib/gcc/arm-none-eabi/10.3.1/thumb/v7e-m+dp/hard\libgcc.a
LOAD c:/st/stm32cubeide_1.5.0/stm32cubeide/plugins/com.st.stm32cube.ide.mcu.externaltools.gnu-tools-for-stm32.10.3-2021.10.win32_1.0.0.202111181127/tools/bin/../lib/gcc/arm-none-eabi/10.3.1/../../../../arm-none-eabi/lib/thumb/v7e-m+dp/hard\libc_nano.a
END GROUP
START GROUP
LOAD c:/st/stm32cubeide_1.5.0/stm32cubeide/plugins/com.st.stm32cube.ide.mcu.externaltools.gnu-tools-for-stm32.10.3-2021.10.win32_1.0.0.202111181127/tools/bin/../lib/gcc/arm-none-eabi/10.3.1/thumb/v7e-m+dp/hard\libgcc.a
LOAD c:/st/stm32cubeide_1.5.0/stm32cubeide/plugins/com.st.stm32cube.ide.mcu.externaltools.gnu-tools-for-stm32.10.3-2021.10.win32_1.0.0.202111181127/tools/bin/../lib/gcc/arm-none-eabi/10.3.1/../../../../arm-none-eabi/lib/thumb/v7e-m+dp/hard\libc_nano.a
LOAD c:/st/stm32cubeide_1.5.0/stm32cubeide/plugins/com.st.stm32cube.ide.mcu.externaltools.gnu-tools-for-stm32.10.3-2021.10.win32_1.0.0.202111181127/tools/bin/../lib/gcc/arm-none-eabi/10.3.1/../../../../arm-none-eabi/lib/thumb/v7e-m+dp/hard\libnosys.a
END GROUP
START GROUP
LOAD c:/st/stm32cubeide_1.5.0/stm32cubeide/plugins/com.st.stm32cube.ide.mcu.externaltools.gnu-tools-for-stm32.10.3-2021.10.win32_1.0.0.202111181127/tools/bin/../lib/gcc/arm-none-eabi/10.3.1/thumb/v7e-m+dp/hard\libgcc.a
LOAD c:/st/stm32cubeide_1.5.0/stm32cubeide/plugins/com.st.stm32cube.ide.mcu.externaltools.gnu-tools-for-stm32.10.3-2021.10.win32_1.0.0.202111181127/tools/bin/../lib/gcc/arm-none-eabi/10.3.1/../../../../arm-none-eabi/lib/thumb/v7e-m+dp/hard\libc_nano.a
LOAD c:/st/stm32cubeide_1.5.0/stm32cubeide/plugins/com.st.stm32cube.ide.mcu.externaltools.gnu-tools-for-stm32.10.3-2021.10.win32_1.0.0.202111181127/tools/bin/../lib/gcc/arm-none-eabi/10.3.1/../../../../arm-none-eabi/lib/thumb/v7e-m+dp/hard\libnosys.a
END GROUP
LOAD c:/st/stm32cubeide_1.5.0/stm32cubeide/plugins/com.st.stm32cube.ide.mcu.externaltools.gnu-tools-for-stm32.10.3-2021.10.win32_1.0.0.202111181127/tools/bin/../lib/gcc/arm-none-eabi/10.3.1/thumb/v7e-m+dp/hard/crtend.o
LOAD c:/st/stm32cubeide_1.5.0/stm32cubeide/plugins/com.st.stm32cube.ide.mcu.externaltools.gnu-tools-for-stm32.10.3-2021.10.win32_1.0.0.202111181127/tools/bin/../lib/gcc/arm-none-eabi/10.3.1/thumb/v7e-m+dp/hard/crtn.o
                0x0000000024080000                _estack = (ORIGIN (RAM_D1) + LENGTH (RAM_D1))
                0x0000000000000200                _Min_Heap_Size = 0x200
                0x0000000000000400                _Min_Stack_Size = 0x400

.isr_vector     0x0000000008000000      0x298
                0x0000000008000000                . = ALIGN (0x4)
 *(.isr_vector)
 .isr_vector    0x0000000008000000      0x298 ./Core/Startup/startup_stm32h743zgtx.o
                0x0000000008000000                g_pfnVectors
                0x0000000008000298                . = ALIGN (0x4)

.text           0x00000000080002a0     0xaf84
                0x00000000080002a0                . = ALIGN (0x4)
 *(.text)
 .text          0x00000000080002a0       0x40 c:/st/stm32cubeide_1.5.0/stm32cubeide/plugins/com.st.stm32cube.ide.mcu.externaltools.gnu-tools-for-stm32.10.3-2021.10.win32_1.0.0.202111181127/tools/bin/../lib/gcc/arm-none-eabi/10.3.1/thumb/v7e-m+dp/hard/crtbegin.o
 .text          0x00000000080002e0       0x14 c:/st/stm32cubeide_1.5.0/stm32cubeide/plugins/com.st.stm32cube.ide.mcu.externaltools.gnu-tools-for-stm32.10.3-2021.10.win32_1.0.0.202111181127/tools/bin/../lib/gcc/arm-none-eabi/10.3.1/../../../../arm-none-eabi/lib/thumb/v7e-m+dp/hard\libc_nano.a(lib_a-strcmp.o)
                0x00000000080002e0                strcmp
 .text          0x00000000080002f4       0x10 c:/st/stm32cubeide_1.5.0/stm32cubeide/plugins/com.st.stm32cube.ide.mcu.externaltools.gnu-tools-for-stm32.10.3-2021.10.win32_1.0.0.202111181127/tools/bin/../lib/gcc/arm-none-eabi/10.3.1/../../../../arm-none-eabi/lib/thumb/v7e-m+dp/hard\libc_nano.a(lib_a-strlen.o)
                0x00000000080002f4                strlen
 *fill*         0x0000000008000304        0xc 
 .text          0x0000000008000310       0xa0 c:/st/stm32cubeide_1.5.0/stm32cubeide/plugins/com.st.stm32cube.ide.mcu.externaltools.gnu-tools-for-stm32.10.3-2021.10.win32_1.0.0.202111181127/tools/bin/../lib/gcc/arm-none-eabi/10.3.1/../../../../arm-none-eabi/lib/thumb/v7e-m+dp/hard\libc_nano.a(lib_a-memchr.o)
                0x0000000008000310                memchr
 .text          0x00000000080003b0      0x378 c:/st/stm32cubeide_1.5.0/stm32cubeide/plugins/com.st.stm32cube.ide.mcu.externaltools.gnu-tools-for-stm32.10.3-2021.10.win32_1.0.0.202111181127/tools/bin/../lib/gcc/arm-none-eabi/10.3.1/thumb/v7e-m+dp/hard\libgcc.a(_arm_addsubdf3.o)
                0x00000000080003b0                __aeabi_drsub
                0x00000000080003b8                __aeabi_dsub
                0x00000000080003b8                __subdf3
                0x00000000080003bc                __aeabi_dadd
                0x00000000080003bc                __adddf3
                0x0000000008000634                __floatunsidf
                0x0000000008000634                __aeabi_ui2d
                0x0000000008000654                __floatsidf
                0x0000000008000654                __aeabi_i2d
                0x0000000008000678                __aeabi_f2d
                0x0000000008000678                __extendsfdf2
                0x00000000080006bc                __floatundidf
                0x00000000080006bc                __aeabi_ul2d
                0x00000000080006cc                __floatdidf
                0x00000000080006cc                __aeabi_l2d
 .text          0x0000000008000728       0x30 c:/st/stm32cubeide_1.5.0/stm32cubeide/plugins/com.st.stm32cube.ide.mcu.externaltools.gnu-tools-for-stm32.10.3-2021.10.win32_1.0.0.202111181127/tools/bin/../lib/gcc/arm-none-eabi/10.3.1/thumb/v7e-m+dp/hard\libgcc.a(_aeabi_uldivmod.o)
                0x0000000008000728                __aeabi_uldivmod
 .text          0x0000000008000758       0x30 c:/st/stm32cubeide_1.5.0/stm32cubeide/plugins/com.st.stm32cube.ide.mcu.externaltools.gnu-tools-for-stm32.10.3-2021.10.win32_1.0.0.202111181127/tools/bin/../lib/gcc/arm-none-eabi/10.3.1/thumb/v7e-m+dp/hard\libgcc.a(_fixdfdi.o)
                0x0000000008000758                __fixdfdi
                0x0000000008000758                __aeabi_d2lz
 .text          0x0000000008000788       0x40 c:/st/stm32cubeide_1.5.0/stm32cubeide/plugins/com.st.stm32cube.ide.mcu.externaltools.gnu-tools-for-stm32.10.3-2021.10.win32_1.0.0.202111181127/tools/bin/../lib/gcc/arm-none-eabi/10.3.1/thumb/v7e-m+dp/hard\libgcc.a(_fixunsdfdi.o)
                0x0000000008000788                __fixunsdfdi
                0x0000000008000788                __aeabi_d2ulz
 .text          0x00000000080007c8      0x2d0 c:/st/stm32cubeide_1.5.0/stm32cubeide/plugins/com.st.stm32cube.ide.mcu.externaltools.gnu-tools-for-stm32.10.3-2021.10.win32_1.0.0.202111181127/tools/bin/../lib/gcc/arm-none-eabi/10.3.1/thumb/v7e-m+dp/hard\libgcc.a(_udivmoddi4.o)
                0x00000000080007c8                __udivmoddi4
 .text          0x0000000008000a98        0x4 c:/st/stm32cubeide_1.5.0/stm32cubeide/plugins/com.st.stm32cube.ide.mcu.externaltools.gnu-tools-for-stm32.10.3-2021.10.win32_1.0.0.202111181127/tools/bin/../lib/gcc/arm-none-eabi/10.3.1/thumb/v7e-m+dp/hard\libgcc.a(_dvmd_tls.o)
                0x0000000008000a98                __aeabi_idiv0
                0x0000000008000a98                __aeabi_ldiv0
 *(.text*)
 .text._Z7bspInitv
                0x0000000008000a9c        0x2 ./Core/Src/bsp/bsp.o
                0x0000000008000a9c                bspInit()
 .text.__io_putchar
                0x0000000008000a9e       0x16 ./Core/Src/bsp/bsp.o
                0x0000000008000a9e                __io_putchar
 .text.SystemClock_Config
                0x0000000008000ab4       0xbc ./Core/Src/main.o
                0x0000000008000ab4                SystemClock_Config
 .text.startup.main
                0x0000000008000b70      0x328 ./Core/Src/main.o
                0x0000000008000b70                main
 .text.HAL_TIM_PeriodElapsedCallback
                0x0000000008000e98       0x14 ./Core/Src/main.o
                0x0000000008000e98                HAL_TIM_PeriodElapsedCallback
 .text.Error_Handler
                0x0000000008000eac        0x4 ./Core/Src/main.o
                0x0000000008000eac                Error_Handler
 .text.HAL_MspInit
                0x0000000008000eb0       0x30 ./Core/Src/stm32h7xx_hal_msp.o
                0x0000000008000eb0                HAL_MspInit
 .text.HAL_UART_MspInit
                0x0000000008000ee0      0x334 ./Core/Src/stm32h7xx_hal_msp.o
                0x0000000008000ee0                HAL_UART_MspInit
 .text.HAL_InitTick
                0x0000000008001214       0x90 ./Core/Src/stm32h7xx_hal_timebase_tim.o
                0x0000000008001214                HAL_InitTick
 .text.NMI_Handler
                0x00000000080012a4        0x2 ./Core/Src/stm32h7xx_it.o
                0x00000000080012a4                NMI_Handler
 .text.HardFault_Handler
                0x00000000080012a6        0x2 ./Core/Src/stm32h7xx_it.o
                0x00000000080012a6                HardFault_Handler
 .text.MemManage_Handler
                0x00000000080012a8        0x2 ./Core/Src/stm32h7xx_it.o
                0x00000000080012a8                MemManage_Handler
 .text.BusFault_Handler
                0x00000000080012aa        0x2 ./Core/Src/stm32h7xx_it.o
                0x00000000080012aa                BusFault_Handler
 .text.UsageFault_Handler
                0x00000000080012ac        0x2 ./Core/Src/stm32h7xx_it.o
                0x00000000080012ac                UsageFault_Handler
 .text.DebugMon_Handler
                0x00000000080012ae        0x2 ./Core/Src/stm32h7xx_it.o
                0x00000000080012ae                DebugMon_Handler
 .text.DMA1_Stream0_IRQHandler
                0x00000000080012b0        0xc ./Core/Src/stm32h7xx_it.o
                0x00000000080012b0                DMA1_Stream0_IRQHandler
 .text.TIM1_UP_IRQHandler
                0x00000000080012bc        0xc ./Core/Src/stm32h7xx_it.o
                0x00000000080012bc                TIM1_UP_IRQHandler
 .text.USART1_IRQHandler
                0x00000000080012c8        0xc ./Core/Src/stm32h7xx_it.o
                0x00000000080012c8                USART1_IRQHandler
 .text.UART5_IRQHandler
                0x00000000080012d4        0xc ./Core/Src/stm32h7xx_it.o
                0x00000000080012d4                UART5_IRQHandler
 .text.DMA2_Stream2_IRQHandler
                0x00000000080012e0        0xc ./Core/Src/stm32h7xx_it.o
                0x00000000080012e0                DMA2_Stream2_IRQHandler
 .text.USART6_IRQHandler
                0x00000000080012ec        0xc ./Core/Src/stm32h7xx_it.o
                0x00000000080012ec                USART6_IRQHandler
 .text.UART8_IRQHandler
                0x00000000080012f8        0xc ./Core/Src/stm32h7xx_it.o
                0x00000000080012f8                UART8_IRQHandler
 .text._getpid  0x0000000008001304        0x4 ./Core/Src/syscalls.o
                0x0000000008001304                _getpid
 .text._kill    0x0000000008001308       0x10 ./Core/Src/syscalls.o
                0x0000000008001308                _kill
 .text._exit    0x0000000008001318        0xc ./Core/Src/syscalls.o
                0x0000000008001318                _exit
 .text._read    0x0000000008001324       0x1c ./Core/Src/syscalls.o
                0x0000000008001324                _read
 .text._write   0x0000000008001340       0x1c ./Core/Src/syscalls.o
                0x0000000008001340                _write
 .text._close   0x000000000800135c        0x6 ./Core/Src/syscalls.o
                0x000000000800135c                _close
 .text._fstat   0x0000000008001362        0xa ./Core/Src/syscalls.o
                0x0000000008001362                _fstat
 .text._isatty  0x000000000800136c        0x4 ./Core/Src/syscalls.o
                0x000000000800136c                _isatty
 .text._lseek   0x0000000008001370        0x4 ./Core/Src/syscalls.o
                0x0000000008001370                _lseek
 .text._sbrk    0x0000000008001374       0x40 ./Core/Src/sysmem.o
                0x0000000008001374                _sbrk
 .text.SystemInit
                0x00000000080013b4       0xc8 ./Core/Src/system_stm32h7xx.o
                0x00000000080013b4                SystemInit
 .text.cliToUpper
                0x000000000800147c       0x26 ./Core/Src/hw/driver/cli.o
 *fill*         0x00000000080014a2        0x2 
 .text.cliArgsGetStr
                0x00000000080014a4       0x1c ./Core/Src/hw/driver/cli.o
 .text.cliArgsIsStr
                0x00000000080014c0       0x2c ./Core/Src/hw/driver/cli.o
 .text.cliArgsGetFloat
                0x00000000080014ec       0x28 ./Core/Src/hw/driver/cli.o
 .text.cliArgsGetData
                0x0000000008001514       0x24 ./Core/Src/hw/driver/cli.o
 .text.cliLineChange.constprop.0
                0x0000000008001538       0xa8 ./Core/Src/hw/driver/cli.o
 .text.cliOpen  0x00000000080015e0       0x14 ./Core/Src/hw/driver/cli.o
                0x00000000080015e0                cliOpen
 .text.cliOpenLog
                0x00000000080015f4       0x18 ./Core/Src/hw/driver/cli.o
                0x00000000080015f4                cliOpenLog
 .text.cliShowLog
                0x000000000800160c       0xb8 ./Core/Src/hw/driver/cli.o
                0x000000000800160c                cliShowLog
 .text.cliPrintf
                0x00000000080016c4       0x34 ./Core/Src/hw/driver/cli.o
                0x00000000080016c4                cliPrintf
 .text.cliShowList
                0x00000000080016f8       0x4c ./Core/Src/hw/driver/cli.o
                0x00000000080016f8                cliShowList
 .text.cliMemoryDump
                0x0000000008001744       0xe0 ./Core/Src/hw/driver/cli.o
                0x0000000008001744                cliMemoryDump
 .text.cliMain  0x0000000008001824      0x3d0 ./Core/Src/hw/driver/cli.o
                0x0000000008001824                cliMain
 .text.cliAdd   0x0000000008001bf4       0x40 ./Core/Src/hw/driver/cli.o
                0x0000000008001bf4                cliAdd
 .text.cliInit  0x0000000008001c34       0x6c ./Core/Src/hw/driver/cli.o
                0x0000000008001c34                cliInit
 .text.qbufferCreate
                0x0000000008001ca0        0xe ./Core/Src/hw/driver/qbuffer.o
                0x0000000008001ca0                qbufferCreate
 .text.qbufferWrite
                0x0000000008001cae       0x32 ./Core/Src/hw/driver/qbuffer.o
                0x0000000008001cae                qbufferWrite
 .text.qbufferRead
                0x0000000008001ce0       0x34 ./Core/Src/hw/driver/qbuffer.o
                0x0000000008001ce0                qbufferRead
 .text.qbufferAvailable
                0x0000000008001d14       0x14 ./Core/Src/hw/driver/qbuffer.o
                0x0000000008001d14                qbufferAvailable
 .text.uartInit
                0x0000000008001d28        0x4 ./Core/Src/hw/driver/uart.o
                0x0000000008001d28                uartInit
 .text.uartOpen
                0x0000000008001d2c       0x88 ./Core/Src/hw/driver/uart.o
                0x0000000008001d2c                uartOpen
 .text.uartAvailable
                0x0000000008001db4       0x28 ./Core/Src/hw/driver/uart.o
                0x0000000008001db4                uartAvailable
 .text.uartRead
                0x0000000008001ddc       0x3c ./Core/Src/hw/driver/uart.o
                0x0000000008001ddc                uartRead
 .text.HAL_UART_RxCpltCallback
                0x0000000008001e18       0x34 ./Core/Src/hw/driver/uart.o
                0x0000000008001e18                HAL_UART_RxCpltCallback
 .text.uartWrite
                0x0000000008001e4c       0x30 ./Core/Src/hw/driver/uart.o
                0x0000000008001e4c                uartWrite
 .text.uartPrintf
                0x0000000008001e7c       0x30 ./Core/Src/hw/driver/uart.o
                0x0000000008001e7c                uartPrintf
 .text._Z6hwInitv
                0x0000000008001eac        0xe ./Core/Src/hw/hw.o
                0x0000000008001eac                hwInit()
 *fill*         0x0000000008001eba        0x2 
 .text.DebugTask
                0x0000000008001ebc       0x24 ./Core/Src/logic/Tasks.o
                0x0000000008001ebc                DebugTask
 .text.MainTask
                0x0000000008001ee0        0x2 ./Core/Src/logic/Tasks.o
                0x0000000008001ee0                MainTask
 .text.SensingTask
                0x0000000008001ee2        0x2 ./Core/Src/logic/Tasks.o
                0x0000000008001ee2                SensingTask
 .text._Z6apInitv
                0x0000000008001ee4       0x2e ./Core/Src/logic/ap.o
                0x0000000008001ee4                apInit()
 .text._Z6apMainv
                0x0000000008001f12       0x20 ./Core/Src/logic/ap.o
                0x0000000008001f12                apMain()
 *fill*         0x0000000008001f32        0x2 
 .text.Reset_Handler
                0x0000000008001f34       0x50 ./Core/Startup/startup_stm32h743zgtx.o
                0x0000000008001f34                Reset_Handler
 .text.Default_Handler
                0x0000000008001f84        0x2 ./Core/Startup/startup_stm32h743zgtx.o
                0x0000000008001f84                RTC_Alarm_IRQHandler
                0x0000000008001f84                EXTI2_IRQHandler
                0x0000000008001f84                TIM8_CC_IRQHandler
                0x0000000008001f84                HRTIM1_Master_IRQHandler
                0x0000000008001f84                SPI4_IRQHandler
                0x0000000008001f84                TIM1_CC_IRQHandler
                0x0000000008001f84                BDMA_Channel6_IRQHandler
                0x0000000008001f84                DMA2_Stream5_IRQHandler
                0x0000000008001f84                HRTIM1_FLT_IRQHandler
                0x0000000008001f84                JPEG_IRQHandler
                0x0000000008001f84                DMA1_Stream5_IRQHandler
                0x0000000008001f84                BDMA_Channel1_IRQHandler
                0x0000000008001f84                HRTIM1_TIMD_IRQHandler
                0x0000000008001f84                TAMP_STAMP_IRQHandler
                0x0000000008001f84                EXTI3_IRQHandler
                0x0000000008001f84                LPTIM4_IRQHandler
                0x0000000008001f84                TIM8_TRG_COM_TIM14_IRQHandler
                0x0000000008001f84                LPTIM2_IRQHandler
                0x0000000008001f84                DFSDM1_FLT1_IRQHandler
                0x0000000008001f84                DMAMUX2_OVR_IRQHandler
                0x0000000008001f84                TIM8_UP_TIM13_IRQHandler
                0x0000000008001f84                I2C3_ER_IRQHandler
                0x0000000008001f84                DFSDM1_FLT2_IRQHandler
                0x0000000008001f84                MDMA_IRQHandler
                0x0000000008001f84                LPTIM3_IRQHandler
                0x0000000008001f84                HSEM1_IRQHandler
                0x0000000008001f84                EXTI0_IRQHandler
                0x0000000008001f84                I2C2_EV_IRQHandler
                0x0000000008001f84                DMA1_Stream2_IRQHandler
                0x0000000008001f84                FPU_IRQHandler
                0x0000000008001f84                OTG_HS_WKUP_IRQHandler
                0x0000000008001f84                FDCAN1_IT1_IRQHandler
                0x0000000008001f84                LTDC_ER_IRQHandler
                0x0000000008001f84                HRTIM1_TIME_IRQHandler
                0x0000000008001f84                SPI1_IRQHandler
                0x0000000008001f84                TIM6_DAC_IRQHandler
                0x0000000008001f84                DCMI_IRQHandler
                0x0000000008001f84                HRTIM1_TIMC_IRQHandler
                0x0000000008001f84                DMA2_Stream3_IRQHandler
                0x0000000008001f84                SAI2_IRQHandler
                0x0000000008001f84                DFSDM1_FLT3_IRQHandler
                0x0000000008001f84                TIM17_IRQHandler
                0x0000000008001f84                USART3_IRQHandler
                0x0000000008001f84                BDMA_Channel7_IRQHandler
                0x0000000008001f84                LPTIM5_IRQHandler
                0x0000000008001f84                ADC3_IRQHandler
                0x0000000008001f84                DMA2_Stream0_IRQHandler
                0x0000000008001f84                TIM4_IRQHandler
                0x0000000008001f84                BDMA_Channel2_IRQHandler
                0x0000000008001f84                QUADSPI_IRQHandler
                0x0000000008001f84                I2C1_EV_IRQHandler
                0x0000000008001f84                DMA1_Stream6_IRQHandler
                0x0000000008001f84                DMAMUX1_OVR_IRQHandler
                0x0000000008001f84                DMA1_Stream1_IRQHandler
                0x0000000008001f84                TIM16_IRQHandler
                0x0000000008001f84                UART4_IRQHandler
                0x0000000008001f84                BDMA_Channel5_IRQHandler
                0x0000000008001f84                TIM3_IRQHandler
                0x0000000008001f84                RCC_IRQHandler
                0x0000000008001f84                TIM8_BRK_TIM12_IRQHandler
                0x0000000008001f84                TIM1_TRG_COM_IRQHandler
                0x0000000008001f84                Default_Handler
                0x0000000008001f84                ECC_IRQHandler
                0x0000000008001f84                CEC_IRQHandler
                0x0000000008001f84                EXTI15_10_IRQHandler
                0x0000000008001f84                BDMA_Channel0_IRQHandler
                0x0000000008001f84                ADC_IRQHandler
                0x0000000008001f84                DMA1_Stream7_IRQHandler
                0x0000000008001f84                HRTIM1_TIMA_IRQHandler
                0x0000000008001f84                SPI5_IRQHandler
                0x0000000008001f84                TIM7_IRQHandler
                0x0000000008001f84                SDMMC1_IRQHandler
                0x0000000008001f84                TIM5_IRQHandler
                0x0000000008001f84                DMA2_Stream7_IRQHandler
                0x0000000008001f84                TIM15_IRQHandler
                0x0000000008001f84                PVD_AVD_IRQHandler
                0x0000000008001f84                I2C3_EV_IRQHandler
                0x0000000008001f84                EXTI9_5_IRQHandler
                0x0000000008001f84                RTC_WKUP_IRQHandler
                0x0000000008001f84                LTDC_IRQHandler
                0x0000000008001f84                SAI3_IRQHandler
                0x0000000008001f84                ETH_WKUP_IRQHandler
                0x0000000008001f84                SPDIF_RX_IRQHandler
                0x0000000008001f84                SPI2_IRQHandler
                0x0000000008001f84                OTG_HS_EP1_IN_IRQHandler
                0x0000000008001f84                CRS_IRQHandler
                0x0000000008001f84                EXTI4_IRQHandler
                0x0000000008001f84                RNG_IRQHandler
                0x0000000008001f84                HRTIM1_TIMB_IRQHandler
                0x0000000008001f84                FDCAN2_IT1_IRQHandler
                0x0000000008001f84                ETH_IRQHandler
                0x0000000008001f84                BDMA_Channel4_IRQHandler
                0x0000000008001f84                OTG_HS_EP1_OUT_IRQHandler
                0x0000000008001f84                WWDG_IRQHandler
                0x0000000008001f84                SPI6_IRQHandler
                0x0000000008001f84                MDIOS_IRQHandler
                0x0000000008001f84                I2C4_EV_IRQHandler
                0x0000000008001f84                FDCAN2_IT0_IRQHandler
                0x0000000008001f84                LPUART1_IRQHandler
                0x0000000008001f84                FDCAN1_IT0_IRQHandler
                0x0000000008001f84                TIM2_IRQHandler
                0x0000000008001f84                OTG_FS_WKUP_IRQHandler
                0x0000000008001f84                OTG_HS_IRQHandler
                0x0000000008001f84                DMA2D_IRQHandler
                0x0000000008001f84                TIM1_BRK_IRQHandler
                0x0000000008001f84                EXTI1_IRQHandler
                0x0000000008001f84                SDMMC2_IRQHandler
                0x0000000008001f84                OTG_FS_EP1_OUT_IRQHandler
                0x0000000008001f84                BDMA_Channel3_IRQHandler
                0x0000000008001f84                UART7_IRQHandler
                0x0000000008001f84                MDIOS_WKUP_IRQHandler
                0x0000000008001f84                USART2_IRQHandler
                0x0000000008001f84                DFSDM1_FLT0_IRQHandler
                0x0000000008001f84                SAI4_IRQHandler
                0x0000000008001f84                I2C2_ER_IRQHandler
                0x0000000008001f84                DMA2_Stream1_IRQHandler
                0x0000000008001f84                FLASH_IRQHandler
                0x0000000008001f84                DMA2_Stream4_IRQHandler
                0x0000000008001f84                OTG_FS_IRQHandler
                0x0000000008001f84                SPI3_IRQHandler
                0x0000000008001f84                WAKEUP_PIN_IRQHandler
                0x0000000008001f84                DMA1_Stream4_IRQHandler
                0x0000000008001f84                OTG_FS_EP1_IN_IRQHandler
                0x0000000008001f84                I2C1_ER_IRQHandler
                0x0000000008001f84                FMC_IRQHandler
                0x0000000008001f84                FDCAN_CAL_IRQHandler
                0x0000000008001f84                SWPMI1_IRQHandler
                0x0000000008001f84                COMP1_IRQHandler
                0x0000000008001f84                LPTIM1_IRQHandler
                0x0000000008001f84                I2C4_ER_IRQHandler
                0x0000000008001f84                DMA2_Stream6_IRQHandler
                0x0000000008001f84                SAI1_IRQHandler
                0x0000000008001f84                DMA1_Stream3_IRQHandler
 *fill*         0x0000000008001f86        0x2 
 .text.HAL_Init
                0x0000000008001f88       0x5c ./Drivers/STM32H7xx_HAL_Driver/Src/stm32h7xx_hal.o
                0x0000000008001f88                HAL_Init
 .text.HAL_IncTick
                0x0000000008001fe4       0x18 ./Drivers/STM32H7xx_HAL_Driver/Src/stm32h7xx_hal.o
                0x0000000008001fe4                HAL_IncTick
 .text.HAL_GetTick
                0x0000000008001ffc        0xc ./Drivers/STM32H7xx_HAL_Driver/Src/stm32h7xx_hal.o
                0x0000000008001ffc                HAL_GetTick
 .text.HAL_GetREVID
                0x0000000008002008        0xc ./Drivers/STM32H7xx_HAL_Driver/Src/stm32h7xx_hal.o
                0x0000000008002008                HAL_GetREVID
 .text.HAL_NVIC_SetPriorityGrouping
                0x0000000008002014       0x24 ./Drivers/STM32H7xx_HAL_Driver/Src/stm32h7xx_hal_cortex.o
                0x0000000008002014                HAL_NVIC_SetPriorityGrouping
 .text.HAL_NVIC_SetPriority
                0x0000000008002038       0x64 ./Drivers/STM32H7xx_HAL_Driver/Src/stm32h7xx_hal_cortex.o
                0x0000000008002038                HAL_NVIC_SetPriority
 .text.HAL_NVIC_EnableIRQ
                0x000000000800209c       0x1c ./Drivers/STM32H7xx_HAL_Driver/Src/stm32h7xx_hal_cortex.o
                0x000000000800209c                HAL_NVIC_EnableIRQ
 .text.DMA_SetConfig
                0x00000000080020b8      0x184 ./Drivers/STM32H7xx_HAL_Driver/Src/stm32h7xx_hal_dma.o
 .text.DMA_CalcBaseAndBitshift
                0x000000000800223c       0x9c ./Drivers/STM32H7xx_HAL_Driver/Src/stm32h7xx_hal_dma.o
 .text.DMA_CalcDMAMUXChannelBaseAndMask
                0x00000000080022d8       0x90 ./Drivers/STM32H7xx_HAL_Driver/Src/stm32h7xx_hal_dma.o
 .text.DMA_CalcDMAMUXRequestGenBaseAndMask
                0x0000000008002368       0x70 ./Drivers/STM32H7xx_HAL_Driver/Src/stm32h7xx_hal_dma.o
 .text.HAL_DMA_Init
                0x00000000080023d8      0x384 ./Drivers/STM32H7xx_HAL_Driver/Src/stm32h7xx_hal_dma.o
                0x00000000080023d8                HAL_DMA_Init
 .text.HAL_DMA_Start_IT
                0x000000000800275c      0x238 ./Drivers/STM32H7xx_HAL_Driver/Src/stm32h7xx_hal_dma.o
                0x000000000800275c                HAL_DMA_Start_IT
 .text.HAL_DMA_Abort
                0x0000000008002994      0x34c ./Drivers/STM32H7xx_HAL_Driver/Src/stm32h7xx_hal_dma.o
                0x0000000008002994                HAL_DMA_Abort
 .text.HAL_DMA_Abort_IT
                0x0000000008002ce0      0x168 ./Drivers/STM32H7xx_HAL_Driver/Src/stm32h7xx_hal_dma.o
                0x0000000008002ce0                HAL_DMA_Abort_IT
 .text.HAL_DMA_IRQHandler
                0x0000000008002e48      0x54c ./Drivers/STM32H7xx_HAL_Driver/Src/stm32h7xx_hal_dma.o
                0x0000000008002e48                HAL_DMA_IRQHandler
 .text.HAL_GPIO_Init
                0x0000000008003394      0x1d8 ./Drivers/STM32H7xx_HAL_Driver/Src/stm32h7xx_hal_gpio.o
                0x0000000008003394                HAL_GPIO_Init
 .text.HAL_PWREx_ConfigSupply
                0x000000000800356c       0x48 ./Drivers/STM32H7xx_HAL_Driver/Src/stm32h7xx_hal_pwr_ex.o
                0x000000000800356c                HAL_PWREx_ConfigSupply
 .text.HAL_RCC_OscConfig
                0x00000000080035b4      0x524 ./Drivers/STM32H7xx_HAL_Driver/Src/stm32h7xx_hal_rcc.o
                0x00000000080035b4                HAL_RCC_OscConfig
 .text.HAL_RCC_GetSysClockFreq
                0x0000000008003ad8      0x140 ./Drivers/STM32H7xx_HAL_Driver/Src/stm32h7xx_hal_rcc.o
                0x0000000008003ad8                HAL_RCC_GetSysClockFreq
 .text.HAL_RCC_ClockConfig
                0x0000000008003c18      0x24c ./Drivers/STM32H7xx_HAL_Driver/Src/stm32h7xx_hal_rcc.o
                0x0000000008003c18                HAL_RCC_ClockConfig
 .text.HAL_RCC_GetHCLKFreq
                0x0000000008003e64       0x44 ./Drivers/STM32H7xx_HAL_Driver/Src/stm32h7xx_hal_rcc.o
                0x0000000008003e64                HAL_RCC_GetHCLKFreq
 .text.HAL_RCC_GetPCLK1Freq
                0x0000000008003ea8       0x24 ./Drivers/STM32H7xx_HAL_Driver/Src/stm32h7xx_hal_rcc.o
                0x0000000008003ea8                HAL_RCC_GetPCLK1Freq
 .text.HAL_RCC_GetPCLK2Freq
                0x0000000008003ecc       0x24 ./Drivers/STM32H7xx_HAL_Driver/Src/stm32h7xx_hal_rcc.o
                0x0000000008003ecc                HAL_RCC_GetPCLK2Freq
 .text.HAL_RCC_GetClockConfig
                0x0000000008003ef0       0x54 ./Drivers/STM32H7xx_HAL_Driver/Src/stm32h7xx_hal_rcc.o
                0x0000000008003ef0                HAL_RCC_GetClockConfig
 .text.RCCEx_PLL2_Config
                0x0000000008003f44       0xf0 ./Drivers/STM32H7xx_HAL_Driver/Src/stm32h7xx_hal_rcc_ex.o
 .text.RCCEx_PLL3_Config
                0x0000000008004034       0xf0 ./Drivers/STM32H7xx_HAL_Driver/Src/stm32h7xx_hal_rcc_ex.o
 .text.HAL_RCCEx_PeriphCLKConfig
                0x0000000008004124      0x96c ./Drivers/STM32H7xx_HAL_Driver/Src/stm32h7xx_hal_rcc_ex.o
                0x0000000008004124                HAL_RCCEx_PeriphCLKConfig
 .text.HAL_RCCEx_GetD3PCLK1Freq
                0x0000000008004a90       0x24 ./Drivers/STM32H7xx_HAL_Driver/Src/stm32h7xx_hal_rcc_ex.o
                0x0000000008004a90                HAL_RCCEx_GetD3PCLK1Freq
 .text.HAL_RCCEx_GetPLL2ClockFreq
                0x0000000008004ab4      0x150 ./Drivers/STM32H7xx_HAL_Driver/Src/stm32h7xx_hal_rcc_ex.o
                0x0000000008004ab4                HAL_RCCEx_GetPLL2ClockFreq
 .text.HAL_RCCEx_GetPLL3ClockFreq
                0x0000000008004c04      0x150 ./Drivers/STM32H7xx_HAL_Driver/Src/stm32h7xx_hal_rcc_ex.o
                0x0000000008004c04                HAL_RCCEx_GetPLL3ClockFreq
 .text.HAL_TIM_Base_MspInit
                0x0000000008004d54        0x2 ./Drivers/STM32H7xx_HAL_Driver/Src/stm32h7xx_hal_tim.o
                0x0000000008004d54                HAL_TIM_Base_MspInit
 *fill*         0x0000000008004d56        0x2 
 .text.HAL_TIM_Base_Start_IT
                0x0000000008004d58       0x7c ./Drivers/STM32H7xx_HAL_Driver/Src/stm32h7xx_hal_tim.o
                0x0000000008004d58                HAL_TIM_Base_Start_IT
 .text.HAL_TIM_OC_DelayElapsedCallback
                0x0000000008004dd4        0x2 ./Drivers/STM32H7xx_HAL_Driver/Src/stm32h7xx_hal_tim.o
                0x0000000008004dd4                HAL_TIM_OC_DelayElapsedCallback
 .text.HAL_TIM_IC_CaptureCallback
                0x0000000008004dd6        0x2 ./Drivers/STM32H7xx_HAL_Driver/Src/stm32h7xx_hal_tim.o
                0x0000000008004dd6                HAL_TIM_IC_CaptureCallback
 .text.HAL_TIM_PWM_PulseFinishedCallback
                0x0000000008004dd8        0x2 ./Drivers/STM32H7xx_HAL_Driver/Src/stm32h7xx_hal_tim.o
                0x0000000008004dd8                HAL_TIM_PWM_PulseFinishedCallback
 .text.HAL_TIM_TriggerCallback
                0x0000000008004dda        0x2 ./Drivers/STM32H7xx_HAL_Driver/Src/stm32h7xx_hal_tim.o
                0x0000000008004dda                HAL_TIM_TriggerCallback
 .text.HAL_TIM_IRQHandler
                0x0000000008004ddc      0x160 ./Drivers/STM32H7xx_HAL_Driver/Src/stm32h7xx_hal_tim.o
                0x0000000008004ddc                HAL_TIM_IRQHandler
 .text.TIM_Base_SetConfig
                0x0000000008004f3c       0xcc ./Drivers/STM32H7xx_HAL_Driver/Src/stm32h7xx_hal_tim.o
                0x0000000008004f3c                TIM_Base_SetConfig
 .text.HAL_TIM_Base_Init
                0x0000000008005008       0x60 ./Drivers/STM32H7xx_HAL_Driver/Src/stm32h7xx_hal_tim.o
                0x0000000008005008                HAL_TIM_Base_Init
 .text.HAL_TIMEx_CommutCallback
                0x0000000008005068        0x2 ./Drivers/STM32H7xx_HAL_Driver/Src/stm32h7xx_hal_tim_ex.o
                0x0000000008005068                HAL_TIMEx_CommutCallback
 .text.HAL_TIMEx_BreakCallback
                0x000000000800506a        0x2 ./Drivers/STM32H7xx_HAL_Driver/Src/stm32h7xx_hal_tim_ex.o
                0x000000000800506a                HAL_TIMEx_BreakCallback
 .text.HAL_TIMEx_Break2Callback
                0x000000000800506c        0x2 ./Drivers/STM32H7xx_HAL_Driver/Src/stm32h7xx_hal_tim_ex.o
                0x000000000800506c                HAL_TIMEx_Break2Callback
 .text.UART_EndTxTransfer
                0x000000000800506e       0x34 ./Drivers/STM32H7xx_HAL_Driver/Src/stm32h7xx_hal_uart.o
 *fill*         0x00000000080050a2        0x2 
 .text.UART_EndRxTransfer
                0x00000000080050a4       0x58 ./Drivers/STM32H7xx_HAL_Driver/Src/stm32h7xx_hal_uart.o
 .text.HAL_UART_TxCpltCallback
                0x00000000080050fc        0x2 ./Drivers/STM32H7xx_HAL_Driver/Src/stm32h7xx_hal_uart.o
                0x00000000080050fc                HAL_UART_TxCpltCallback
 .text.HAL_UART_RxHalfCpltCallback
                0x00000000080050fe        0x2 ./Drivers/STM32H7xx_HAL_Driver/Src/stm32h7xx_hal_uart.o
                0x00000000080050fe                HAL_UART_RxHalfCpltCallback
 .text.HAL_UART_ErrorCallback
                0x0000000008005100        0x2 ./Drivers/STM32H7xx_HAL_Driver/Src/stm32h7xx_hal_uart.o
                0x0000000008005100                HAL_UART_ErrorCallback
 .text.UART_DMAError
                0x0000000008005102       0x4a ./Drivers/STM32H7xx_HAL_Driver/Src/stm32h7xx_hal_uart.o
 .text.UART_DMAAbortOnError
                0x000000000800514c       0x14 ./Drivers/STM32H7xx_HAL_Driver/Src/stm32h7xx_hal_uart.o
 .text.HAL_UARTEx_RxEventCallback
                0x0000000008005160        0x2 ./Drivers/STM32H7xx_HAL_Driver/Src/stm32h7xx_hal_uart.o
                0x0000000008005160                HAL_UARTEx_RxEventCallback
 *fill*         0x0000000008005162        0x2 
 .text.HAL_UART_IRQHandler
                0x0000000008005164      0x338 ./Drivers/STM32H7xx_HAL_Driver/Src/stm32h7xx_hal_uart.o
                0x0000000008005164                HAL_UART_IRQHandler
 .text.UART_RxISR_8BIT
                0x000000000800549c       0xa2 ./Drivers/STM32H7xx_HAL_Driver/Src/stm32h7xx_hal_uart.o
 .text.UART_RxISR_16BIT
                0x000000000800553e       0x9c ./Drivers/STM32H7xx_HAL_Driver/Src/stm32h7xx_hal_uart.o
 *fill*         0x00000000080055da        0x2 
 .text.UART_RxISR_8BIT_FIFOEN
                0x00000000080055dc      0x17c ./Drivers/STM32H7xx_HAL_Driver/Src/stm32h7xx_hal_uart.o
 .text.UART_RxISR_16BIT_FIFOEN
                0x0000000008005758      0x178 ./Drivers/STM32H7xx_HAL_Driver/Src/stm32h7xx_hal_uart.o
 .text.UART_DMARxHalfCplt
                0x00000000080058d0       0x1c ./Drivers/STM32H7xx_HAL_Driver/Src/stm32h7xx_hal_uart.o
 .text.UART_DMAReceiveCplt
                0x00000000080058ec       0x8a ./Drivers/STM32H7xx_HAL_Driver/Src/stm32h7xx_hal_uart.o
 *fill*         0x0000000008005976        0x2 
 .text.UART_SetConfig
                0x0000000008005978      0x38c ./Drivers/STM32H7xx_HAL_Driver/Src/stm32h7xx_hal_uart.o
                0x0000000008005978                UART_SetConfig
 .text.UART_AdvFeatureConfig
                0x0000000008005d04       0xaa ./Drivers/STM32H7xx_HAL_Driver/Src/stm32h7xx_hal_uart.o
                0x0000000008005d04                UART_AdvFeatureConfig
 .text.UART_WaitOnFlagUntilTimeout
                0x0000000008005dae       0xc4 ./Drivers/STM32H7xx_HAL_Driver/Src/stm32h7xx_hal_uart.o
                0x0000000008005dae                UART_WaitOnFlagUntilTimeout
 .text.HAL_UART_Transmit
                0x0000000008005e72       0xba ./Drivers/STM32H7xx_HAL_Driver/Src/stm32h7xx_hal_uart.o
                0x0000000008005e72                HAL_UART_Transmit
 .text.UART_CheckIdleState
                0x0000000008005f2c       0x6a ./Drivers/STM32H7xx_HAL_Driver/Src/stm32h7xx_hal_uart.o
                0x0000000008005f2c                UART_CheckIdleState
 .text.HAL_UART_Init
                0x0000000008005f96       0x60 ./Drivers/STM32H7xx_HAL_Driver/Src/stm32h7xx_hal_uart.o
                0x0000000008005f96                HAL_UART_Init
 *fill*         0x0000000008005ff6        0x2 
 .text.UART_Start_Receive_IT
                0x0000000008005ff8      0x124 ./Drivers/STM32H7xx_HAL_Driver/Src/stm32h7xx_hal_uart.o
                0x0000000008005ff8                UART_Start_Receive_IT
 .text.HAL_UART_Receive_IT
                0x000000000800611c       0x54 ./Drivers/STM32H7xx_HAL_Driver/Src/stm32h7xx_hal_uart.o
                0x000000000800611c                HAL_UART_Receive_IT
 .text.UART_Start_Receive_DMA
                0x0000000008006170       0xa8 ./Drivers/STM32H7xx_HAL_Driver/Src/stm32h7xx_hal_uart.o
                0x0000000008006170                UART_Start_Receive_DMA
 .text.HAL_UART_Receive_DMA
                0x0000000008006218       0x54 ./Drivers/STM32H7xx_HAL_Driver/Src/stm32h7xx_hal_uart.o
                0x0000000008006218                HAL_UART_Receive_DMA
 .text.UARTEx_SetNbDataToProcess
                0x000000000800626c       0x44 ./Drivers/STM32H7xx_HAL_Driver/Src/stm32h7xx_hal_uart_ex.o
 .text.HAL_UARTEx_WakeupCallback
                0x00000000080062b0        0x2 ./Drivers/STM32H7xx_HAL_Driver/Src/stm32h7xx_hal_uart_ex.o
                0x00000000080062b0                HAL_UARTEx_WakeupCallback
 .text.HAL_UARTEx_RxFifoFullCallback
                0x00000000080062b2        0x2 ./Drivers/STM32H7xx_HAL_Driver/Src/stm32h7xx_hal_uart_ex.o
                0x00000000080062b2                HAL_UARTEx_RxFifoFullCallback
 .text.HAL_UARTEx_TxFifoEmptyCallback
                0x00000000080062b4        0x2 ./Drivers/STM32H7xx_HAL_Driver/Src/stm32h7xx_hal_uart_ex.o
                0x00000000080062b4                HAL_UARTEx_TxFifoEmptyCallback
 .text.HAL_UARTEx_DisableFifoMode
                0x00000000080062b6       0x36 ./Drivers/STM32H7xx_HAL_Driver/Src/stm32h7xx_hal_uart_ex.o
                0x00000000080062b6                HAL_UARTEx_DisableFifoMode
 .text.HAL_UARTEx_SetTxFifoThreshold
                0x00000000080062ec       0x48 ./Drivers/STM32H7xx_HAL_Driver/Src/stm32h7xx_hal_uart_ex.o
                0x00000000080062ec                HAL_UARTEx_SetTxFifoThreshold
 .text.HAL_UARTEx_SetRxFifoThreshold
                0x0000000008006334       0x48 ./Drivers/STM32H7xx_HAL_Driver/Src/stm32h7xx_hal_uart_ex.o
                0x0000000008006334                HAL_UARTEx_SetRxFifoThreshold
 .text.SysTick_Handler
                0x000000000800637c       0x1a ./Middlewares/Third_Party/FreeRTOS/Source/CMSIS_RTOS_V2/cmsis_os2.o
                0x000000000800637c                SysTick_Handler
 *fill*         0x0000000008006396        0x2 
 .text.osKernelInitialize
                0x0000000008006398       0x24 ./Middlewares/Third_Party/FreeRTOS/Source/CMSIS_RTOS_V2/cmsis_os2.o
                0x0000000008006398                osKernelInitialize
 .text.osKernelStart
                0x00000000080063bc       0x34 ./Middlewares/Third_Party/FreeRTOS/Source/CMSIS_RTOS_V2/cmsis_os2.o
                0x00000000080063bc                osKernelStart
 .text.osThreadNew
                0x00000000080063f0       0x92 ./Middlewares/Third_Party/FreeRTOS/Source/CMSIS_RTOS_V2/cmsis_os2.o
                0x00000000080063f0                osThreadNew
 .text.osMessageQueueNew
                0x0000000008006482       0x76 ./Middlewares/Third_Party/FreeRTOS/Source/CMSIS_RTOS_V2/cmsis_os2.o
                0x0000000008006482                osMessageQueueNew
 .text.vApplicationGetIdleTaskMemory
                0x00000000080064f8       0x18 ./Middlewares/Third_Party/FreeRTOS/Source/CMSIS_RTOS_V2/cmsis_os2.o
                0x00000000080064f8                vApplicationGetIdleTaskMemory
 .text.vApplicationGetTimerTaskMemory
                0x0000000008006510       0x18 ./Middlewares/Third_Party/FreeRTOS/Source/CMSIS_RTOS_V2/cmsis_os2.o
                0x0000000008006510                vApplicationGetTimerTaskMemory
 .text.vListInitialise
                0x0000000008006528       0x16 ./Middlewares/Third_Party/FreeRTOS/Source/list.o
                0x0000000008006528                vListInitialise
 .text.vListInitialiseItem
                0x000000000800653e        0x6 ./Middlewares/Third_Party/FreeRTOS/Source/list.o
                0x000000000800653e                vListInitialiseItem
 .text.vListInsertEnd
                0x0000000008006544       0x18 ./Middlewares/Third_Party/FreeRTOS/Source/list.o
                0x0000000008006544                vListInsertEnd
 .text.vListInsert
                0x000000000800655c       0x2e ./Middlewares/Third_Party/FreeRTOS/Source/list.o
                0x000000000800655c                vListInsert
 .text.uxListRemove
                0x000000000800658a       0x20 ./Middlewares/Third_Party/FreeRTOS/Source/list.o
                0x000000000800658a                uxListRemove
 .text.prvIsQueueEmpty
                0x00000000080065aa       0x16 ./Middlewares/Third_Party/FreeRTOS/Source/queue.o
 .text.prvCopyDataToQueue
                0x00000000080065c0       0x6a ./Middlewares/Third_Party/FreeRTOS/Source/queue.o
 .text.prvCopyDataFromQueue
                0x000000000800662a       0x2a ./Middlewares/Third_Party/FreeRTOS/Source/queue.o
 .text.prvUnlockQueue
                0x0000000008006654       0x70 ./Middlewares/Third_Party/FreeRTOS/Source/queue.o
 .text.xQueueGenericReset
                0x00000000080066c4       0x7e ./Middlewares/Third_Party/FreeRTOS/Source/queue.o
                0x00000000080066c4                xQueueGenericReset
 .text.xQueueGenericCreateStatic
                0x0000000008006742       0x9c ./Middlewares/Third_Party/FreeRTOS/Source/queue.o
                0x0000000008006742                xQueueGenericCreateStatic
 .text.xQueueGenericCreate
                0x00000000080067de       0x4e ./Middlewares/Third_Party/FreeRTOS/Source/queue.o
                0x00000000080067de                xQueueGenericCreate
 .text.xQueueGenericSend
                0x000000000800682c      0x166 ./Middlewares/Third_Party/FreeRTOS/Source/queue.o
                0x000000000800682c                xQueueGenericSend
 .text.xQueueGenericSendFromISR
                0x0000000008006992       0xc4 ./Middlewares/Third_Party/FreeRTOS/Source/queue.o
                0x0000000008006992                xQueueGenericSendFromISR
 .text.xQueueReceive
                0x0000000008006a56      0x13e ./Middlewares/Third_Party/FreeRTOS/Source/queue.o
                0x0000000008006a56                xQueueReceive
 .text.vQueueAddToRegistry
                0x0000000008006b94       0x24 ./Middlewares/Third_Party/FreeRTOS/Source/queue.o
                0x0000000008006b94                vQueueAddToRegistry
 .text.vQueueWaitForMessageRestricted
                0x0000000008006bb8       0x46 ./Middlewares/Third_Party/FreeRTOS/Source/queue.o
                0x0000000008006bb8                vQueueWaitForMessageRestricted
 *fill*         0x0000000008006bfe        0x2 
 .text.prvAddNewTaskToReadyList
                0x0000000008006c00       0xfc ./Middlewares/Third_Party/FreeRTOS/Source/tasks.o
 .text.prvAddCurrentTaskToDelayedList
                0x0000000008006cfc       0x70 ./Middlewares/Third_Party/FreeRTOS/Source/tasks.o
 .text.prvResetNextTaskUnblockTime
                0x0000000008006d6c       0x24 ./Middlewares/Third_Party/FreeRTOS/Source/tasks.o
 .text.prvDeleteTCB
                0x0000000008006d90       0x3c ./Middlewares/Third_Party/FreeRTOS/Source/tasks.o
 .text.prvIdleTask
                0x0000000008006dcc       0x60 ./Middlewares/Third_Party/FreeRTOS/Source/tasks.o
 .text.prvInitialiseNewTask.constprop.0
                0x0000000008006e2c       0xc0 ./Middlewares/Third_Party/FreeRTOS/Source/tasks.o
 .text.xTaskCreateStatic
                0x0000000008006eec       0x70 ./Middlewares/Third_Party/FreeRTOS/Source/tasks.o
                0x0000000008006eec                xTaskCreateStatic
 .text.xTaskCreate
                0x0000000008006f5c       0x5a ./Middlewares/Third_Party/FreeRTOS/Source/tasks.o
                0x0000000008006f5c                xTaskCreate
 *fill*         0x0000000008006fb6        0x2 
 .text.vTaskStartScheduler
                0x0000000008006fb8       0xa0 ./Middlewares/Third_Party/FreeRTOS/Source/tasks.o
                0x0000000008006fb8                vTaskStartScheduler
 .text.vTaskSuspendAll
                0x0000000008007058       0x10 ./Middlewares/Third_Party/FreeRTOS/Source/tasks.o
                0x0000000008007058                vTaskSuspendAll
 .text.xTaskGetTickCount
                0x0000000008007068        0xc ./Middlewares/Third_Party/FreeRTOS/Source/tasks.o
                0x0000000008007068                xTaskGetTickCount
 .text.xTaskIncrementTick
                0x0000000008007074      0x12c ./Middlewares/Third_Party/FreeRTOS/Source/tasks.o
                0x0000000008007074                xTaskIncrementTick
 .text.xTaskResumeAll
                0x00000000080071a0       0xe8 ./Middlewares/Third_Party/FreeRTOS/Source/tasks.o
                0x00000000080071a0                xTaskResumeAll
 .text.vTaskSwitchContext
                0x0000000008007288       0x80 ./Middlewares/Third_Party/FreeRTOS/Source/tasks.o
                0x0000000008007288                vTaskSwitchContext
 .text.vTaskPlaceOnEventList
                0x0000000008007308       0x34 ./Middlewares/Third_Party/FreeRTOS/Source/tasks.o
                0x0000000008007308                vTaskPlaceOnEventList
 .text.vTaskPlaceOnEventListRestricted
                0x000000000800733c       0x3c ./Middlewares/Third_Party/FreeRTOS/Source/tasks.o
                0x000000000800733c                vTaskPlaceOnEventListRestricted
 .text.xTaskRemoveFromEventList
                0x0000000008007378       0x88 ./Middlewares/Third_Party/FreeRTOS/Source/tasks.o
                0x0000000008007378                xTaskRemoveFromEventList
 .text.vTaskInternalSetTimeOutState
                0x0000000008007400       0x18 ./Middlewares/Third_Party/FreeRTOS/Source/tasks.o
                0x0000000008007400                vTaskInternalSetTimeOutState
 .text.xTaskCheckForTimeOut
                0x0000000008007418       0x78 ./Middlewares/Third_Party/FreeRTOS/Source/tasks.o
                0x0000000008007418                xTaskCheckForTimeOut
 .text.vTaskMissedYield
                0x0000000008007490        0xc ./Middlewares/Third_Party/FreeRTOS/Source/tasks.o
                0x0000000008007490                vTaskMissedYield
 .text.xTaskGetSchedulerState
                0x000000000800749c       0x20 ./Middlewares/Third_Party/FreeRTOS/Source/tasks.o
                0x000000000800749c                xTaskGetSchedulerState
 .text.xTaskPriorityDisinherit
                0x00000000080074bc       0x88 ./Middlewares/Third_Party/FreeRTOS/Source/tasks.o
                0x00000000080074bc                xTaskPriorityDisinherit
 .text.prvCheckForValidListAndQueue
                0x0000000008007544       0x68 ./Middlewares/Third_Party/FreeRTOS/Source/timers.o
 .text.prvInsertTimerInActiveList
                0x00000000080075ac       0x3c ./Middlewares/Third_Party/FreeRTOS/Source/timers.o
 .text.xTimerCreateTimerTask
                0x00000000080075e8       0x64 ./Middlewares/Third_Party/FreeRTOS/Source/timers.o
                0x00000000080075e8                xTimerCreateTimerTask
 .text.xTimerGenericCommand
                0x000000000800764c       0x54 ./Middlewares/Third_Party/FreeRTOS/Source/timers.o
                0x000000000800764c                xTimerGenericCommand
 .text.prvSampleTimeNow
                0x00000000080076a0       0xac ./Middlewares/Third_Party/FreeRTOS/Source/timers.o
 .text.prvTimerTask
                0x000000000800774c      0x1cc ./Middlewares/Third_Party/FreeRTOS/Source/timers.o
 .text.prvPortStartFirstTask
                0x0000000008007918       0x28 ./Middlewares/Third_Party/FreeRTOS/Source/portable/GCC/ARM_CM4F/port.o
 .text.vPortEnableVFP
                0x0000000008007940       0x14 ./Middlewares/Third_Party/FreeRTOS/Source/portable/GCC/ARM_CM4F/port.o
 .text.prvTaskExitError
                0x0000000008007954       0x40 ./Middlewares/Third_Party/FreeRTOS/Source/portable/GCC/ARM_CM4F/port.o
 .text.pxPortInitialiseStack
                0x0000000008007994       0x24 ./Middlewares/Third_Party/FreeRTOS/Source/portable/GCC/ARM_CM4F/port.o
                0x0000000008007994                pxPortInitialiseStack
 *fill*         0x00000000080079b8        0x8 
 .text.SVC_Handler
                0x00000000080079c0       0x24 ./Middlewares/Third_Party/FreeRTOS/Source/portable/GCC/ARM_CM4F/port.o
                0x00000000080079c0                SVC_Handler
 .text.vPortEnterCritical
                0x00000000080079e4       0x40 ./Middlewares/Third_Party/FreeRTOS/Source/portable/GCC/ARM_CM4F/port.o
                0x00000000080079e4                vPortEnterCritical
 .text.vPortExitCritical
                0x0000000008007a24       0x28 ./Middlewares/Third_Party/FreeRTOS/Source/portable/GCC/ARM_CM4F/port.o
                0x0000000008007a24                vPortExitCritical
 *fill*         0x0000000008007a4c        0x4 
 .text.PendSV_Handler
                0x0000000008007a50       0x64 ./Middlewares/Third_Party/FreeRTOS/Source/portable/GCC/ARM_CM4F/port.o
                0x0000000008007a50                PendSV_Handler
 .text.xPortSysTickHandler
                0x0000000008007ab4       0x2c ./Middlewares/Third_Party/FreeRTOS/Source/portable/GCC/ARM_CM4F/port.o
                0x0000000008007ab4                xPortSysTickHandler
 .text.vPortSetupTimerInterrupt
                0x0000000008007ae0       0x24 ./Middlewares/Third_Party/FreeRTOS/Source/portable/GCC/ARM_CM4F/port.o
                0x0000000008007ae0                vPortSetupTimerInterrupt
 .text.xPortStartScheduler
                0x0000000008007b04      0x10c ./Middlewares/Third_Party/FreeRTOS/Source/portable/GCC/ARM_CM4F/port.o
                0x0000000008007b04                xPortStartScheduler
 .text.vPortValidateInterruptPriority
                0x0000000008007c10       0x5c ./Middlewares/Third_Party/FreeRTOS/Source/portable/GCC/ARM_CM4F/port.o
                0x0000000008007c10                vPortValidateInterruptPriority
 .text.prvInsertBlockIntoFreeList
                0x0000000008007c6c       0x48 ./Middlewares/Third_Party/FreeRTOS/Source/portable/MemMang/heap_4.o
 .text.pvPortMalloc
                0x0000000008007cb4      0x130 ./Middlewares/Third_Party/FreeRTOS/Source/portable/MemMang/heap_4.o
                0x0000000008007cb4                pvPortMalloc
 .text.vPortFree
                0x0000000008007de4       0x7c ./Middlewares/Third_Party/FreeRTOS/Source/portable/MemMang/heap_4.o
                0x0000000008007de4                vPortFree
 .text.__errno  0x0000000008007e60        0xc c:/st/stm32cubeide_1.5.0/stm32cubeide/plugins/com.st.stm32cube.ide.mcu.externaltools.gnu-tools-for-stm32.10.3-2021.10.win32_1.0.0.202111181127/tools/bin/../lib/gcc/arm-none-eabi/10.3.1/../../../../arm-none-eabi/lib/thumb/v7e-m+dp/hard\libc_nano.a(lib_a-errno.o)
                0x0000000008007e60                __errno
 .text.std      0x0000000008007e6c       0x48 c:/st/stm32cubeide_1.5.0/stm32cubeide/plugins/com.st.stm32cube.ide.mcu.externaltools.gnu-tools-for-stm32.10.3-2021.10.win32_1.0.0.202111181127/tools/bin/../lib/gcc/arm-none-eabi/10.3.1/../../../../arm-none-eabi/lib/thumb/v7e-m+dp/hard\libc_nano.a(lib_a-findfp.o)
 .text._cleanup_r
                0x0000000008007eb4        0xc c:/st/stm32cubeide_1.5.0/stm32cubeide/plugins/com.st.stm32cube.ide.mcu.externaltools.gnu-tools-for-stm32.10.3-2021.10.win32_1.0.0.202111181127/tools/bin/../lib/gcc/arm-none-eabi/10.3.1/../../../../arm-none-eabi/lib/thumb/v7e-m+dp/hard\libc_nano.a(lib_a-findfp.o)
                0x0000000008007eb4                _cleanup_r
 .text.__sfmoreglue
                0x0000000008007ec0       0x2c c:/st/stm32cubeide_1.5.0/stm32cubeide/plugins/com.st.stm32cube.ide.mcu.externaltools.gnu-tools-for-stm32.10.3-2021.10.win32_1.0.0.202111181127/tools/bin/../lib/gcc/arm-none-eabi/10.3.1/../../../../arm-none-eabi/lib/thumb/v7e-m+dp/hard\libc_nano.a(lib_a-findfp.o)
                0x0000000008007ec0                __sfmoreglue
 .text.__sfp_lock_acquire
                0x0000000008007eec        0xc c:/st/stm32cubeide_1.5.0/stm32cubeide/plugins/com.st.stm32cube.ide.mcu.externaltools.gnu-tools-for-stm32.10.3-2021.10.win32_1.0.0.202111181127/tools/bin/../lib/gcc/arm-none-eabi/10.3.1/../../../../arm-none-eabi/lib/thumb/v7e-m+dp/hard\libc_nano.a(lib_a-findfp.o)
                0x0000000008007eec                __sfp_lock_acquire
 .text.__sfp_lock_release
                0x0000000008007ef8        0xc c:/st/stm32cubeide_1.5.0/stm32cubeide/plugins/com.st.stm32cube.ide.mcu.externaltools.gnu-tools-for-stm32.10.3-2021.10.win32_1.0.0.202111181127/tools/bin/../lib/gcc/arm-none-eabi/10.3.1/../../../../arm-none-eabi/lib/thumb/v7e-m+dp/hard\libc_nano.a(lib_a-findfp.o)
                0x0000000008007ef8                __sfp_lock_release
 .text.__sinit_lock_acquire
                0x0000000008007f04        0xc c:/st/stm32cubeide_1.5.0/stm32cubeide/plugins/com.st.stm32cube.ide.mcu.externaltools.gnu-tools-for-stm32.10.3-2021.10.win32_1.0.0.202111181127/tools/bin/../lib/gcc/arm-none-eabi/10.3.1/../../../../arm-none-eabi/lib/thumb/v7e-m+dp/hard\libc_nano.a(lib_a-findfp.o)
                0x0000000008007f04                __sinit_lock_acquire
 .text.__sinit_lock_release
                0x0000000008007f10        0xc c:/st/stm32cubeide_1.5.0/stm32cubeide/plugins/com.st.stm32cube.ide.mcu.externaltools.gnu-tools-for-stm32.10.3-2021.10.win32_1.0.0.202111181127/tools/bin/../lib/gcc/arm-none-eabi/10.3.1/../../../../arm-none-eabi/lib/thumb/v7e-m+dp/hard\libc_nano.a(lib_a-findfp.o)
                0x0000000008007f10                __sinit_lock_release
 .text.__sinit  0x0000000008007f1c       0x70 c:/st/stm32cubeide_1.5.0/stm32cubeide/plugins/com.st.stm32cube.ide.mcu.externaltools.gnu-tools-for-stm32.10.3-2021.10.win32_1.0.0.202111181127/tools/bin/../lib/gcc/arm-none-eabi/10.3.1/../../../../arm-none-eabi/lib/thumb/v7e-m+dp/hard\libc_nano.a(lib_a-findfp.o)
                0x0000000008007f1c                __sinit
 .text.__sfp    0x0000000008007f8c       0x8c c:/st/stm32cubeide_1.5.0/stm32cubeide/plugins/com.st.stm32cube.ide.mcu.externaltools.gnu-tools-for-stm32.10.3-2021.10.win32_1.0.0.202111181127/tools/bin/../lib/gcc/arm-none-eabi/10.3.1/../../../../arm-none-eabi/lib/thumb/v7e-m+dp/hard\libc_nano.a(lib_a-findfp.o)
                0x0000000008007f8c                __sfp
 .text._fwalk_reent
                0x0000000008008018       0x3e c:/st/stm32cubeide_1.5.0/stm32cubeide/plugins/com.st.stm32cube.ide.mcu.externaltools.gnu-tools-for-stm32.10.3-2021.10.win32_1.0.0.202111181127/tools/bin/../lib/gcc/arm-none-eabi/10.3.1/../../../../arm-none-eabi/lib/thumb/v7e-m+dp/hard\libc_nano.a(lib_a-fwalk.o)
                0x0000000008008018                _fwalk_reent
 *fill*         0x0000000008008056        0x2 
 .text.__libc_init_array
                0x0000000008008058       0x48 c:/st/stm32cubeide_1.5.0/stm32cubeide/plugins/com.st.stm32cube.ide.mcu.externaltools.gnu-tools-for-stm32.10.3-2021.10.win32_1.0.0.202111181127/tools/bin/../lib/gcc/arm-none-eabi/10.3.1/../../../../arm-none-eabi/lib/thumb/v7e-m+dp/hard\libc_nano.a(lib_a-init.o)
                0x0000000008008058                __libc_init_array
 .text.__retarget_lock_init_recursive
                0x00000000080080a0        0x2 c:/st/stm32cubeide_1.5.0/stm32cubeide/plugins/com.st.stm32cube.ide.mcu.externaltools.gnu-tools-for-stm32.10.3-2021.10.win32_1.0.0.202111181127/tools/bin/../lib/gcc/arm-none-eabi/10.3.1/../../../../arm-none-eabi/lib/thumb/v7e-m+dp/hard\libc_nano.a(lib_a-lock.o)
                0x00000000080080a0                __retarget_lock_init_recursive
 .text.__retarget_lock_acquire_recursive
                0x00000000080080a2        0x2 c:/st/stm32cubeide_1.5.0/stm32cubeide/plugins/com.st.stm32cube.ide.mcu.externaltools.gnu-tools-for-stm32.10.3-2021.10.win32_1.0.0.202111181127/tools/bin/../lib/gcc/arm-none-eabi/10.3.1/../../../../arm-none-eabi/lib/thumb/v7e-m+dp/hard\libc_nano.a(lib_a-lock.o)
                0x00000000080080a2                __retarget_lock_acquire_recursive
 .text.__retarget_lock_release_recursive
                0x00000000080080a4        0x2 c:/st/stm32cubeide_1.5.0/stm32cubeide/plugins/com.st.stm32cube.ide.mcu.externaltools.gnu-tools-for-stm32.10.3-2021.10.win32_1.0.0.202111181127/tools/bin/../lib/gcc/arm-none-eabi/10.3.1/../../../../arm-none-eabi/lib/thumb/v7e-m+dp/hard\libc_nano.a(lib_a-lock.o)
                0x00000000080080a4                __retarget_lock_release_recursive
 .text.memcpy   0x00000000080080a6       0x1c c:/st/stm32cubeide_1.5.0/stm32cubeide/plugins/com.st.stm32cube.ide.mcu.externaltools.gnu-tools-for-stm32.10.3-2021.10.win32_1.0.0.202111181127/tools/bin/../lib/gcc/arm-none-eabi/10.3.1/../../../../arm-none-eabi/lib/thumb/v7e-m+dp/hard\libc_nano.a(lib_a-memcpy-stub.o)
                0x00000000080080a6                memcpy
 .text.memmove  0x00000000080080c2       0x34 c:/st/stm32cubeide_1.5.0/stm32cubeide/plugins/com.st.stm32cube.ide.mcu.externaltools.gnu-tools-for-stm32.10.3-2021.10.win32_1.0.0.202111181127/tools/bin/../lib/gcc/arm-none-eabi/10.3.1/../../../../arm-none-eabi/lib/thumb/v7e-m+dp/hard\libc_nano.a(lib_a-memmove.o)
                0x00000000080080c2                memmove
 .text.memset   0x00000000080080f6       0x10 c:/st/stm32cubeide_1.5.0/stm32cubeide/plugins/com.st.stm32cube.ide.mcu.externaltools.gnu-tools-for-stm32.10.3-2021.10.win32_1.0.0.202111181127/tools/bin/../lib/gcc/arm-none-eabi/10.3.1/../../../../arm-none-eabi/lib/thumb/v7e-m+dp/hard\libc_nano.a(lib_a-memset.o)
                0x00000000080080f6                memset
 *fill*         0x0000000008008106        0x2 
 .text.sbrk_aligned
                0x0000000008008108       0x40 c:/st/stm32cubeide_1.5.0/stm32cubeide/plugins/com.st.stm32cube.ide.mcu.externaltools.gnu-tools-for-stm32.10.3-2021.10.win32_1.0.0.202111181127/tools/bin/../lib/gcc/arm-none-eabi/10.3.1/../../../../arm-none-eabi/lib/thumb/v7e-m+dp/hard\libc_nano.a(lib_a-nano-mallocr.o)
 .text._malloc_r
                0x0000000008008148       0xe8 c:/st/stm32cubeide_1.5.0/stm32cubeide/plugins/com.st.stm32cube.ide.mcu.externaltools.gnu-tools-for-stm32.10.3-2021.10.win32_1.0.0.202111181127/tools/bin/../lib/gcc/arm-none-eabi/10.3.1/../../../../arm-none-eabi/lib/thumb/v7e-m+dp/hard\libc_nano.a(lib_a-nano-mallocr.o)
                0x0000000008008148                _malloc_r
 .text.cleanup_glue
                0x0000000008008230       0x1a c:/st/stm32cubeide_1.5.0/stm32cubeide/plugins/com.st.stm32cube.ide.mcu.externaltools.gnu-tools-for-stm32.10.3-2021.10.win32_1.0.0.202111181127/tools/bin/../lib/gcc/arm-none-eabi/10.3.1/../../../../arm-none-eabi/lib/thumb/v7e-m+dp/hard\libc_nano.a(lib_a-reent.o)
                0x0000000008008230                cleanup_glue
 *fill*         0x000000000800824a        0x2 
 .text._reclaim_reent
                0x000000000800824c       0xb8 c:/st/stm32cubeide_1.5.0/stm32cubeide/plugins/com.st.stm32cube.ide.mcu.externaltools.gnu-tools-for-stm32.10.3-2021.10.win32_1.0.0.202111181127/tools/bin/../lib/gcc/arm-none-eabi/10.3.1/../../../../arm-none-eabi/lib/thumb/v7e-m+dp/hard\libc_nano.a(lib_a-reent.o)
                0x000000000800824c                _reclaim_reent
 .text._sbrk_r  0x0000000008008304       0x20 c:/st/stm32cubeide_1.5.0/stm32cubeide/plugins/com.st.stm32cube.ide.mcu.externaltools.gnu-tools-for-stm32.10.3-2021.10.win32_1.0.0.202111181127/tools/bin/../lib/gcc/arm-none-eabi/10.3.1/../../../../arm-none-eabi/lib/thumb/v7e-m+dp/hard\libc_nano.a(lib_a-sbrkr.o)
                0x0000000008008304                _sbrk_r
 .text.__sread  0x0000000008008324       0x22 c:/st/stm32cubeide_1.5.0/stm32cubeide/plugins/com.st.stm32cube.ide.mcu.externaltools.gnu-tools-for-stm32.10.3-2021.10.win32_1.0.0.202111181127/tools/bin/../lib/gcc/arm-none-eabi/10.3.1/../../../../arm-none-eabi/lib/thumb/v7e-m+dp/hard\libc_nano.a(lib_a-stdio.o)
                0x0000000008008324                __sread
 .text.__swrite
                0x0000000008008346       0x38 c:/st/stm32cubeide_1.5.0/stm32cubeide/plugins/com.st.stm32cube.ide.mcu.externaltools.gnu-tools-for-stm32.10.3-2021.10.win32_1.0.0.202111181127/tools/bin/../lib/gcc/arm-none-eabi/10.3.1/../../../../arm-none-eabi/lib/thumb/v7e-m+dp/hard\libc_nano.a(lib_a-stdio.o)
                0x0000000008008346                __swrite
 .text.__sseek  0x000000000800837e       0x24 c:/st/stm32cubeide_1.5.0/stm32cubeide/plugins/com.st.stm32cube.ide.mcu.externaltools.gnu-tools-for-stm32.10.3-2021.10.win32_1.0.0.202111181127/tools/bin/../lib/gcc/arm-none-eabi/10.3.1/../../../../arm-none-eabi/lib/thumb/v7e-m+dp/hard\libc_nano.a(lib_a-stdio.o)
                0x000000000800837e                __sseek
 .text.__sclose
                0x00000000080083a2        0x8 c:/st/stm32cubeide_1.5.0/stm32cubeide/plugins/com.st.stm32cube.ide.mcu.externaltools.gnu-tools-for-stm32.10.3-2021.10.win32_1.0.0.202111181127/tools/bin/../lib/gcc/arm-none-eabi/10.3.1/../../../../arm-none-eabi/lib/thumb/v7e-m+dp/hard\libc_nano.a(lib_a-stdio.o)
                0x00000000080083a2                __sclose
 .text.strcpy   0x00000000080083aa       0x10 c:/st/stm32cubeide_1.5.0/stm32cubeide/plugins/com.st.stm32cube.ide.mcu.externaltools.gnu-tools-for-stm32.10.3-2021.10.win32_1.0.0.202111181127/tools/bin/../lib/gcc/arm-none-eabi/10.3.1/../../../../arm-none-eabi/lib/thumb/v7e-m+dp/hard\libc_nano.a(lib_a-strcpy.o)
                0x00000000080083aa                strcpy
 .text.sulp     0x00000000080083ba       0x34 c:/st/stm32cubeide_1.5.0/stm32cubeide/plugins/com.st.stm32cube.ide.mcu.externaltools.gnu-tools-for-stm32.10.3-2021.10.win32_1.0.0.202111181127/tools/bin/../lib/gcc/arm-none-eabi/10.3.1/../../../../arm-none-eabi/lib/thumb/v7e-m+dp/hard\libc_nano.a(lib_a-strtod.o)
 *fill*         0x00000000080083ee        0x2 
 .text._strtod_l
                0x00000000080083f0      0xb6c c:/st/stm32cubeide_1.5.0/stm32cubeide/plugins/com.st.stm32cube.ide.mcu.externaltools.gnu-tools-for-stm32.10.3-2021.10.win32_1.0.0.202111181127/tools/bin/../lib/gcc/arm-none-eabi/10.3.1/../../../../arm-none-eabi/lib/thumb/v7e-m+dp/hard\libc_nano.a(lib_a-strtod.o)
                0x00000000080083f0                _strtod_l
 *fill*         0x0000000008008f5c        0x4 
 .text.strtof   0x0000000008008f60       0x88 c:/st/stm32cubeide_1.5.0/stm32cubeide/plugins/com.st.stm32cube.ide.mcu.externaltools.gnu-tools-for-stm32.10.3-2021.10.win32_1.0.0.202111181127/tools/bin/../lib/gcc/arm-none-eabi/10.3.1/../../../../arm-none-eabi/lib/thumb/v7e-m+dp/hard\libc_nano.a(lib_a-strtod.o)
                0x0000000008008f60                strtof
 .text.__strtok_r
                0x0000000008008fe8       0x50 c:/st/stm32cubeide_1.5.0/stm32cubeide/plugins/com.st.stm32cube.ide.mcu.externaltools.gnu-tools-for-stm32.10.3-2021.10.win32_1.0.0.202111181127/tools/bin/../lib/gcc/arm-none-eabi/10.3.1/../../../../arm-none-eabi/lib/thumb/v7e-m+dp/hard\libc_nano.a(lib_a-strtok_r.o)
                0x0000000008008fe8                __strtok_r
 .text.strtok_r
                0x0000000008009038        0x6 c:/st/stm32cubeide_1.5.0/stm32cubeide/plugins/com.st.stm32cube.ide.mcu.externaltools.gnu-tools-for-stm32.10.3-2021.10.win32_1.0.0.202111181127/tools/bin/../lib/gcc/arm-none-eabi/10.3.1/../../../../arm-none-eabi/lib/thumb/v7e-m+dp/hard\libc_nano.a(lib_a-strtok_r.o)
                0x0000000008009038                strtok_r
 *fill*         0x000000000800903e        0x2 
 .text._strtoul_l.constprop.0
                0x0000000008009040       0xe4 c:/st/stm32cubeide_1.5.0/stm32cubeide/plugins/com.st.stm32cube.ide.mcu.externaltools.gnu-tools-for-stm32.10.3-2021.10.win32_1.0.0.202111181127/tools/bin/../lib/gcc/arm-none-eabi/10.3.1/../../../../arm-none-eabi/lib/thumb/v7e-m+dp/hard\libc_nano.a(lib_a-strtoul.o)
 .text.strtoul  0x0000000008009124       0x14 c:/st/stm32cubeide_1.5.0/stm32cubeide/plugins/com.st.stm32cube.ide.mcu.externaltools.gnu-tools-for-stm32.10.3-2021.10.win32_1.0.0.202111181127/tools/bin/../lib/gcc/arm-none-eabi/10.3.1/../../../../arm-none-eabi/lib/thumb/v7e-m+dp/hard\libc_nano.a(lib_a-strtoul.o)
                0x0000000008009124                strtoul
 .text._vsnprintf_r
                0x0000000008009138       0x56 c:/st/stm32cubeide_1.5.0/stm32cubeide/plugins/com.st.stm32cube.ide.mcu.externaltools.gnu-tools-for-stm32.10.3-2021.10.win32_1.0.0.202111181127/tools/bin/../lib/gcc/arm-none-eabi/10.3.1/../../../../arm-none-eabi/lib/thumb/v7e-m+dp/hard\libc_nano.a(lib_a-vsnprintf.o)
                0x0000000008009138                _vsniprintf_r
                0x0000000008009138                _vsnprintf_r
 *fill*         0x000000000800918e        0x2 
 .text.vsnprintf
                0x0000000008009190       0x1c c:/st/stm32cubeide_1.5.0/stm32cubeide/plugins/com.st.stm32cube.ide.mcu.externaltools.gnu-tools-for-stm32.10.3-2021.10.win32_1.0.0.202111181127/tools/bin/../lib/gcc/arm-none-eabi/10.3.1/../../../../arm-none-eabi/lib/thumb/v7e-m+dp/hard\libc_nano.a(lib_a-vsnprintf.o)
                0x0000000008009190                vsniprintf
                0x0000000008009190                vsnprintf
 .text._write_r
                0x00000000080091ac       0x24 c:/st/stm32cubeide_1.5.0/stm32cubeide/plugins/com.st.stm32cube.ide.mcu.externaltools.gnu-tools-for-stm32.10.3-2021.10.win32_1.0.0.202111181127/tools/bin/../lib/gcc/arm-none-eabi/10.3.1/../../../../arm-none-eabi/lib/thumb/v7e-m+dp/hard\libc_nano.a(lib_a-writer.o)
                0x00000000080091ac                _write_r
 .text._close_r
                0x00000000080091d0       0x20 c:/st/stm32cubeide_1.5.0/stm32cubeide/plugins/com.st.stm32cube.ide.mcu.externaltools.gnu-tools-for-stm32.10.3-2021.10.win32_1.0.0.202111181127/tools/bin/../lib/gcc/arm-none-eabi/10.3.1/../../../../arm-none-eabi/lib/thumb/v7e-m+dp/hard\libc_nano.a(lib_a-closer.o)
                0x00000000080091d0                _close_r
 .text.__sflush_r
                0x00000000080091f0      0x10c c:/st/stm32cubeide_1.5.0/stm32cubeide/plugins/com.st.stm32cube.ide.mcu.externaltools.gnu-tools-for-stm32.10.3-2021.10.win32_1.0.0.202111181127/tools/bin/../lib/gcc/arm-none-eabi/10.3.1/../../../../arm-none-eabi/lib/thumb/v7e-m+dp/hard\libc_nano.a(lib_a-fflush.o)
                0x00000000080091f0                __sflush_r
 .text._fflush_r
                0x00000000080092fc       0x78 c:/st/stm32cubeide_1.5.0/stm32cubeide/plugins/com.st.stm32cube.ide.mcu.externaltools.gnu-tools-for-stm32.10.3-2021.10.win32_1.0.0.202111181127/tools/bin/../lib/gcc/arm-none-eabi/10.3.1/../../../../arm-none-eabi/lib/thumb/v7e-m+dp/hard\libc_nano.a(lib_a-fflush.o)
                0x00000000080092fc                _fflush_r
 .text.rshift   0x0000000008009374       0xa4 c:/st/stm32cubeide_1.5.0/stm32cubeide/plugins/com.st.stm32cube.ide.mcu.externaltools.gnu-tools-for-stm32.10.3-2021.10.win32_1.0.0.202111181127/tools/bin/../lib/gcc/arm-none-eabi/10.3.1/../../../../arm-none-eabi/lib/thumb/v7e-m+dp/hard\libc_nano.a(lib_a-gdtoa-gethex.o)
 .text.__hexdig_fun
                0x0000000008009418       0x2a c:/st/stm32cubeide_1.5.0/stm32cubeide/plugins/com.st.stm32cube.ide.mcu.externaltools.gnu-tools-for-stm32.10.3-2021.10.win32_1.0.0.202111181127/tools/bin/../lib/gcc/arm-none-eabi/10.3.1/../../../../arm-none-eabi/lib/thumb/v7e-m+dp/hard\libc_nano.a(lib_a-gdtoa-gethex.o)
                0x0000000008009418                __hexdig_fun
 *fill*         0x0000000008009442        0x2 
 .text.__gethex
                0x0000000008009444      0x48c c:/st/stm32cubeide_1.5.0/stm32cubeide/plugins/com.st.stm32cube.ide.mcu.externaltools.gnu-tools-for-stm32.10.3-2021.10.win32_1.0.0.202111181127/tools/bin/../lib/gcc/arm-none-eabi/10.3.1/../../../../arm-none-eabi/lib/thumb/v7e-m+dp/hard\libc_nano.a(lib_a-gdtoa-gethex.o)
                0x0000000008009444                __gethex
 .text.L_shift  0x00000000080098d0       0x24 c:/st/stm32cubeide_1.5.0/stm32cubeide/plugins/com.st.stm32cube.ide.mcu.externaltools.gnu-tools-for-stm32.10.3-2021.10.win32_1.0.0.202111181127/tools/bin/../lib/gcc/arm-none-eabi/10.3.1/../../../../arm-none-eabi/lib/thumb/v7e-m+dp/hard\libc_nano.a(lib_a-gdtoa-hexnan.o)
 .text.__match  0x00000000080098f4       0x28 c:/st/stm32cubeide_1.5.0/stm32cubeide/plugins/com.st.stm32cube.ide.mcu.externaltools.gnu-tools-for-stm32.10.3-2021.10.win32_1.0.0.202111181127/tools/bin/../lib/gcc/arm-none-eabi/10.3.1/../../../../arm-none-eabi/lib/thumb/v7e-m+dp/hard\libc_nano.a(lib_a-gdtoa-hexnan.o)
                0x00000000080098f4                __match
 .text.__hexnan
                0x000000000800991c      0x138 c:/st/stm32cubeide_1.5.0/stm32cubeide/plugins/com.st.stm32cube.ide.mcu.externaltools.gnu-tools-for-stm32.10.3-2021.10.win32_1.0.0.202111181127/tools/bin/../lib/gcc/arm-none-eabi/10.3.1/../../../../arm-none-eabi/lib/thumb/v7e-m+dp/hard\libc_nano.a(lib_a-gdtoa-hexnan.o)
                0x000000000800991c                __hexnan
 .text._lseek_r
                0x0000000008009a54       0x24 c:/st/stm32cubeide_1.5.0/stm32cubeide/plugins/com.st.stm32cube.ide.mcu.externaltools.gnu-tools-for-stm32.10.3-2021.10.win32_1.0.0.202111181127/tools/bin/../lib/gcc/arm-none-eabi/10.3.1/../../../../arm-none-eabi/lib/thumb/v7e-m+dp/hard\libc_nano.a(lib_a-lseekr.o)
                0x0000000008009a54                _lseek_r
 .text.__ascii_mbtowc
                0x0000000008009a78       0x24 c:/st/stm32cubeide_1.5.0/stm32cubeide/plugins/com.st.stm32cube.ide.mcu.externaltools.gnu-tools-for-stm32.10.3-2021.10.win32_1.0.0.202111181127/tools/bin/../lib/gcc/arm-none-eabi/10.3.1/../../../../arm-none-eabi/lib/thumb/v7e-m+dp/hard\libc_nano.a(lib_a-mbtowc_r.o)
                0x0000000008009a78                __ascii_mbtowc
 .text.__malloc_lock
                0x0000000008009a9c        0xc c:/st/stm32cubeide_1.5.0/stm32cubeide/plugins/com.st.stm32cube.ide.mcu.externaltools.gnu-tools-for-stm32.10.3-2021.10.win32_1.0.0.202111181127/tools/bin/../lib/gcc/arm-none-eabi/10.3.1/../../../../arm-none-eabi/lib/thumb/v7e-m+dp/hard\libc_nano.a(lib_a-mlock.o)
                0x0000000008009a9c                __malloc_lock
 .text.__malloc_unlock
                0x0000000008009aa8        0xc c:/st/stm32cubeide_1.5.0/stm32cubeide/plugins/com.st.stm32cube.ide.mcu.externaltools.gnu-tools-for-stm32.10.3-2021.10.win32_1.0.0.202111181127/tools/bin/../lib/gcc/arm-none-eabi/10.3.1/../../../../arm-none-eabi/lib/thumb/v7e-m+dp/hard\libc_nano.a(lib_a-mlock.o)
                0x0000000008009aa8                __malloc_unlock
 .text._Balloc  0x0000000008009ab4       0x80 c:/st/stm32cubeide_1.5.0/stm32cubeide/plugins/com.st.stm32cube.ide.mcu.externaltools.gnu-tools-for-stm32.10.3-2021.10.win32_1.0.0.202111181127/tools/bin/../lib/gcc/arm-none-eabi/10.3.1/../../../../arm-none-eabi/lib/thumb/v7e-m+dp/hard\libc_nano.a(lib_a-mprec.o)
                0x0000000008009ab4                _Balloc
 .text._Bfree   0x0000000008009b34       0x44 c:/st/stm32cubeide_1.5.0/stm32cubeide/plugins/com.st.stm32cube.ide.mcu.externaltools.gnu-tools-for-stm32.10.3-2021.10.win32_1.0.0.202111181127/tools/bin/../lib/gcc/arm-none-eabi/10.3.1/../../../../arm-none-eabi/lib/thumb/v7e-m+dp/hard\libc_nano.a(lib_a-mprec.o)
                0x0000000008009b34                _Bfree
 .text.__multadd
                0x0000000008009b78       0x8c c:/st/stm32cubeide_1.5.0/stm32cubeide/plugins/com.st.stm32cube.ide.mcu.externaltools.gnu-tools-for-stm32.10.3-2021.10.win32_1.0.0.202111181127/tools/bin/../lib/gcc/arm-none-eabi/10.3.1/../../../../arm-none-eabi/lib/thumb/v7e-m+dp/hard\libc_nano.a(lib_a-mprec.o)
                0x0000000008009b78                __multadd
 .text.__s2b    0x0000000008009c04       0x94 c:/st/stm32cubeide_1.5.0/stm32cubeide/plugins/com.st.stm32cube.ide.mcu.externaltools.gnu-tools-for-stm32.10.3-2021.10.win32_1.0.0.202111181127/tools/bin/../lib/gcc/arm-none-eabi/10.3.1/../../../../arm-none-eabi/lib/thumb/v7e-m+dp/hard\libc_nano.a(lib_a-mprec.o)
                0x0000000008009c04                __s2b
 .text.__hi0bits
                0x0000000008009c98       0x40 c:/st/stm32cubeide_1.5.0/stm32cubeide/plugins/com.st.stm32cube.ide.mcu.externaltools.gnu-tools-for-stm32.10.3-2021.10.win32_1.0.0.202111181127/tools/bin/../lib/gcc/arm-none-eabi/10.3.1/../../../../arm-none-eabi/lib/thumb/v7e-m+dp/hard\libc_nano.a(lib_a-mprec.o)
                0x0000000008009c98                __hi0bits
 .text.__lo0bits
                0x0000000008009cd8       0x5e c:/st/stm32cubeide_1.5.0/stm32cubeide/plugins/com.st.stm32cube.ide.mcu.externaltools.gnu-tools-for-stm32.10.3-2021.10.win32_1.0.0.202111181127/tools/bin/../lib/gcc/arm-none-eabi/10.3.1/../../../../arm-none-eabi/lib/thumb/v7e-m+dp/hard\libc_nano.a(lib_a-mprec.o)
                0x0000000008009cd8                __lo0bits
 *fill*         0x0000000008009d36        0x2 
 .text.__i2b    0x0000000008009d38       0x2c c:/st/stm32cubeide_1.5.0/stm32cubeide/plugins/com.st.stm32cube.ide.mcu.externaltools.gnu-tools-for-stm32.10.3-2021.10.win32_1.0.0.202111181127/tools/bin/../lib/gcc/arm-none-eabi/10.3.1/../../../../arm-none-eabi/lib/thumb/v7e-m+dp/hard\libc_nano.a(lib_a-mprec.o)
                0x0000000008009d38                __i2b
 .text.__multiply
                0x0000000008009d64      0x154 c:/st/stm32cubeide_1.5.0/stm32cubeide/plugins/com.st.stm32cube.ide.mcu.externaltools.gnu-tools-for-stm32.10.3-2021.10.win32_1.0.0.202111181127/tools/bin/../lib/gcc/arm-none-eabi/10.3.1/../../../../arm-none-eabi/lib/thumb/v7e-m+dp/hard\libc_nano.a(lib_a-mprec.o)
                0x0000000008009d64                __multiply
 .text.__pow5mult
                0x0000000008009eb8       0xb4 c:/st/stm32cubeide_1.5.0/stm32cubeide/plugins/com.st.stm32cube.ide.mcu.externaltools.gnu-tools-for-stm32.10.3-2021.10.win32_1.0.0.202111181127/tools/bin/../lib/gcc/arm-none-eabi/10.3.1/../../../../arm-none-eabi/lib/thumb/v7e-m+dp/hard\libc_nano.a(lib_a-mprec.o)
                0x0000000008009eb8                __pow5mult
 .text.__lshift
                0x0000000008009f6c       0xe0 c:/st/stm32cubeide_1.5.0/stm32cubeide/plugins/com.st.stm32cube.ide.mcu.externaltools.gnu-tools-for-stm32.10.3-2021.10.win32_1.0.0.202111181127/tools/bin/../lib/gcc/arm-none-eabi/10.3.1/../../../../arm-none-eabi/lib/thumb/v7e-m+dp/hard\libc_nano.a(lib_a-mprec.o)
                0x0000000008009f6c                __lshift
 .text.__mcmp   0x000000000800a04c       0x38 c:/st/stm32cubeide_1.5.0/stm32cubeide/plugins/com.st.stm32cube.ide.mcu.externaltools.gnu-tools-for-stm32.10.3-2021.10.win32_1.0.0.202111181127/tools/bin/../lib/gcc/arm-none-eabi/10.3.1/../../../../arm-none-eabi/lib/thumb/v7e-m+dp/hard\libc_nano.a(lib_a-mprec.o)
                0x000000000800a04c                __mcmp
 .text.__mdiff  0x000000000800a084      0x114 c:/st/stm32cubeide_1.5.0/stm32cubeide/plugins/com.st.stm32cube.ide.mcu.externaltools.gnu-tools-for-stm32.10.3-2021.10.win32_1.0.0.202111181127/tools/bin/../lib/gcc/arm-none-eabi/10.3.1/../../../../arm-none-eabi/lib/thumb/v7e-m+dp/hard\libc_nano.a(lib_a-mprec.o)
                0x000000000800a084                __mdiff
 .text.__ulp    0x000000000800a198       0x58 c:/st/stm32cubeide_1.5.0/stm32cubeide/plugins/com.st.stm32cube.ide.mcu.externaltools.gnu-tools-for-stm32.10.3-2021.10.win32_1.0.0.202111181127/tools/bin/../lib/gcc/arm-none-eabi/10.3.1/../../../../arm-none-eabi/lib/thumb/v7e-m+dp/hard\libc_nano.a(lib_a-mprec.o)
                0x000000000800a198                __ulp
 .text.__b2d    0x000000000800a1f0       0xa0 c:/st/stm32cubeide_1.5.0/stm32cubeide/plugins/com.st.stm32cube.ide.mcu.externaltools.gnu-tools-for-stm32.10.3-2021.10.win32_1.0.0.202111181127/tools/bin/../lib/gcc/arm-none-eabi/10.3.1/../../../../arm-none-eabi/lib/thumb/v7e-m+dp/hard\libc_nano.a(lib_a-mprec.o)
                0x000000000800a1f0                __b2d
 .text.__d2b    0x000000000800a290       0xb8 c:/st/stm32cubeide_1.5.0/stm32cubeide/plugins/com.st.stm32cube.ide.mcu.externaltools.gnu-tools-for-stm32.10.3-2021.10.win32_1.0.0.202111181127/tools/bin/../lib/gcc/arm-none-eabi/10.3.1/../../../../arm-none-eabi/lib/thumb/v7e-m+dp/hard\libc_nano.a(lib_a-mprec.o)
                0x000000000800a290                __d2b
 .text.__ratio  0x000000000800a348       0x60 c:/st/stm32cubeide_1.5.0/stm32cubeide/plugins/com.st.stm32cube.ide.mcu.externaltools.gnu-tools-for-stm32.10.3-2021.10.win32_1.0.0.202111181127/tools/bin/../lib/gcc/arm-none-eabi/10.3.1/../../../../arm-none-eabi/lib/thumb/v7e-m+dp/hard\libc_nano.a(lib_a-mprec.o)
                0x000000000800a348                __ratio
 .text.__copybits
                0x000000000800a3a8       0x46 c:/st/stm32cubeide_1.5.0/stm32cubeide/plugins/com.st.stm32cube.ide.mcu.externaltools.gnu-tools-for-stm32.10.3-2021.10.win32_1.0.0.202111181127/tools/bin/../lib/gcc/arm-none-eabi/10.3.1/../../../../arm-none-eabi/lib/thumb/v7e-m+dp/hard\libc_nano.a(lib_a-mprec.o)
                0x000000000800a3a8                __copybits
 .text.__any_on
                0x000000000800a3ee       0x42 c:/st/stm32cubeide_1.5.0/stm32cubeide/plugins/com.st.stm32cube.ide.mcu.externaltools.gnu-tools-for-stm32.10.3-2021.10.win32_1.0.0.202111181127/tools/bin/../lib/gcc/arm-none-eabi/10.3.1/../../../../arm-none-eabi/lib/thumb/v7e-m+dp/hard\libc_nano.a(lib_a-mprec.o)
                0x000000000800a3ee                __any_on
 .text._calloc_r
                0x000000000800a430       0x2c c:/st/stm32cubeide_1.5.0/stm32cubeide/plugins/com.st.stm32cube.ide.mcu.externaltools.gnu-tools-for-stm32.10.3-2021.10.win32_1.0.0.202111181127/tools/bin/../lib/gcc/arm-none-eabi/10.3.1/../../../../arm-none-eabi/lib/thumb/v7e-m+dp/hard\libc_nano.a(lib_a-nano-callocr.o)
                0x000000000800a430                _calloc_r
 .text._free_r  0x000000000800a45c       0x98 c:/st/stm32cubeide_1.5.0/stm32cubeide/plugins/com.st.stm32cube.ide.mcu.externaltools.gnu-tools-for-stm32.10.3-2021.10.win32_1.0.0.202111181127/tools/bin/../lib/gcc/arm-none-eabi/10.3.1/../../../../arm-none-eabi/lib/thumb/v7e-m+dp/hard\libc_nano.a(lib_a-nano-freer.o)
                0x000000000800a45c                _free_r
 .text.__ssputs_r
                0x000000000800a4f4       0xb6 c:/st/stm32cubeide_1.5.0/stm32cubeide/plugins/com.st.stm32cube.ide.mcu.externaltools.gnu-tools-for-stm32.10.3-2021.10.win32_1.0.0.202111181127/tools/bin/../lib/gcc/arm-none-eabi/10.3.1/../../../../arm-none-eabi/lib/thumb/v7e-m+dp/hard\libc_nano.a(lib_a-nano-svfprintf.o)
                0x000000000800a4f4                __ssputs_r
 *fill*         0x000000000800a5aa        0x2 
 .text._svfprintf_r
                0x000000000800a5ac      0x200 c:/st/stm32cubeide_1.5.0/stm32cubeide/plugins/com.st.stm32cube.ide.mcu.externaltools.gnu-tools-for-stm32.10.3-2021.10.win32_1.0.0.202111181127/tools/bin/../lib/gcc/arm-none-eabi/10.3.1/../../../../arm-none-eabi/lib/thumb/v7e-m+dp/hard\libc_nano.a(lib_a-nano-svfprintf.o)
                0x000000000800a5ac                _svfiprintf_r
                0x000000000800a5ac                _svfprintf_r
 .text._printf_common
                0x000000000800a7ac       0xda c:/st/stm32cubeide_1.5.0/stm32cubeide/plugins/com.st.stm32cube.ide.mcu.externaltools.gnu-tools-for-stm32.10.3-2021.10.win32_1.0.0.202111181127/tools/bin/../lib/gcc/arm-none-eabi/10.3.1/../../../../arm-none-eabi/lib/thumb/v7e-m+dp/hard\libc_nano.a(lib_a-nano-vfprintf_i.o)
                0x000000000800a7ac                _printf_common
 *fill*         0x000000000800a886        0x2 
 .text._printf_i
                0x000000000800a888      0x24c c:/st/stm32cubeide_1.5.0/stm32cubeide/plugins/com.st.stm32cube.ide.mcu.externaltools.gnu-tools-for-stm32.10.3-2021.10.win32_1.0.0.202111181127/tools/bin/../lib/gcc/arm-none-eabi/10.3.1/../../../../arm-none-eabi/lib/thumb/v7e-m+dp/hard\libc_nano.a(lib_a-nano-vfprintf_i.o)
                0x000000000800a888                _printf_i
 .text._read_r  0x000000000800aad4       0x24 c:/st/stm32cubeide_1.5.0/stm32cubeide/plugins/com.st.stm32cube.ide.mcu.externaltools.gnu-tools-for-stm32.10.3-2021.10.win32_1.0.0.202111181127/tools/bin/../lib/gcc/arm-none-eabi/10.3.1/../../../../arm-none-eabi/lib/thumb/v7e-m+dp/hard\libc_nano.a(lib_a-readr.o)
                0x000000000800aad4                _read_r
 .text.nan      0x000000000800aaf8       0x10 c:/st/stm32cubeide_1.5.0/stm32cubeide/plugins/com.st.stm32cube.ide.mcu.externaltools.gnu-tools-for-stm32.10.3-2021.10.win32_1.0.0.202111181127/tools/bin/../lib/gcc/arm-none-eabi/10.3.1/../../../../arm-none-eabi/lib/thumb/v7e-m+dp/hard\libc_nano.a(lib_a-s_nan.o)
                0x000000000800aaf8                nan
 .text.nanf     0x000000000800ab08        0xc c:/st/stm32cubeide_1.5.0/stm32cubeide/plugins/com.st.stm32cube.ide.mcu.externaltools.gnu-tools-for-stm32.10.3-2021.10.win32_1.0.0.202111181127/tools/bin/../lib/gcc/arm-none-eabi/10.3.1/../../../../arm-none-eabi/lib/thumb/v7e-m+dp/hard\libc_nano.a(lib_a-sf_nan.o)
                0x000000000800ab08                nanf
 .text.strncmp  0x000000000800ab14       0x28 c:/st/stm32cubeide_1.5.0/stm32cubeide/plugins/com.st.stm32cube.ide.mcu.externaltools.gnu-tools-for-stm32.10.3-2021.10.win32_1.0.0.202111181127/tools/bin/../lib/gcc/arm-none-eabi/10.3.1/../../../../arm-none-eabi/lib/thumb/v7e-m+dp/hard\libc_nano.a(lib_a-strncmp.o)
                0x000000000800ab14                strncmp
 .text.__ascii_wctomb
                0x000000000800ab3c       0x1a c:/st/stm32cubeide_1.5.0/stm32cubeide/plugins/com.st.stm32cube.ide.mcu.externaltools.gnu-tools-for-stm32.10.3-2021.10.win32_1.0.0.202111181127/tools/bin/../lib/gcc/arm-none-eabi/10.3.1/../../../../arm-none-eabi/lib/thumb/v7e-m+dp/hard\libc_nano.a(lib_a-wctomb_r.o)
                0x000000000800ab3c                __ascii_wctomb
 *fill*         0x000000000800ab56        0x2 
 .text.__assert_func
                0x000000000800ab58       0x3c c:/st/stm32cubeide_1.5.0/stm32cubeide/plugins/com.st.stm32cube.ide.mcu.externaltools.gnu-tools-for-stm32.10.3-2021.10.win32_1.0.0.202111181127/tools/bin/../lib/gcc/arm-none-eabi/10.3.1/../../../../arm-none-eabi/lib/thumb/v7e-m+dp/hard\libc_nano.a(lib_a-assert.o)
                0x000000000800ab58                __assert_func
 .text.fprintf  0x000000000800ab94       0x24 c:/st/stm32cubeide_1.5.0/stm32cubeide/plugins/com.st.stm32cube.ide.mcu.externaltools.gnu-tools-for-stm32.10.3-2021.10.win32_1.0.0.202111181127/tools/bin/../lib/gcc/arm-none-eabi/10.3.1/../../../../arm-none-eabi/lib/thumb/v7e-m+dp/hard\libc_nano.a(lib_a-fprintf.o)
                0x000000000800ab94                fiprintf
                0x000000000800ab94                fprintf
 .text.malloc   0x000000000800abb8       0x10 c:/st/stm32cubeide_1.5.0/stm32cubeide/plugins/com.st.stm32cube.ide.mcu.externaltools.gnu-tools-for-stm32.10.3-2021.10.win32_1.0.0.202111181127/tools/bin/../lib/gcc/arm-none-eabi/10.3.1/../../../../arm-none-eabi/lib/thumb/v7e-m+dp/hard\libc_nano.a(lib_a-malloc.o)
                0x000000000800abb8                malloc
 .text._realloc_r
                0x000000000800abc8       0x5e c:/st/stm32cubeide_1.5.0/stm32cubeide/plugins/com.st.stm32cube.ide.mcu.externaltools.gnu-tools-for-stm32.10.3-2021.10.win32_1.0.0.202111181127/tools/bin/../lib/gcc/arm-none-eabi/10.3.1/../../../../arm-none-eabi/lib/thumb/v7e-m+dp/hard\libc_nano.a(lib_a-nano-reallocr.o)
                0x000000000800abc8                _realloc_r
 .text.__sfputc_r
                0x000000000800ac26       0x2e c:/st/stm32cubeide_1.5.0/stm32cubeide/plugins/com.st.stm32cube.ide.mcu.externaltools.gnu-tools-for-stm32.10.3-2021.10.win32_1.0.0.202111181127/tools/bin/../lib/gcc/arm-none-eabi/10.3.1/../../../../arm-none-eabi/lib/thumb/v7e-m+dp/hard\libc_nano.a(lib_a-nano-vfprintf.o)
 .text.__sfputs_r
                0x000000000800ac54       0x24 c:/st/stm32cubeide_1.5.0/stm32cubeide/plugins/com.st.stm32cube.ide.mcu.externaltools.gnu-tools-for-stm32.10.3-2021.10.win32_1.0.0.202111181127/tools/bin/../lib/gcc/arm-none-eabi/10.3.1/../../../../arm-none-eabi/lib/thumb/v7e-m+dp/hard\libc_nano.a(lib_a-nano-vfprintf.o)
                0x000000000800ac54                __sfputs_r
 .text._vfprintf_r
                0x000000000800ac78      0x260 c:/st/stm32cubeide_1.5.0/stm32cubeide/plugins/com.st.stm32cube.ide.mcu.externaltools.gnu-tools-for-stm32.10.3-2021.10.win32_1.0.0.202111181127/tools/bin/../lib/gcc/arm-none-eabi/10.3.1/../../../../arm-none-eabi/lib/thumb/v7e-m+dp/hard\libc_nano.a(lib_a-nano-vfprintf.o)
                0x000000000800ac78                _vfprintf_r
                0x000000000800ac78                _vfiprintf_r
 .text.__swbuf_r
                0x000000000800aed8       0xa4 c:/st/stm32cubeide_1.5.0/stm32cubeide/plugins/com.st.stm32cube.ide.mcu.externaltools.gnu-tools-for-stm32.10.3-2021.10.win32_1.0.0.202111181127/tools/bin/../lib/gcc/arm-none-eabi/10.3.1/../../../../arm-none-eabi/lib/thumb/v7e-m+dp/hard\libc_nano.a(lib_a-wbuf.o)
                0x000000000800aed8                __swbuf_r
 .text.__swsetup_r
                0x000000000800af7c       0xdc c:/st/stm32cubeide_1.5.0/stm32cubeide/plugins/com.st.stm32cube.ide.mcu.externaltools.gnu-tools-for-stm32.10.3-2021.10.win32_1.0.0.202111181127/tools/bin/../lib/gcc/arm-none-eabi/10.3.1/../../../../arm-none-eabi/lib/thumb/v7e-m+dp/hard\libc_nano.a(lib_a-wsetup.o)
                0x000000000800af7c                __swsetup_r
 .text.abort    0x000000000800b058        0xe c:/st/stm32cubeide_1.5.0/stm32cubeide/plugins/com.st.stm32cube.ide.mcu.externaltools.gnu-tools-for-stm32.10.3-2021.10.win32_1.0.0.202111181127/tools/bin/../lib/gcc/arm-none-eabi/10.3.1/../../../../arm-none-eabi/lib/thumb/v7e-m+dp/hard\libc_nano.a(lib_a-abort.o)
                0x000000000800b058                abort
 .text.__swhatbuf_r
                0x000000000800b066       0x4a c:/st/stm32cubeide_1.5.0/stm32cubeide/plugins/com.st.stm32cube.ide.mcu.externaltools.gnu-tools-for-stm32.10.3-2021.10.win32_1.0.0.202111181127/tools/bin/../lib/gcc/arm-none-eabi/10.3.1/../../../../arm-none-eabi/lib/thumb/v7e-m+dp/hard\libc_nano.a(lib_a-makebuf.o)
                0x000000000800b066                __swhatbuf_r
 .text.__smakebuf_r
                0x000000000800b0b0       0x80 c:/st/stm32cubeide_1.5.0/stm32cubeide/plugins/com.st.stm32cube.ide.mcu.externaltools.gnu-tools-for-stm32.10.3-2021.10.win32_1.0.0.202111181127/tools/bin/../lib/gcc/arm-none-eabi/10.3.1/../../../../arm-none-eabi/lib/thumb/v7e-m+dp/hard\libc_nano.a(lib_a-makebuf.o)
                0x000000000800b0b0                __smakebuf_r
 .text._malloc_usable_size_r
                0x000000000800b130       0x10 c:/st/stm32cubeide_1.5.0/stm32cubeide/plugins/com.st.stm32cube.ide.mcu.externaltools.gnu-tools-for-stm32.10.3-2021.10.win32_1.0.0.202111181127/tools/bin/../lib/gcc/arm-none-eabi/10.3.1/../../../../arm-none-eabi/lib/thumb/v7e-m+dp/hard\libc_nano.a(lib_a-nano-msizer.o)
                0x000000000800b130                _malloc_usable_size_r
 .text._raise_r
                0x000000000800b140       0x50 c:/st/stm32cubeide_1.5.0/stm32cubeide/plugins/com.st.stm32cube.ide.mcu.externaltools.gnu-tools-for-stm32.10.3-2021.10.win32_1.0.0.202111181127/tools/bin/../lib/gcc/arm-none-eabi/10.3.1/../../../../arm-none-eabi/lib/thumb/v7e-m+dp/hard\libc_nano.a(lib_a-signal.o)
                0x000000000800b140                _raise_r