Archive member included to satisfy reference by file (symbol)

c:/st/stm32cubeide_1.5.0/stm32cubeide/plugins/com.st.stm32cube.ide.mcu.externaltools.gnu-tools-for-stm32.10.3-2021.10.win32_1.0.0.202111181127/tools/bin/../lib/gcc/arm-none-eabi/10.3.1/../../../../arm-none-eabi/lib/thumb/v7e-m+dp/hard\libc_nano.a(lib_a-errno.o)
                              ./Core/Src/syscalls.o (__errno)
c:/st/stm32cubeide_1.5.0/stm32cubeide/plugins/com.st.stm32cube.ide.mcu.externaltools.gnu-tools-for-stm32.10.3-2021.10.win32_1.0.0.202111181127/tools/bin/../lib/gcc/arm-none-eabi/10.3.1/../../../../arm-none-eabi/lib/thumb/v7e-m+dp/hard\libc_nano.a(lib_a-exit.o)
                              c:/st/stm32cubeide_1.5.0/stm32cubeide/plugins/com.st.stm32cube.ide.mcu.externaltools.gnu-tools-for-stm32.10.3-2021.10.win32_1.0.0.202111181127/tools/bin/../lib/gcc/arm-none-eabi/10.3.1/../../../../arm-none-eabi/lib/thumb/v7e-m+dp/hard/crt0.o (exit)
c:/st/stm32cubeide_1.5.0/stm32cubeide/plugins/com.st.stm32cube.ide.mcu.externaltools.gnu-tools-for-stm32.10.3-2021.10.win32_1.0.0.202111181127/tools/bin/../lib/gcc/arm-none-eabi/10.3.1/../../../../arm-none-eabi/lib/thumb/v7e-m+dp/hard\libc_nano.a(lib_a-findfp.o)
                              ./Middlewares/Third_Party/FreeRTOS/Source/tasks.o (__sf_fake_stderr)
c:/st/stm32cubeide_1.5.0/stm32cubeide/plugins/com.st.stm32cube.ide.mcu.externaltools.gnu-tools-for-stm32.10.3-2021.10.win32_1.0.0.202111181127/tools/bin/../lib/gcc/arm-none-eabi/10.3.1/../../../../arm-none-eabi/lib/thumb/v7e-m+dp/hard\libc_nano.a(lib_a-fwalk.o)
                              c:/st/stm32cubeide_1.5.0/stm32cubeide/plugins/com.st.stm32cube.ide.mcu.externaltools.gnu-tools-for-stm32.10.3-2021.10.win32_1.0.0.202111181127/tools/bin/../lib/gcc/arm-none-eabi/10.3.1/../../../../arm-none-eabi/lib/thumb/v7e-m+dp/hard\libc_nano.a(lib_a-findfp.o) (_fwalk)
c:/st/stm32cubeide_1.5.0/stm32cubeide/plugins/com.st.stm32cube.ide.mcu.externaltools.gnu-tools-for-stm32.10.3-2021.10.win32_1.0.0.202111181127/tools/bin/../lib/gcc/arm-none-eabi/10.3.1/../../../../arm-none-eabi/lib/thumb/v7e-m+dp/hard\libc_nano.a(lib_a-impure.o)
                              c:/st/stm32cubeide_1.5.0/stm32cubeide/plugins/com.st.stm32cube.ide.mcu.externaltools.gnu-tools-for-stm32.10.3-2021.10.win32_1.0.0.202111181127/tools/bin/../lib/gcc/arm-none-eabi/10.3.1/../../../../arm-none-eabi/lib/thumb/v7e-m+dp/hard\libc_nano.a(lib_a-exit.o) (_global_impure_ptr)
c:/st/stm32cubeide_1.5.0/stm32cubeide/plugins/com.st.stm32cube.ide.mcu.externaltools.gnu-tools-for-stm32.10.3-2021.10.win32_1.0.0.202111181127/tools/bin/../lib/gcc/arm-none-eabi/10.3.1/../../../../arm-none-eabi/lib/thumb/v7e-m+dp/hard\libc_nano.a(lib_a-init.o)
                              c:/st/stm32cubeide_1.5.0/stm32cubeide/plugins/com.st.stm32cube.ide.mcu.externaltools.gnu-tools-for-stm32.10.3-2021.10.win32_1.0.0.202111181127/tools/bin/../lib/gcc/arm-none-eabi/10.3.1/../../../../arm-none-eabi/lib/thumb/v7e-m+dp/hard/crt0.o (__libc_init_array)
c:/st/stm32cubeide_1.5.0/stm32cubeide/plugins/com.st.stm32cube.ide.mcu.externaltools.gnu-tools-for-stm32.10.3-2021.10.win32_1.0.0.202111181127/tools/bin/../lib/gcc/arm-none-eabi/10.3.1/../../../../arm-none-eabi/lib/thumb/v7e-m+dp/hard\libc_nano.a(lib_a-lock.o)
                              c:/st/stm32cubeide_1.5.0/stm32cubeide/plugins/com.st.stm32cube.ide.mcu.externaltools.gnu-tools-for-stm32.10.3-2021.10.win32_1.0.0.202111181127/tools/bin/../lib/gcc/arm-none-eabi/10.3.1/../../../../arm-none-eabi/lib/thumb/v7e-m+dp/hard\libc_nano.a(lib_a-findfp.o) (__retarget_lock_init_recursive)
c:/st/stm32cubeide_1.5.0/stm32cubeide/plugins/com.st.stm32cube.ide.mcu.externaltools.gnu-tools-for-stm32.10.3-2021.10.win32_1.0.0.202111181127/tools/bin/../lib/gcc/arm-none-eabi/10.3.1/../../../../arm-none-eabi/lib/thumb/v7e-m+dp/hard\libc_nano.a(lib_a-memcpy-stub.o)
                              ./Core/Src/hw/driver/flash.o (memcpy)
c:/st/stm32cubeide_1.5.0/stm32cubeide/plugins/com.st.stm32cube.ide.mcu.externaltools.gnu-tools-for-stm32.10.3-2021.10.win32_1.0.0.202111181127/tools/bin/../lib/gcc/arm-none-eabi/10.3.1/../../../../arm-none-eabi/lib/thumb/v7e-m+dp/hard\libc_nano.a(lib_a-memset.o)
                              c:/st/stm32cubeide_1.5.0/stm32cubeide/plugins/com.st.stm32cube.ide.mcu.externaltools.gnu-tools-for-stm32.10.3-2021.10.win32_1.0.0.202111181127/tools/bin/../lib/gcc/arm-none-eabi/10.3.1/../../../../arm-none-eabi/lib/thumb/v7e-m+dp/hard/crt0.o (memset)
c:/st/stm32cubeide_1.5.0/stm32cubeide/plugins/com.st.stm32cube.ide.mcu.externaltools.gnu-tools-for-stm32.10.3-2021.10.win32_1.0.0.202111181127/tools/bin/../lib/gcc/arm-none-eabi/10.3.1/../../../../arm-none-eabi/lib/thumb/v7e-m+dp/hard\libc_nano.a(lib_a-nano-mallocr.o)
[...]
Memory Configuration

Name             Origin             Length             Attributes
DTCMRAM          0x0000000020000000 0x0000000000020000 xrw
ITCMRAM          0x0000000000000000 0x0000000000010000 xrw
RAM_D1           0x0000000024000000 0x0000000000080000 xrw
RAM_D2           0x0000000030000000 0x0000000000048000 xrw
RAM_D3           0x0000000038000000 0x0000000000010000 xrw
FLASH1           0x0000000008000000 0x0000000000080000 xr
FLASH2           0x0000000008100000 0x0000000000080000 xr
*default*        0x0000000000000000 0xffffffffffffffff

Linker script and memory map

LOAD c:/st/stm32cubeide_1.5.0/stm32cubeide/plugins/com.st.stm32cube.ide.mcu.externaltools.gnu-tools-for-stm32.10.3-2021.10.win32_1.0.0.202111181127/tools/bin/../lib/gcc/arm-none-eabi/10.3.1/thumb/v7e-m+dp/hard/crti.o
LOAD c:/st/stm32cubeide_1.5.0/stm32cubeide/plugins/com.st.stm32cube.ide.mcu.externaltools.gnu-tools-for-stm32.10.3-2021.10.win32_1.0.0.202111181127/tools/bin/../lib/gcc/arm-none-eabi/10.3.1/thumb/v7e-m+dp/hard/crtbegin.o
LOAD c:/st/stm32cubeide_1.5.0/stm32cubeide/plugins/com.st.stm32cube.ide.mcu.externaltools.gnu-tools-for-stm32.10.3-2021.10.win32_1.0.0.202111181127/tools/bin/../lib/gcc/arm-none-eabi/10.3.1/../../../../arm-none-eabi/lib/thumb/v7e-m+dp/hard/crt0.o
LOAD ./Core/Src/bsp/bsp.o
LOAD ./Core/Src/freertos.o
LOAD ./Core/Src/main.o
LOAD ./Core/Src/stm32h7xx_hal_msp.o
LOAD ./Core/Src/stm32h7xx_hal_timebase_tim.o
LOAD ./Core/Src/stm32h7xx_it.o
LOAD ./Core/Src/syscalls.o
LOAD ./Core/Src/sysmem.o
LOAD ./Core/Src/system_stm32h7xx.o
LOAD ./Core/Src/hw/driver/flash.o
LOAD ./Core/Src/hw/driver/qbuffer.o
LOAD ./Core/Src/hw/driver/uart.o
LOAD ./Core/Src/hw/hw.o
LOAD ./Core/Src/logic/Tasks.o
LOAD ./Core/Src/logic/ap.o
LOAD ./Core/Startup/startup_stm32h743zgtx.o
LOAD ./Drivers/STM32H7xx_HAL_Driver/Src/stm32h7xx_hal.o
LOAD ./Drivers/STM32H7xx_HAL_Driver/Src/stm32h7xx_hal_cortex.o
LOAD ./Drivers/STM32H7xx_HAL_Driver/Src/stm32h7xx_hal_dma.o
LOAD ./Drivers/STM32H7xx_HAL_Driver/Src/stm32h7xx_hal_dma_ex.o
LOAD ./Drivers/STM32H7xx_HAL_Driver/Src/stm32h7xx_hal_exti.o
LOAD ./Drivers/STM32H7xx_HAL_Driver/Src/stm32h7xx_hal_flash.o
LOAD ./Drivers/STM32H7xx_HAL_Driver/Src/stm32h7xx_hal_flash_ex.o
LOAD ./Drivers/STM32H7xx_HAL_Driver/Src/stm32h7xx_hal_gpio.o
LOAD ./Drivers/STM32H7xx_HAL_Driver/Src/stm32h7xx_hal_hsem.o
LOAD ./Drivers/STM32H7xx_HAL_Driver/Src/stm32h7xx_hal_i2c.o
LOAD ./Drivers/STM32H7xx_HAL_Driver/Src/stm32h7xx_hal_i2c_ex.o
LOAD ./Drivers/STM32H7xx_HAL_Driver/Src/stm32h7xx_hal_mdma.o
LOAD ./Drivers/STM32H7xx_HAL_Driver/Src/stm32h7xx_hal_pwr.o
LOAD ./Drivers/STM32H7xx_HAL_Driver/Src/stm32h7xx_hal_pwr_ex.o
LOAD ./Drivers/STM32H7xx_HAL_Driver/Src/stm32h7xx_hal_rcc.o
LOAD ./Drivers/STM32H7xx_HAL_Driver/Src/stm32h7xx_hal_rcc_ex.o
LOAD ./Drivers/STM32H7xx_HAL_Driver/Src/stm32h7xx_hal_tim.o
LOAD ./Drivers/STM32H7xx_HAL_Driver/Src/stm32h7xx_hal_tim_ex.o
LOAD ./Drivers/STM32H7xx_HAL_Driver/Src/stm32h7xx_hal_uart.o
LOAD ./Drivers/STM32H7xx_HAL_Driver/Src/stm32h7xx_hal_uart_ex.o
LOAD ./Middlewares/Third_Party/FreeRTOS/Source/CMSIS_RTOS_V2/cmsis_os2.o
LOAD ./Middlewares/Third_Party/FreeRTOS/Source/croutine.o
LOAD ./Middlewares/Third_Party/FreeRTOS/Source/event_groups.o
LOAD ./Middlewares/Third_Party/FreeRTOS/Source/list.o
LOAD ./Middlewares/Third_Party/FreeRTOS/Source/queue.o
LOAD ./Middlewares/Third_Party/FreeRTOS/Source/stream_buffer.o
LOAD ./Middlewares/Third_Party/FreeRTOS/Source/tasks.o
LOAD ./Middlewares/Third_Party/FreeRTOS/Source/timers.o
LOAD ./Middlewares/Third_Party/FreeRTOS/Source/portable/GCC/ARM_CM4F/port.o
LOAD ./Middlewares/Third_Party/FreeRTOS/Source/portable/MemMang/heap_4.o
START GROUP
LOAD c:/st/stm32cubeide_1.5.0/stm32cubeide/plugins/com.st.stm32cube.ide.mcu.externaltools.gnu-tools-for-stm32.10.3-2021.10.win32_1.0.0.202111181127/tools/bin/../lib/gcc/arm-none-eabi/10.3.1/../../../../arm-none-eabi/lib/thumb/v7e-m+dp/hard\libstdc++_nano.a
LOAD c:/st/stm32cubeide_1.5.0/stm32cubeide/plugins/com.st.stm32cube.ide.mcu.externaltools.gnu-tools-for-stm32.10.3-2021.10.win32_1.0.0.202111181127/tools/bin/../lib/gcc/arm-none-eabi/10.3.1/../../../../arm-none-eabi/lib/thumb/v7e-m+dp/hard\libsupc++_nano.a
END GROUP
LOAD c:/st/stm32cubeide_1.5.0/stm32cubeide/plugins/com.st.stm32cube.ide.mcu.externaltools.gnu-tools-for-stm32.10.3-2021.10.win32_1.0.0.202111181127/tools/bin/../lib/gcc/arm-none-eabi/10.3.1/../../../../arm-none-eabi/lib/thumb/v7e-m+dp/hard\libstdc++_nano.a
LOAD c:/st/stm32cubeide_1.5.0/stm32cubeide/plugins/com.st.stm32cube.ide.mcu.externaltools.gnu-tools-for-stm32.10.3-2021.10.win32_1.0.0.202111181127/tools/bin/../lib/gcc/arm-none-eabi/10.3.1/../../../../arm-none-eabi/lib/thumb/v7e-m+dp/hard\libm.a
LOAD c:/st/stm32cubeide_1.5.0/stm32cubeide/plugins/com.st.stm32cube.ide.mcu.externaltools.gnu-tools-for-stm32.10.3-2021.10.win32_1.0.0.202111181127/tools/bin/../lib/gcc/arm-none-eabi/10.3.1/../../../../arm-none-eabi/lib/thumb/v7e-m+dp/hard\libc_nano.a
START GROUP
LOAD c:/st/stm32cubeide_1.5.0/stm32cubeide/plugins/com.st.stm32cube.ide.mcu.externaltools.gnu-tools-for-stm32.10.3-2021.10.win32_1.0.0.202111181127/tools/bin/../lib/gcc/arm-none-eabi/10.3.1/thumb/v7e-m+dp/hard\libgcc.a
LOAD c:/st/stm32cubeide_1.5.0/stm32cubeide/plugins/com.st.stm32cube.ide.mcu.externaltools.gnu-tools-for-stm32.10.3-2021.10.win32_1.0.0.202111181127/tools/bin/../lib/gcc/arm-none-eabi/10.3.1/../../../../arm-none-eabi/lib/thumb/v7e-m+dp/hard\libc_nano.a
END GROUP
START GROUP
LOAD c:/st/stm32cubeide_1.5.0/stm32cubeide/plugins/com.st.stm32cube.ide.mcu.externaltools.gnu-tools-for-stm32.10.3-2021.10.win32_1.0.0.202111181127/tools/bin/../lib/gcc/arm-none-eabi/10.3.1/thumb/v7e-m+dp/hard\libgcc.a
LOAD c:/st/stm32cubeide_1.5.0/stm32cubeide/plugins/com.st.stm32cube.ide.mcu.externaltools.gnu-tools-for-stm32.10.3-2021.10.win32_1.0.0.202111181127/tools/bin/../lib/gcc/arm-none-eabi/10.3.1/../../../../arm-none-eabi/lib/thumb/v7e-m+dp/hard\libc_nano.a
LOAD c:/st/stm32cubeide_1.5.0/stm32cubeide/plugins/com.st.stm32cube.ide.mcu.externaltools.gnu-tools-for-stm32.10.3-2021.10.win32_1.0.0.202111181127/tools/bin/../lib/gcc/arm-none-eabi/10.3.1/../../../../arm-none-eabi/lib/thumb/v7e-m+dp/hard\libnosys.a
END GROUP
START GROUP
LOAD c:/st/stm32cubeide_1.5.0/stm32cubeide/plugins/com.st.stm32cube.ide.mcu.externaltools.gnu-tools-for-stm32.10.3-2021.10.win32_1.0.0.202111181127/tools/bin/../lib/gcc/arm-none-eabi/10.3.1/thumb/v7e-m+dp/hard\libgcc.a
LOAD c:/st/stm32cubeide_1.5.0/stm32cubeide/plugins/com.st.stm32cube.ide.mcu.externaltools.gnu-tools-for-stm32.10.3-2021.10.win32_1.0.0.202111181127/tools/bin/../lib/gcc/arm-none-eabi/10.3.1/../../../../arm-none-eabi/lib/thumb/v7e-m+dp/hard\libc_nano.a
LOAD c:/st/stm32cubeide_1.5.0/stm32cubeide/plugins/com.st.stm32cube.ide.mcu.externaltools.gnu-tools-for-stm32.10.3-2021.10.win32_1.0.0.202111181127/tools/bin/../lib/gcc/arm-none-eabi/10.3.1/../../../../arm-none-eabi/lib/thumb/v7e-m+dp/hard\libnosys.a
END GROUP
LOAD c:/st/stm32cubeide_1.5.0/stm32cubeide/plugins/com.st.stm32cube.ide.mcu.externaltools.gnu-tools-for-stm32.10.3-2021.10.win32_1.0.0.202111181127/tools/bin/../lib/gcc/arm-none-eabi/10.3.1/thumb/v7e-m+dp/hard/crtend.o
LOAD c:/st/stm32cubeide_1.5.0/stm32cubeide/plugins/com.st.stm32cube.ide.mcu.externaltools.gnu-tools-for-stm32.10.3-2021.10.win32_1.0.0.202111181127/tools/bin/../lib/gcc/arm-none-eabi/10.3.1/thumb/v7e-m+dp/hard/crtn.o
                0x0000000024080000                _estack = (ORIGIN (RAM_D1) + LENGTH (RAM_D1))
                0x0000000000000200                _Min_Heap_Size = 0x200
                0x0000000000000400                _Min_Stack_Size = 0x400

.isr_vector     0x0000000008000000      0x298
                0x0000000008000000                . = ALIGN (0x4)
 *(.isr_vector)
 .isr_vector    0x0000000008000000      0x298 ./Core/Startup/startup_stm32h743zgtx.o
                0x0000000008000000                g_pfnVectors
                0x0000000008000298                . = ALIGN (0x4)

.text           0x00000000080002a0     0xead4
                0x00000000080002a0                . = ALIGN (0x4)
 *(.text)
 .text          0x00000000080002a0       0x40 c:/st/stm32cubeide_1.5.0/stm32cubeide/plugins/com.st.stm32cube.ide.mcu.externaltools.gnu-tools-for-stm32.10.3-2021.10.win32_1.0.0.202111181127/tools/bin/../lib/gcc/arm-none-eabi/10.3.1/thumb/v7e-m+dp/hard/crtbegin.o
 .text          0x00000000080002e0       0xa0 c:/st/stm32cubeide_1.5.0/stm32cubeide/plugins/com.st.stm32cube.ide.mcu.externaltools.gnu-tools-for-stm32.10.3-2021.10.win32_1.0.0.202111181127/tools/bin/../lib/gcc/arm-none-eabi/10.3.1/../../../../arm-none-eabi/lib/thumb/v7e-m+dp/hard\libc_nano.a(lib_a-memchr.o)
                0x00000000080002e0                memchr
 .text          0x0000000008000380       0x30 c:/st/stm32cubeide_1.5.0/stm32cubeide/plugins/com.st.stm32cube.ide.mcu.externaltools.gnu-tools-for-stm32.10.3-2021.10.win32_1.0.0.202111181127/tools/bin/../lib/gcc/arm-none-eabi/10.3.1/thumb/v7e-m+dp/hard\libgcc.a(_aeabi_uldivmod.o)
                0x0000000008000380                __aeabi_uldivmod
 .text          0x00000000080003b0      0x2d0 c:/st/stm32cubeide_1.5.0/stm32cubeide/plugins/com.st.stm32cube.ide.mcu.externaltools.gnu-tools-for-stm32.10.3-2021.10.win32_1.0.0.202111181127/tools/bin/../lib/gcc/arm-none-eabi/10.3.1/thumb/v7e-m+dp/hard\libgcc.a(_udivmoddi4.o)
                0x00000000080003b0                __udivmoddi4
 .text          0x0000000008000680        0x4 c:/st/stm32cubeide_1.5.0/stm32cubeide/plugins/com.st.stm32cube.ide.mcu.externaltools.gnu-tools-for-stm32.10.3-2021.10.win32_1.0.0.202111181127/tools/bin/../lib/gcc/arm-none-eabi/10.3.1/thumb/v7e-m+dp/hard\libgcc.a(_dvmd_tls.o)
                0x0000000008000680                __aeabi_idiv0
                0x0000000008000680                __aeabi_ldiv0
 *(.text*)
 .text._Z7bspInitv
                0x0000000008000684        0xe ./Core/Src/bsp/bsp.o
                0x0000000008000684                bspInit()
 .text.__io_putchar
                0x0000000008000692       0x1e ./Core/Src/bsp/bsp.o
                0x0000000008000692                __io_putchar
 .text.main     0x00000000080006b0       0xa0 ./Core/Src/main.o
                0x00000000080006b0                main
 .text.SystemClock_Config
                0x0000000008000750       0xfc ./Core/Src/main.o
                0x0000000008000750                SystemClock_Config
 .text.MX_LPUART1_UART_Init
                0x000000000800084c       0x98 ./Core/Src/main.o
 .text.MX_UART5_Init
                0x00000000080008e4       0x98 ./Core/Src/main.o
 .text.MX_UART8_Init
                0x000000000800097c       0x98 ./Core/Src/main.o
 .text.MX_USART1_UART_Init
                0x0000000008000a14       0x98 ./Core/Src/main.o
 .text.MX_USART6_UART_Init
                0x0000000008000aac       0x98 ./Core/Src/main.o
 .text.MX_DMA_Init
                0x0000000008000b44       0x70 ./Core/Src/main.o
 .text.MX_GPIO_Init
                0x0000000008000bb4       0xcc ./Core/Src/main.o
 .text.HAL_TIM_PeriodElapsedCallback
                0x0000000008000c80       0x24 ./Core/Src/main.o
                0x0000000008000c80                HAL_TIM_PeriodElapsedCallback
 .text.Error_Handler
                0x0000000008000ca4        0xa ./Core/Src/main.o
                0x0000000008000ca4                Error_Handler
 *fill*         0x0000000008000cae        0x2 
 .text.HAL_MspInit
                0x0000000008000cb0       0x3c ./Core/Src/stm32h7xx_hal_msp.o
                0x0000000008000cb0                HAL_MspInit
 .text.HAL_UART_MspInit
                0x0000000008000cec      0x508 ./Core/Src/stm32h7xx_hal_msp.o
                0x0000000008000cec                HAL_UART_MspInit
 .text.HAL_InitTick
                0x00000000080011f4       0xc4 ./Core/Src/stm32h7xx_hal_timebase_tim.o
                0x00000000080011f4                HAL_InitTick
 .text.NMI_Handler
                0x00000000080012b8        0x6 ./Core/Src/stm32h7xx_it.o
                0x00000000080012b8                NMI_Handler
 .text.HardFault_Handler
                0x00000000080012be        0x6 ./Core/Src/stm32h7xx_it.o
                0x00000000080012be                HardFault_Handler
 .text.MemManage_Handler
                0x00000000080012c4        0x6 ./Core/Src/stm32h7xx_it.o
                0x00000000080012c4                MemManage_Handler
 .text.BusFault_Handler
                0x00000000080012ca        0x6 ./Core/Src/stm32h7xx_it.o
                0x00000000080012ca                BusFault_Handler
 .text.UsageFault_Handler
                0x00000000080012d0        0x6 ./Core/Src/stm32h7xx_it.o
                0x00000000080012d0                UsageFault_Handler
 .text.DebugMon_Handler
                0x00000000080012d6        0xe ./Core/Src/stm32h7xx_it.o
                0x00000000080012d6                DebugMon_Handler
 .text.DMA1_Stream0_IRQHandler
                0x00000000080012e4       0x14 ./Core/Src/stm32h7xx_it.o
                0x00000000080012e4                DMA1_Stream0_IRQHandler
 .text.TIM1_UP_IRQHandler
                0x00000000080012f8       0x14 ./Core/Src/stm32h7xx_it.o
                0x00000000080012f8                TIM1_UP_IRQHandler
 .text.USART1_IRQHandler
                0x000000000800130c       0x14 ./Core/Src/stm32h7xx_it.o
                0x000000000800130c                USART1_IRQHandler
 .text.UART5_IRQHandler
                0x0000000008001320       0x14 ./Core/Src/stm32h7xx_it.o
                0x0000000008001320                UART5_IRQHandler
 .text.DMA2_Stream2_IRQHandler
                0x0000000008001334       0x14 ./Core/Src/stm32h7xx_it.o
                0x0000000008001334                DMA2_Stream2_IRQHandler
 .text.USART6_IRQHandler
                0x0000000008001348       0x14 ./Core/Src/stm32h7xx_it.o
                0x0000000008001348                USART6_IRQHandler
 .text.UART8_IRQHandler
                0x000000000800135c       0x14 ./Core/Src/stm32h7xx_it.o
                0x000000000800135c                UART8_IRQHandler
 .text._read    0x0000000008001370       0x3a ./Core/Src/syscalls.o
                0x0000000008001370                _read
 .text._write   0x00000000080013aa       0x38 ./Core/Src/syscalls.o
                0x00000000080013aa                _write
 .text._close   0x00000000080013e2       0x18 ./Core/Src/syscalls.o
                0x00000000080013e2                _close
 .text._fstat   0x00000000080013fa       0x20 ./Core/Src/syscalls.o
                0x00000000080013fa                _fstat
 .text._isatty  0x000000000800141a       0x16 ./Core/Src/syscalls.o
                0x000000000800141a                _isatty
 .text._lseek   0x0000000008001430       0x1a ./Core/Src/syscalls.o
                0x0000000008001430                _lseek
 *fill*         0x000000000800144a        0x2 
 .text._sbrk    0x000000000800144c       0x6c ./Core/Src/sysmem.o
                0x000000000800144c                _sbrk
 .text.SystemInit
                0x00000000080014b8      0x118 ./Core/Src/system_stm32h7xx.o
                0x00000000080014b8                SystemInit
 .text._Z9flashInitv
                0x00000000080015d0       0x10 ./Core/Src/hw/driver/flash.o
                0x00000000080015d0                flashInit()
 .text._Z10flashErasemm
                0x00000000080015e0      0x17c ./Core/Src/hw/driver/flash.o
                0x00000000080015e0                flashErase(unsigned long, unsigned long)
 .text._Z10flashWritemPhm
                0x000000000800175c      0x164 ./Core/Src/hw/driver/flash.o
                0x000000000800175c                flashWrite(unsigned long, unsigned char*, unsigned long)
 .text._Z9flashReadmPhm
                0x00000000080018c0       0x46 ./Core/Src/hw/driver/flash.o
                0x00000000080018c0                flashRead(unsigned long, unsigned char*, unsigned long)
 .text.qbufferCreate
                0x0000000008001906       0x36 ./Core/Src/hw/driver/qbuffer.o
                0x0000000008001906                qbufferCreate
 .text.qbufferWrite
                0x000000000800193c       0x7c ./Core/Src/hw/driver/qbuffer.o
                0x000000000800193c                qbufferWrite
 .text.qbufferRead
                0x00000000080019b8       0x7a ./Core/Src/hw/driver/qbuffer.o
                0x00000000080019b8                qbufferRead
 .text.qbufferAvailable
                0x0000000008001a32       0x36 ./Core/Src/hw/driver/qbuffer.o
                0x0000000008001a32                qbufferAvailable
 .text.uartInit
                0x0000000008001a68       0x34 ./Core/Src/hw/driver/uart.o
                0x0000000008001a68                uartInit
 .text.uartOpen
                0x0000000008001a9c      0x124 ./Core/Src/hw/driver/uart.o
                0x0000000008001a9c                uartOpen
 .text.uartAvailable
                0x0000000008001bc0       0x6c ./Core/Src/hw/driver/uart.o
                0x0000000008001bc0                uartAvailable
 .text.uartRead
                0x0000000008001c2c       0x50 ./Core/Src/hw/driver/uart.o
                0x0000000008001c2c                uartRead
 .text.HAL_UART_RxCpltCallback
                0x0000000008001c7c       0x40 ./Core/Src/hw/driver/uart.o
                0x0000000008001c7c                HAL_UART_RxCpltCallback
 .text.uartWrite
                0x0000000008001cbc       0x74 ./Core/Src/hw/driver/uart.o
                0x0000000008001cbc                uartWrite
 .text._Z6hwInitv
                0x0000000008001d30       0x14 ./Core/Src/hw/hw.o
                0x0000000008001d30                hwInit()
 .text.DebugTask
                0x0000000008001d44       0x14 ./Core/Src/logic/Tasks.o
                0x0000000008001d44                DebugTask
 .text.MainTask
                0x0000000008001d58        0xe ./Core/Src/logic/Tasks.o
                0x0000000008001d58                MainTask
 .text.SensingTask
                0x0000000008001d66        0xe ./Core/Src/logic/Tasks.o
                0x0000000008001d66                SensingTask
 .text._Z6apInitv
                0x0000000008001d74       0x1c ./Core/Src/logic/ap.o
                0x0000000008001d74                apInit()
 .text._Z6apMainv
                0x0000000008001d90      0x148 ./Core/Src/logic/ap.o
                0x0000000008001d90                apMain()
 .text.Reset_Handler
                0x0000000008001ed8       0x50 ./Core/Startup/startup_stm32h743zgtx.o
                0x0000000008001ed8                Reset_Handler
 .text.Default_Handler
                0x0000000008001f28        0x2 ./Core/Startup/startup_stm32h743zgtx.o
                0x0000000008001f28                RTC_Alarm_IRQHandler
                0x0000000008001f28                EXTI2_IRQHandler
                0x0000000008001f28                TIM8_CC_IRQHandler
                0x0000000008001f28                HRTIM1_Master_IRQHandler
                0x0000000008001f28                SPI4_IRQHandler
                0x0000000008001f28                TIM1_CC_IRQHandler
                0x0000000008001f28                BDMA_Channel6_IRQHandler
                0x0000000008001f28                DMA2_Stream5_IRQHandler
                0x0000000008001f28                HRTIM1_FLT_IRQHandler
                0x0000000008001f28                JPEG_IRQHandler
                0x0000000008001f28                DMA1_Stream5_IRQHandler
                0x0000000008001f28                BDMA_Channel1_IRQHandler
                0x0000000008001f28                HRTIM1_TIMD_IRQHandler
                0x0000000008001f28                TAMP_STAMP_IRQHandler
                0x0000000008001f28                EXTI3_IRQHandler
                0x0000000008001f28                LPTIM4_IRQHandler
                0x0000000008001f28                TIM8_TRG_COM_TIM14_IRQHandler
                0x0000000008001f28                LPTIM2_IRQHandler
                0x0000000008001f28                DFSDM1_FLT1_IRQHandler
                0x0000000008001f28                DMAMUX2_OVR_IRQHandler
                0x0000000008001f28                TIM8_UP_TIM13_IRQHandler
                0x0000000008001f28                I2C3_ER_IRQHandler
                0x0000000008001f28                DFSDM1_FLT2_IRQHandler
                0x0000000008001f28                MDMA_IRQHandler
                0x0000000008001f28                LPTIM3_IRQHandler
                0x0000000008001f28                HSEM1_IRQHandler
                0x0000000008001f28                EXTI0_IRQHandler
                0x0000000008001f28                I2C2_EV_IRQHandler
                0x0000000008001f28                DMA1_Stream2_IRQHandler
                0x0000000008001f28                FPU_IRQHandler
                0x0000000008001f28                OTG_HS_WKUP_IRQHandler
                0x0000000008001f28                FDCAN1_IT1_IRQHandler
                0x0000000008001f28                LTDC_ER_IRQHandler
                0x0000000008001f28                HRTIM1_TIME_IRQHandler
                0x0000000008001f28                SPI1_IRQHandler
                0x0000000008001f28                TIM6_DAC_IRQHandler
                0x0000000008001f28                DCMI_IRQHandler
                0x0000000008001f28                HRTIM1_TIMC_IRQHandler
                0x0000000008001f28                DMA2_Stream3_IRQHandler
                0x0000000008001f28                SAI2_IRQHandler
                0x0000000008001f28                DFSDM1_FLT3_IRQHandler
                0x0000000008001f28                TIM17_IRQHandler
                0x0000000008001f28                USART3_IRQHandler
                0x0000000008001f28                BDMA_Channel7_IRQHandler
                0x0000000008001f28                LPTIM5_IRQHandler
                0x0000000008001f28                ADC3_IRQHandler
                0x0000000008001f28                DMA2_Stream0_IRQHandler
                0x0000000008001f28                TIM4_IRQHandler
                0x0000000008001f28                BDMA_Channel2_IRQHandler
                0x0000000008001f28                QUADSPI_IRQHandler
                0x0000000008001f28                I2C1_EV_IRQHandler
                0x0000000008001f28                DMA1_Stream6_IRQHandler
                0x0000000008001f28                DMAMUX1_OVR_IRQHandler
                0x0000000008001f28                DMA1_Stream1_IRQHandler
                0x0000000008001f28                TIM16_IRQHandler
                0x0000000008001f28                UART4_IRQHandler
                0x0000000008001f28                BDMA_Channel5_IRQHandler
                0x0000000008001f28                TIM3_IRQHandler
                0x0000000008001f28                RCC_IRQHandler
                0x0000000008001f28                TIM8_BRK_TIM12_IRQHandler
                0x0000000008001f28                TIM1_TRG_COM_IRQHandler
                0x0000000008001f28                Default_Handler
                0x0000000008001f28                ECC_IRQHandler
                0x0000000008001f28                CEC_IRQHandler
                0x0000000008001f28                EXTI15_10_IRQHandler
                0x0000000008001f28                BDMA_Channel0_IRQHandler
                0x0000000008001f28                ADC_IRQHandler
                0x0000000008001f28                DMA1_Stream7_IRQHandler
                0x0000000008001f28                HRTIM1_TIMA_IRQHandler
                0x0000000008001f28                SPI5_IRQHandler
                0x0000000008001f28                TIM7_IRQHandler
                0x0000000008001f28                SDMMC1_IRQHandler
                0x0000000008001f28                TIM5_IRQHandler
                0x0000000008001f28                DMA2_Stream7_IRQHandler
                0x0000000008001f28                TIM15_IRQHandler
                0x0000000008001f28                PVD_AVD_IRQHandler
                0x0000000008001f28                I2C3_EV_IRQHandler
                0x0000000008001f28                EXTI9_5_IRQHandler
                0x0000000008001f28                RTC_WKUP_IRQHandler
                0x0000000008001f28                LTDC_IRQHandler
                0x0000000008001f28                SAI3_IRQHandler
                0x0000000008001f28                ETH_WKUP_IRQHandler
                0x0000000008001f28                SPDIF_RX_IRQHandler
                0x0000000008001f28                SPI2_IRQHandler
                0x0000000008001f28                OTG_HS_EP1_IN_IRQHandler
                0x0000000008001f28                CRS_IRQHandler
                0x0000000008001f28                EXTI4_IRQHandler
                0x0000000008001f28                RNG_IRQHandler
                0x0000000008001f28                HRTIM1_TIMB_IRQHandler
                0x0000000008001f28                FDCAN2_IT1_IRQHandler
                0x0000000008001f28                ETH_IRQHandler
                0x0000000008001f28                BDMA_Channel4_IRQHandler
                0x0000000008001f28                OTG_HS_EP1_OUT_IRQHandler
                0x0000000008001f28                WWDG_IRQHandler
                0x0000000008001f28                SPI6_IRQHandler
                0x0000000008001f28                MDIOS_IRQHandler
                0x0000000008001f28                I2C4_EV_IRQHandler
                0x0000000008001f28                FDCAN2_IT0_IRQHandler
                0x0000000008001f28                LPUART1_IRQHandler
                0x0000000008001f28                FDCAN1_IT0_IRQHandler
                0x0000000008001f28                TIM2_IRQHandler
                0x0000000008001f28                OTG_FS_WKUP_IRQHandler
                0x0000000008001f28                OTG_HS_IRQHandler
                0x0000000008001f28                DMA2D_IRQHandler
                0x0000000008001f28                TIM1_BRK_IRQHandler
                0x0000000008001f28                EXTI1_IRQHandler
                0x0000000008001f28                SDMMC2_IRQHandler
                0x0000000008001f28                OTG_FS_EP1_OUT_IRQHandler
                0x0000000008001f28                BDMA_Channel3_IRQHandler
                0x0000000008001f28                UART7_IRQHandler
                0x0000000008001f28                MDIOS_WKUP_IRQHandler
                0x0000000008001f28                USART2_IRQHandler
                0x0000000008001f28                DFSDM1_FLT0_IRQHandler
                0x0000000008001f28                SAI4_IRQHandler
                0x0000000008001f28                I2C2_ER_IRQHandler
                0x0000000008001f28                DMA2_Stream1_IRQHandler
                0x0000000008001f28                FLASH_IRQHandler
                0x0000000008001f28                DMA2_Stream4_IRQHandler
                0x0000000008001f28                OTG_FS_IRQHandler
                0x0000000008001f28                SPI3_IRQHandler
                0x0000000008001f28                WAKEUP_PIN_IRQHandler
                0x0000000008001f28                DMA1_Stream4_IRQHandler
                0x0000000008001f28                OTG_FS_EP1_IN_IRQHandler
                0x0000000008001f28                I2C1_ER_IRQHandler
                0x0000000008001f28                FMC_IRQHandler
                0x0000000008001f28                FDCAN_CAL_IRQHandler
                0x0000000008001f28                SWPMI1_IRQHandler
                0x0000000008001f28                COMP1_IRQHandler
                0x0000000008001f28                LPTIM1_IRQHandler
                0x0000000008001f28                I2C4_ER_IRQHandler
                0x0000000008001f28                DMA2_Stream6_IRQHandler
                0x0000000008001f28                SAI1_IRQHandler
                0x0000000008001f28                DMA1_Stream3_IRQHandler
 *fill*         0x0000000008001f2a        0x2 
 .text.HAL_Init
                0x0000000008001f2c       0x78 ./Drivers/STM32H7xx_HAL_Driver/Src/stm32h7xx_hal.o
                0x0000000008001f2c                HAL_Init
 .text.HAL_IncTick
                0x0000000008001fa4       0x28 ./Drivers/STM32H7xx_HAL_Driver/Src/stm32h7xx_hal.o
                0x0000000008001fa4                HAL_IncTick
 .text.HAL_GetTick
                0x0000000008001fcc       0x18 ./Drivers/STM32H7xx_HAL_Driver/Src/stm32h7xx_hal.o
                0x0000000008001fcc                HAL_GetTick
 .text.HAL_GetREVID
                0x0000000008001fe4       0x18 ./Drivers/STM32H7xx_HAL_Driver/Src/stm32h7xx_hal.o
                0x0000000008001fe4                HAL_GetREVID
 .text.__NVIC_SetPriorityGrouping
                0x0000000008001ffc       0x48 ./Drivers/STM32H7xx_HAL_Driver/Src/stm32h7xx_hal_cortex.o
 .text.__NVIC_GetPriorityGrouping
                0x0000000008002044       0x1c ./Drivers/STM32H7xx_HAL_Driver/Src/stm32h7xx_hal_cortex.o
 .text.__NVIC_EnableIRQ
                0x0000000008002060       0x3c ./Drivers/STM32H7xx_HAL_Driver/Src/stm32h7xx_hal_cortex.o
 .text.__NVIC_SetPriority
                0x000000000800209c       0x54 ./Drivers/STM32H7xx_HAL_Driver/Src/stm32h7xx_hal_cortex.o
 .text.NVIC_EncodePriority
                0x00000000080020f0       0x66 ./Drivers/STM32H7xx_HAL_Driver/Src/stm32h7xx_hal_cortex.o
 .text.HAL_NVIC_SetPriorityGrouping
                0x0000000008002156       0x16 ./Drivers/STM32H7xx_HAL_Driver/Src/stm32h7xx_hal_cortex.o
                0x0000000008002156                HAL_NVIC_SetPriorityGrouping
 .text.HAL_NVIC_SetPriority
                0x000000000800216c       0x34 ./Drivers/STM32H7xx_HAL_Driver/Src/stm32h7xx_hal_cortex.o
                0x000000000800216c                HAL_NVIC_SetPriority
 .text.HAL_NVIC_EnableIRQ
                0x00000000080021a0       0x1c ./Drivers/STM32H7xx_HAL_Driver/Src/stm32h7xx_hal_cortex.o
                0x00000000080021a0                HAL_NVIC_EnableIRQ
 .text.HAL_DMA_Init
                0x00000000080021bc      0x6b8 ./Drivers/STM32H7xx_HAL_Driver/Src/stm32h7xx_hal_dma.o
                0x00000000080021bc                HAL_DMA_Init
 .text.HAL_DMA_Start_IT
                0x0000000008002874      0x4d4 ./Drivers/STM32H7xx_HAL_Driver/Src/stm32h7xx_hal_dma.o
                0x0000000008002874                HAL_DMA_Start_IT
 .text.HAL_DMA_Abort
                0x0000000008002d48      0x63c ./Drivers/STM32H7xx_HAL_Driver/Src/stm32h7xx_hal_dma.o
                0x0000000008002d48                HAL_DMA_Abort
 .text.HAL_DMA_Abort_IT
                0x0000000008003384      0x48c ./Drivers/STM32H7xx_HAL_Driver/Src/stm32h7xx_hal_dma.o
                0x0000000008003384                HAL_DMA_Abort_IT
 .text.HAL_DMA_IRQHandler
                0x0000000008003810      0xe54 ./Drivers/STM32H7xx_HAL_Driver/Src/stm32h7xx_hal_dma.o
                0x0000000008003810                HAL_DMA_IRQHandler
 .text.DMA_SetConfig
                0x0000000008004664      0x358 ./Drivers/STM32H7xx_HAL_Driver/Src/stm32h7xx_hal_dma.o
 .text.DMA_CalcBaseAndBitshift
                0x00000000080049bc      0x164 ./Drivers/STM32H7xx_HAL_Driver/Src/stm32h7xx_hal_dma.o
 .text.DMA_CheckFifoParam
                0x0000000008004b20       0xf8 ./Drivers/STM32H7xx_HAL_Driver/Src/stm32h7xx_hal_dma.o
 .text.DMA_CalcDMAMUXChannelBaseAndMask
                0x0000000008004c18      0x134 ./Drivers/STM32H7xx_HAL_Driver/Src/stm32h7xx_hal_dma.o
 .text.DMA_CalcDMAMUXRequestGenBaseAndMask
                0x0000000008004d4c       0xe8 ./Drivers/STM32H7xx_HAL_Driver/Src/stm32h7xx_hal_dma.o
 .text.HAL_FLASH_Program
                0x0000000008004e34      0x124 ./Drivers/STM32H7xx_HAL_Driver/Src/stm32h7xx_hal_flash.o
                0x0000000008004e34                HAL_FLASH_Program
 .text.HAL_FLASH_Unlock
                0x0000000008004f58       0x74 ./Drivers/STM32H7xx_HAL_Driver/Src/stm32h7xx_hal_flash.o
                0x0000000008004f58                HAL_FLASH_Unlock
 .text.HAL_FLASH_Lock
                0x0000000008004fcc       0x54 ./Drivers/STM32H7xx_HAL_Driver/Src/stm32h7xx_hal_flash.o
                0x0000000008004fcc                HAL_FLASH_Lock
 .text.FLASH_WaitForLastOperation
                0x0000000008005020      0x138 ./Drivers/STM32H7xx_HAL_Driver/Src/stm32h7xx_hal_flash.o
                0x0000000008005020                FLASH_WaitForLastOperation
 .text.HAL_FLASHEx_Erase
                0x0000000008005158      0x194 ./Drivers/STM32H7xx_HAL_Driver/Src/stm32h7xx_hal_flash_ex.o
                0x0000000008005158                HAL_FLASHEx_Erase
 .text.FLASH_MassErase
                0x00000000080052ec       0xd4 ./Drivers/STM32H7xx_HAL_Driver/Src/stm32h7xx_hal_flash_ex.o
 .text.FLASH_Erase_Sector
                0x00000000080053c0       0x7c ./Drivers/STM32H7xx_HAL_Driver/Src/stm32h7xx_hal_flash_ex.o
                0x00000000080053c0                FLASH_Erase_Sector
 .text.HAL_GPIO_Init
                0x000000000800543c      0x360 ./Drivers/STM32H7xx_HAL_Driver/Src/stm32h7xx_hal_gpio.o
                0x000000000800543c                HAL_GPIO_Init
 .text.HAL_PWREx_ConfigSupply
                0x000000000800579c       0x74 ./Drivers/STM32H7xx_HAL_Driver/Src/stm32h7xx_hal_pwr_ex.o
                0x000000000800579c                HAL_PWREx_ConfigSupply
 .text.HAL_RCC_OscConfig
                0x0000000008005810      0x85c ./Drivers/STM32H7xx_HAL_Driver/Src/stm32h7xx_hal_rcc.o
                0x0000000008005810                HAL_RCC_OscConfig
 .text.HAL_RCC_ClockConfig
                0x000000000800606c      0x36c ./Drivers/STM32H7xx_HAL_Driver/Src/stm32h7xx_hal_rcc.o
                0x000000000800606c                HAL_RCC_ClockConfig
 .text.HAL_RCC_GetSysClockFreq
                0x00000000080063d8      0x2f4 ./Drivers/STM32H7xx_HAL_Driver/Src/stm32h7xx_hal_rcc.o
                0x00000000080063d8                HAL_RCC_GetSysClockFreq
 .text.HAL_RCC_GetHCLKFreq
                0x00000000080066cc       0x60 ./Drivers/STM32H7xx_HAL_Driver/Src/stm32h7xx_hal_rcc.o
                0x00000000080066cc                HAL_RCC_GetHCLKFreq
 .text.HAL_RCC_GetPCLK1Freq
                0x000000000800672c       0x2c ./Drivers/STM32H7xx_HAL_Driver/Src/stm32h7xx_hal_rcc.o
                0x000000000800672c                HAL_RCC_GetPCLK1Freq
 .text.HAL_RCC_GetPCLK2Freq
                0x0000000008006758       0x2c ./Drivers/STM32H7xx_HAL_Driver/Src/stm32h7xx_hal_rcc.o
                0x0000000008006758                HAL_RCC_GetPCLK2Freq
 .text.HAL_RCC_GetClockConfig
                0x0000000008006784       0x84 ./Drivers/STM32H7xx_HAL_Driver/Src/stm32h7xx_hal_rcc.o
                0x0000000008006784                HAL_RCC_GetClockConfig
 .text.HAL_RCCEx_PeriphCLKConfig
                0x0000000008006808      0xe8c ./Drivers/STM32H7xx_HAL_Driver/Src/stm32h7xx_hal_rcc_ex.o
                0x0000000008006808                HAL_RCCEx_PeriphCLKConfig
 .text.HAL_RCCEx_GetD3PCLK1Freq
                0x0000000008007694       0x2c ./Drivers/STM32H7xx_HAL_Driver/Src/stm32h7xx_hal_rcc_ex.o
                0x0000000008007694                HAL_RCCEx_GetD3PCLK1Freq
 .text.HAL_RCCEx_GetPLL2ClockFreq
                0x00000000080076c0      0x2a8 ./Drivers/STM32H7xx_HAL_Driver/Src/stm32h7xx_hal_rcc_ex.o
                0x00000000080076c0                HAL_RCCEx_GetPLL2ClockFreq
 .text.HAL_RCCEx_GetPLL3ClockFreq
                0x0000000008007968      0x2a8 ./Drivers/STM32H7xx_HAL_Driver/Src/stm32h7xx_hal_rcc_ex.o
                0x0000000008007968                HAL_RCCEx_GetPLL3ClockFreq
 .text.RCCEx_PLL2_Config
                0x0000000008007c10      0x164 ./Drivers/STM32H7xx_HAL_Driver/Src/stm32h7xx_hal_rcc_ex.o
 .text.RCCEx_PLL3_Config
                0x0000000008007d74      0x164 ./Drivers/STM32H7xx_HAL_Driver/Src/stm32h7xx_hal_rcc_ex.o
 .text.HAL_TIM_Base_Init
                0x0000000008007ed8       0xae ./Drivers/STM32H7xx_HAL_Driver/Src/stm32h7xx_hal_tim.o
                0x0000000008007ed8                HAL_TIM_Base_Init
 .text.HAL_TIM_Base_MspInit
                0x0000000008007f86       0x14 ./Drivers/STM32H7xx_HAL_Driver/Src/stm32h7xx_hal_tim.o
                0x0000000008007f86                HAL_TIM_Base_MspInit
 *fill*         0x0000000008007f9a        0x2 
 .text.HAL_TIM_Base_Start_IT
                0x0000000008007f9c       0xf0 ./Drivers/STM32H7xx_HAL_Driver/Src/stm32h7xx_hal_tim.o
                0x0000000008007f9c                HAL_TIM_Base_Start_IT
 .text.HAL_TIM_IRQHandler
                0x000000000800808c      0x23e ./Drivers/STM32H7xx_HAL_Driver/Src/stm32h7xx_hal_tim.o
                0x000000000800808c                HAL_TIM_IRQHandler
 .text.HAL_TIM_OC_DelayElapsedCallback
                0x00000000080082ca       0x14 ./Drivers/STM32H7xx_HAL_Driver/Src/stm32h7xx_hal_tim.o
                0x00000000080082ca                HAL_TIM_OC_DelayElapsedCallback
 .text.HAL_TIM_IC_CaptureCallback
                0x00000000080082de       0x14 ./Drivers/STM32H7xx_HAL_Driver/Src/stm32h7xx_hal_tim.o
                0x00000000080082de                HAL_TIM_IC_CaptureCallback
 .text.HAL_TIM_PWM_PulseFinishedCallback
                0x00000000080082f2       0x14 ./Drivers/STM32H7xx_HAL_Driver/Src/stm32h7xx_hal_tim.o
                0x00000000080082f2                HAL_TIM_PWM_PulseFinishedCallback
 .text.HAL_TIM_TriggerCallback
                0x0000000008008306       0x14 ./Drivers/STM32H7xx_HAL_Driver/Src/stm32h7xx_hal_tim.o
                0x0000000008008306                HAL_TIM_TriggerCallback
 *fill*         0x000000000800831a        0x2 
 .text.TIM_Base_SetConfig
                0x000000000800831c      0x134 ./Drivers/STM32H7xx_HAL_Driver/Src/stm32h7xx_hal_tim.o
                0x000000000800831c                TIM_Base_SetConfig
 .text.HAL_TIMEx_CommutCallback
                0x0000000008008450       0x14 ./Drivers/STM32H7xx_HAL_Driver/Src/stm32h7xx_hal_tim_ex.o
                0x0000000008008450                HAL_TIMEx_CommutCallback
 .text.HAL_TIMEx_BreakCallback
                0x0000000008008464       0x14 ./Drivers/STM32H7xx_HAL_Driver/Src/stm32h7xx_hal_tim_ex.o
                0x0000000008008464                HAL_TIMEx_BreakCallback
 .text.HAL_TIMEx_Break2Callback
                0x0000000008008478       0x14 ./Drivers/STM32H7xx_HAL_Driver/Src/stm32h7xx_hal_tim_ex.o
                0x0000000008008478                HAL_TIMEx_Break2Callback
 .text.HAL_UART_Init
                0x000000000800848c       0xa0 ./Drivers/STM32H7xx_HAL_Driver/Src/stm32h7xx_hal_uart.o
                0x000000000800848c                HAL_UART_Init
 .text.HAL_UART_Transmit
                0x000000000800852c      0x12c ./Drivers/STM32H7xx_HAL_Driver/Src/stm32h7xx_hal_uart.o
                0x000000000800852c                HAL_UART_Transmit
 .text.HAL_UART_Receive_IT
                0x0000000008008658       0xac ./Drivers/STM32H7xx_HAL_Driver/Src/stm32h7xx_hal_uart.o
                0x0000000008008658                HAL_UART_Receive_IT
 .text.HAL_UART_Receive_DMA
                0x0000000008008704       0xac ./Drivers/STM32H7xx_HAL_Driver/Src/stm32h7xx_hal_uart.o
                0x0000000008008704                HAL_UART_Receive_DMA
 .text.HAL_UART_IRQHandler
                0x00000000080087b0      0x73c ./Drivers/STM32H7xx_HAL_Driver/Src/stm32h7xx_hal_uart.o
                0x00000000080087b0                HAL_UART_IRQHandler
 .text.HAL_UART_TxCpltCallback
                0x0000000008008eec       0x14 ./Drivers/STM32H7xx_HAL_Driver/Src/stm32h7xx_hal_uart.o
                0x0000000008008eec                HAL_UART_TxCpltCallback
 .text.HAL_UART_RxHalfCpltCallback
                0x0000000008008f00       0x14 ./Drivers/STM32H7xx_HAL_Driver/Src/stm32h7xx_hal_uart.o
                0x0000000008008f00                HAL_UART_RxHalfCpltCallback
 .text.HAL_UART_ErrorCallback
                0x0000000008008f14       0x14 ./Drivers/STM32H7xx_HAL_Driver/Src/stm32h7xx_hal_uart.o
                0x0000000008008f14                HAL_UART_ErrorCallback
 .text.HAL_UARTEx_RxEventCallback
                0x0000000008008f28       0x18 ./Drivers/STM32H7xx_HAL_Driver/Src/stm32h7xx_hal_uart.o
                0x0000000008008f28                HAL_UARTEx_RxEventCallback
 .text.UART_SetConfig
                0x0000000008008f40      0xad0 ./Drivers/STM32H7xx_HAL_Driver/Src/stm32h7xx_hal_uart.o
                0x0000000008008f40                UART_SetConfig
 .text.UART_AdvFeatureConfig
                0x0000000008009a10      0x144 ./Drivers/STM32H7xx_HAL_Driver/Src/stm32h7xx_hal_uart.o
                0x0000000008009a10                UART_AdvFeatureConfig
 .text.UART_CheckIdleState
                0x0000000008009b54       0x96 ./Drivers/STM32H7xx_HAL_Driver/Src/stm32h7xx_hal_uart.o
                0x0000000008009b54                UART_CheckIdleState
 .text.UART_WaitOnFlagUntilTimeout
                0x0000000008009bea      0x190 ./Drivers/STM32H7xx_HAL_Driver/Src/stm32h7xx_hal_uart.o
                0x0000000008009bea                UART_WaitOnFlagUntilTimeout
 *fill*         0x0000000008009d7a        0x2 
 .text.UART_Start_Receive_IT
                0x0000000008009d7c      0x254 ./Drivers/STM32H7xx_HAL_Driver/Src/stm32h7xx_hal_uart.o
                0x0000000008009d7c                UART_Start_Receive_IT
 .text.UART_Start_Receive_DMA
                0x0000000008009fd0      0x150 ./Drivers/STM32H7xx_HAL_Driver/Src/stm32h7xx_hal_uart.o
                0x0000000008009fd0                UART_Start_Receive_DMA
 .text.UART_EndTxTransfer
                0x000000000800a120       0x82 ./Drivers/STM32H7xx_HAL_Driver/Src/stm32h7xx_hal_uart.o
 *fill*         0x000000000800a1a2        0x2 
 .text.UART_EndRxTransfer
                0x000000000800a1a4       0xcc ./Drivers/STM32H7xx_HAL_Driver/Src/stm32h7xx_hal_uart.o
 .text.UART_DMAReceiveCplt
                0x000000000800a270      0x122 ./Drivers/STM32H7xx_HAL_Driver/Src/stm32h7xx_hal_uart.o
 .text.UART_DMARxHalfCplt
                0x000000000800a392       0x38 ./Drivers/STM32H7xx_HAL_Driver/Src/stm32h7xx_hal_uart.o
 .text.UART_DMAError
                0x000000000800a3ca       0x80 ./Drivers/STM32H7xx_HAL_Driver/Src/stm32h7xx_hal_uart.o
 .text.UART_DMAAbortOnError
                0x000000000800a44a       0x2c ./Drivers/STM32H7xx_HAL_Driver/Src/stm32h7xx_hal_uart.o
 .text.UART_EndTransmit_IT
                0x000000000800a476       0x56 ./Drivers/STM32H7xx_HAL_Driver/Src/stm32h7xx_hal_uart.o
 .text.UART_RxISR_8BIT
                0x000000000800a4cc      0x160 ./Drivers/STM32H7xx_HAL_Driver/Src/stm32h7xx_hal_uart.o
 .text.UART_RxISR_16BIT
                0x000000000800a62c      0x160 ./Drivers/STM32H7xx_HAL_Driver/Src/stm32h7xx_hal_uart.o
 .text.UART_RxISR_8BIT_FIFOEN
                0x000000000800a78c      0x2f8 ./Drivers/STM32H7xx_HAL_Driver/Src/stm32h7xx_hal_uart.o
 .text.UART_RxISR_16BIT_FIFOEN
                0x000000000800aa84      0x300 ./Drivers/STM32H7xx_HAL_Driver/Src/stm32h7xx_hal_uart.o
 .text.HAL_UARTEx_WakeupCallback
                0x000000000800ad84       0x14 ./Drivers/STM32H7xx_HAL_Driver/Src/stm32h7xx_hal_uart_ex.o
                0x000000000800ad84                HAL_UARTEx_WakeupCallback
 .text.HAL_UARTEx_RxFifoFullCallback
                0x000000000800ad98       0x14 ./Drivers/STM32H7xx_HAL_Driver/Src/stm32h7xx_hal_uart_ex.o
                0x000000000800ad98                HAL_UARTEx_RxFifoFullCallback
 .text.HAL_UARTEx_TxFifoEmptyCallback
                0x000000000800adac       0x14 ./Drivers/STM32H7xx_HAL_Driver/Src/stm32h7xx_hal_uart_ex.o
                0x000000000800adac                HAL_UARTEx_TxFifoEmptyCallback
 .text.HAL_UARTEx_DisableFifoMode
                0x000000000800adc0       0x72 ./Drivers/STM32H7xx_HAL_Driver/Src/stm32h7xx_hal_uart_ex.o
                0x000000000800adc0                HAL_UARTEx_DisableFifoMode
 .text.HAL_UARTEx_SetTxFifoThreshold
                0x000000000800ae32       0x7c ./Drivers/STM32H7xx_HAL_Driver/Src/stm32h7xx_hal_uart_ex.o
                0x000000000800ae32                HAL_UARTEx_SetTxFifoThreshold
 .text.HAL_UARTEx_SetRxFifoThreshold
                0x000000000800aeae       0x7c ./Drivers/STM32H7xx_HAL_Driver/Src/stm32h7xx_hal_uart_ex.o
                0x000000000800aeae                HAL_UARTEx_SetRxFifoThreshold
 *fill*         0x000000000800af2a        0x2 
 .text.UARTEx_SetNbDataToProcess
                0x000000000800af2c       0x9c ./Drivers/STM32H7xx_HAL_Driver/Src/stm32h7xx_hal_uart_ex.o
 .text.__NVIC_SetPriority
                0x000000000800afc8       0x54 ./Middlewares/Third_Party/FreeRTOS/Source/CMSIS_RTOS_V2/cmsis_os2.o
 .text.SysTick_Handler
                0x000000000800b01c       0x20 ./Middlewares/Third_Party/FreeRTOS/Source/CMSIS_RTOS_V2/cmsis_os2.o
                0x000000000800b01c                SysTick_Handler
 .text.SVC_Setup
                0x000000000800b03c       0x12 ./Middlewares/Third_Party/FreeRTOS/Source/CMSIS_RTOS_V2/cmsis_os2.o
 *fill*         0x000000000800b04e        0x2 
 .text.osKernelInitialize
                0x000000000800b050       0x48 ./Middlewares/Third_Party/FreeRTOS/Source/CMSIS_RTOS_V2/cmsis_os2.o
                0x000000000800b050                osKernelInitialize
 .text.osKernelStart
                0x000000000800b098       0x4c ./Middlewares/Third_Party/FreeRTOS/Source/CMSIS_RTOS_V2/cmsis_os2.o
                0x000000000800b098                osKernelStart
 .text.osThreadNew
                0x000000000800b0e4      0x124 ./Middlewares/Third_Party/FreeRTOS/Source/CMSIS_RTOS_V2/cmsis_os2.o
                0x000000000800b0e4                osThreadNew
 .text.osMessageQueueNew
                0x000000000800b208       0xe6 ./Middlewares/Third_Party/FreeRTOS/Source/CMSIS_RTOS_V2/cmsis_os2.o
                0x000000000800b208                osMessageQueueNew
 *fill*         0x000000000800b2ee        0x2 
 .text.vApplicationGetIdleTaskMemory
                0x000000000800b2f0       0x34 ./Middlewares/Third_Party/FreeRTOS/Source/CMSIS_RTOS_V2/cmsis_os2.o
                0x000000000800b2f0                vApplicationGetIdleTaskMemory
 .text.vApplicationGetTimerTaskMemory
                0x000000000800b324       0x34 ./Middlewares/Third_Party/FreeRTOS/Source/CMSIS_RTOS_V2/cmsis_os2.o
                0x000000000800b324                vApplicationGetTimerTaskMemory
 .text.vListInitialise
                0x000000000800b358       0x40 ./Middlewares/Third_Party/FreeRTOS/Source/list.o
                0x000000000800b358                vListInitialise
 .text.vListInitialiseItem
                0x000000000800b398       0x1a ./Middlewares/Third_Party/FreeRTOS/Source/list.o
                0x000000000800b398                vListInitialiseItem
 .text.vListInsertEnd
                0x000000000800b3b2       0x48 ./Middlewares/Third_Party/FreeRTOS/Source/list.o
                0x000000000800b3b2                vListInsertEnd
 .text.vListInsert
                0x000000000800b3fa       0x72 ./Middlewares/Third_Party/FreeRTOS/Source/list.o
                0x000000000800b3fa                vListInsert
 .text.uxListRemove
                0x000000000800b46c       0x54 ./Middlewares/Third_Party/FreeRTOS/Source/list.o
                0x000000000800b46c                uxListRemove
 .text.xQueueGenericReset
                0x000000000800b4c0       0xd0 ./Middlewares/Third_Party/FreeRTOS/Source/queue.o
                0x000000000800b4c0                xQueueGenericReset
 .text.xQueueGenericCreateStatic
                0x000000000800b590       0xf0 ./Middlewares/Third_Party/FreeRTOS/Source/queue.o
                0x000000000800b590                xQueueGenericCreateStatic
 .text.xQueueGenericCreate
                0x000000000800b680       0x74 ./Middlewares/Third_Party/FreeRTOS/Source/queue.o
                0x000000000800b680                xQueueGenericCreate
 .text.prvInitialiseNewQueue
                0x000000000800b6f4       0x46 ./Middlewares/Third_Party/FreeRTOS/Source/queue.o
 *fill*         0x000000000800b73a        0x2 
 .text.xQueueGenericSend
                0x000000000800b73c      0x1fc ./Middlewares/Third_Party/FreeRTOS/Source/queue.o
                0x000000000800b73c                xQueueGenericSend
 .text.xQueueGenericSendFromISR
                0x000000000800b938      0x136 ./Middlewares/Third_Party/FreeRTOS/Source/queue.o
                0x000000000800b938                xQueueGenericSendFromISR
 *fill*         0x000000000800ba6e        0x2 
 .text.xQueueReceive
                0x000000000800ba70      0x1c0 ./Middlewares/Third_Party/FreeRTOS/Source/queue.o
                0x000000000800ba70                xQueueReceive
 .text.prvCopyDataToQueue
                0x000000000800bc30       0xd4 ./Middlewares/Third_Party/FreeRTOS/Source/queue.o
 .text.prvCopyDataFromQueue
                0x000000000800bd04       0x4c ./Middlewares/Third_Party/FreeRTOS/Source/queue.o
 .text.prvUnlockQueue
                0x000000000800bd50       0xa4 ./Middlewares/Third_Party/FreeRTOS/Source/queue.o
 .text.prvIsQueueEmpty
                0x000000000800bdf4       0x2c ./Middlewares/Third_Party/FreeRTOS/Source/queue.o
 .text.prvIsQueueFull
                0x000000000800be20       0x30 ./Middlewares/Third_Party/FreeRTOS/Source/queue.o
 .text.vQueueAddToRegistry
                0x000000000800be50       0x54 ./Middlewares/Third_Party/FreeRTOS/Source/queue.o
                0x000000000800be50                vQueueAddToRegistry
 .text.vQueueWaitForMessageRestricted
                0x000000000800bea4       0x68 ./Middlewares/Third_Party/FreeRTOS/Source/queue.o
                0x000000000800bea4                vQueueWaitForMessageRestricted
 .text.xTaskCreateStatic
                0x000000000800bf0c       0xba ./Middlewares/Third_Party/FreeRTOS/Source/tasks.o
                0x000000000800bf0c                xTaskCreateStatic
 .text.xTaskCreate
                0x000000000800bfc6       0x8a ./Middlewares/Third_Party/FreeRTOS/Source/tasks.o
                0x000000000800bfc6                xTaskCreate
 .text.prvInitialiseNewTask
                0x000000000800c050      0x14c ./Middlewares/Third_Party/FreeRTOS/Source/tasks.o
 .text.prvAddNewTaskToReadyList
                0x000000000800c19c       0xe0 ./Middlewares/Third_Party/FreeRTOS/Source/tasks.o
 .text.vTaskStartScheduler
                0x000000000800c27c       0xe0 ./Middlewares/Third_Party/FreeRTOS/Source/tasks.o
                0x000000000800c27c                vTaskStartScheduler
 .text.vTaskSuspendAll
                0x000000000800c35c       0x1c ./Middlewares/Third_Party/FreeRTOS/Source/tasks.o
                0x000000000800c35c                vTaskSuspendAll
 .text.xTaskResumeAll
                0x000000000800c378      0x13c ./Middlewares/Third_Party/FreeRTOS/Source/tasks.o
                0x000000000800c378                xTaskResumeAll
 .text.xTaskGetTickCount
                0x000000000800c4b4       0x20 ./Middlewares/Third_Party/FreeRTOS/Source/tasks.o
                0x000000000800c4b4                xTaskGetTickCount
 .text.xTaskIncrementTick
                0x000000000800c4d4      0x174 ./Middlewares/Third_Party/FreeRTOS/Source/tasks.o
                0x000000000800c4d4                xTaskIncrementTick
 .text.vTaskSwitchContext
                0x000000000800c648       0xc8 ./Middlewares/Third_Party/FreeRTOS/Source/tasks.o
                0x000000000800c648                vTaskSwitchContext
 .text.vTaskPlaceOnEventList
                0x000000000800c710       0x48 ./Middlewares/Third_Party/FreeRTOS/Source/tasks.o
                0x000000000800c710                vTaskPlaceOnEventList
 .text.vTaskPlaceOnEventListRestricted
                0x000000000800c758       0x58 ./Middlewares/Third_Party/FreeRTOS/Source/tasks.o
                0x000000000800c758                vTaskPlaceOnEventListRestricted
 .text.xTaskRemoveFromEventList
                0x000000000800c7b0       0xc8 ./Middlewares/Third_Party/FreeRTOS/Source/tasks.o
                0x000000000800c7b0                xTaskRemoveFromEventList
 .text.vTaskInternalSetTimeOutState
                0x000000000800c878       0x2c ./Middlewares/Third_Party/FreeRTOS/Source/tasks.o
                0x000000000800c878                vTaskInternalSetTimeOutState
 .text.xTaskCheckForTimeOut
                0x000000000800c8a4       0xc4 ./Middlewares/Third_Party/FreeRTOS/Source/tasks.o
                0x000000000800c8a4                xTaskCheckForTimeOut
 .text.vTaskMissedYield
                0x000000000800c968       0x18 ./Middlewares/Third_Party/FreeRTOS/Source/tasks.o
                0x000000000800c968                vTaskMissedYield
 .text.prvIdleTask
                0x000000000800c980       0x30 ./Middlewares/Third_Party/FreeRTOS/Source/tasks.o
 .text.prvInitialiseTaskLists
                0x000000000800c9b0       0x80 ./Middlewares/Third_Party/FreeRTOS/Source/tasks.o
 .text.prvCheckTasksWaitingTermination
                0x000000000800ca30       0x5c ./Middlewares/Third_Party/FreeRTOS/Source/tasks.o
 .text.prvDeleteTCB
                0x000000000800ca8c       0x68 ./Middlewares/Third_Party/FreeRTOS/Source/tasks.o
 .text.prvResetNextTaskUnblockTime
                0x000000000800caf4       0x40 ./Middlewares/Third_Party/FreeRTOS/Source/tasks.o
 .text.xTaskGetSchedulerState
                0x000000000800cb34       0x3c ./Middlewares/Third_Party/FreeRTOS/Source/tasks.o
                0x000000000800cb34                xTaskGetSchedulerState
 .text.xTaskPriorityDisinherit
                0x000000000800cb70       0xdc ./Middlewares/Third_Party/FreeRTOS/Source/tasks.o
                0x000000000800cb70                xTaskPriorityDisinherit
 .text.prvAddCurrentTaskToDelayedList
                0x000000000800cc4c       0xa8 ./Middlewares/Third_Party/FreeRTOS/Source/tasks.o
 .text.xTimerCreateTimerTask
                0x000000000800ccf4       0x90 ./Middlewares/Third_Party/FreeRTOS/Source/timers.o
                0x000000000800ccf4                xTimerCreateTimerTask
 .text.xTimerGenericCommand
                0x000000000800cd84       0x9c ./Middlewares/Third_Party/FreeRTOS/Source/timers.o
                0x000000000800cd84                xTimerGenericCommand
 .text.prvProcessExpiredTimer
                0x000000000800ce20       0x98 ./Middlewares/Third_Party/FreeRTOS/Source/timers.o
 .text.prvTimerTask
                0x000000000800ceb8       0x24 ./Middlewares/Third_Party/FreeRTOS/Source/timers.o
 .text.prvProcessTimerOrBlockTask
                0x000000000800cedc       0x9c ./Middlewares/Third_Party/FreeRTOS/Source/timers.o
 .text.prvGetNextExpireTime
                0x000000000800cf78       0x48 ./Middlewares/Third_Party/FreeRTOS/Source/timers.o
 .text.prvSampleTimeNow
                0x000000000800cfc0       0x40 ./Middlewares/Third_Party/FreeRTOS/Source/timers.o
 .text.prvInsertTimerInActiveList
                0x000000000800d000       0x84 ./Middlewares/Third_Party/FreeRTOS/Source/timers.o
 .text.prvProcessReceivedCommands
                0x000000000800d084      0x1c4 ./Middlewares/Third_Party/FreeRTOS/Source/timers.o
 .text.prvSwitchTimerLists
                0x000000000800d248       0xc8 ./Middlewares/Third_Party/FreeRTOS/Source/timers.o
 .text.prvCheckForValidListAndQueue
                0x000000000800d310       0x80 ./Middlewares/Third_Party/FreeRTOS/Source/timers.o
 .text.pxPortInitialiseStack
                0x000000000800d390       0x68 ./Middlewares/Third_Party/FreeRTOS/Source/portable/GCC/ARM_CM4F/port.o
                0x000000000800d390                pxPortInitialiseStack
 .text.prvTaskExitError
                0x000000000800d3f8       0x58 ./Middlewares/Third_Party/FreeRTOS/Source/portable/GCC/ARM_CM4F/port.o
 .text.SVC_Handler
                0x000000000800d450       0x28 ./Middlewares/Third_Party/FreeRTOS/Source/portable/GCC/ARM_CM4F/port.o
                0x000000000800d450                SVC_Handler
 .text.prvPortStartFirstTask
                0x000000000800d478       0x28 ./Middlewares/Third_Party/FreeRTOS/Source/portable/GCC/ARM_CM4F/port.o
 .text.xPortStartScheduler
                0x000000000800d4a0      0x144 ./Middlewares/Third_Party/FreeRTOS/Source/portable/GCC/ARM_CM4F/port.o
                0x000000000800d4a0                xPortStartScheduler
 .text.vPortEnterCritical
                0x000000000800d5e4       0x60 ./Middlewares/Third_Party/FreeRTOS/Source/portable/GCC/ARM_CM4F/port.o
                0x000000000800d5e4                vPortEnterCritical
 .text.vPortExitCritical
                0x000000000800d644       0x54 ./Middlewares/Third_Party/FreeRTOS/Source/portable/GCC/ARM_CM4F/port.o
                0x000000000800d644                vPortExitCritical
 *fill*         0x000000000800d698        0x8 
 .text.PendSV_Handler
                0x000000000800d6a0       0x68 ./Middlewares/Third_Party/FreeRTOS/Source/portable/GCC/ARM_CM4F/port.o
                0x000000000800d6a0                PendSV_Handler
 .text.xPortSysTickHandler
                0x000000000800d708       0x44 ./Middlewares/Third_Party/FreeRTOS/Source/portable/GCC/ARM_CM4F/port.o
                0x000000000800d708                xPortSysTickHandler
 .text.vPortSetupTimerInterrupt
                0x000000000800d74c       0x48 ./Middlewares/Third_Party/FreeRTOS/Source/portable/GCC/ARM_CM4F/port.o
                0x000000000800d74c                vPortSetupTimerInterrupt
 .text.vPortEnableVFP
                0x000000000800d794       0x14 ./Middlewares/Third_Party/FreeRTOS/Source/portable/GCC/ARM_CM4F/port.o
 .text.vPortValidateInterruptPriority
                0x000000000800d7a8       0x80 ./Middlewares/Third_Party/FreeRTOS/Source/portable/GCC/ARM_CM4F/port.o
                0x000000000800d7a8                vPortValidateInterruptPriority
 .text.pvPortMalloc
                0x000000000800d828      0x198 ./Middlewares/Third_Party/FreeRTOS/Source/portable/MemMang/heap_4.o
                0x000000000800d828                pvPortMalloc
 .text.vPortFree
                0x000000000800d9c0       0xc4 ./Middlewares/Third_Party/FreeRTOS/Source/portable/MemMang/heap_4.o
                0x000000000800d9c0                vPortFree
 .text.prvHeapInit
                0x000000000800da84       0xc4 ./Middlewares/Third_Party/FreeRTOS/Source/portable/MemMang/heap_4.o
 .text.prvInsertBlockIntoFreeList
                0x000000000800db48       0xb4 ./Middlewares/Third_Party/FreeRTOS/Source/portable/MemMang/heap_4.o
 .text.__errno  0x000000000800dbfc        0xc c:/st/stm32cubeide_1.5.0/stm32cubeide/plugins/com.st.stm32cube.ide.mcu.externaltools.gnu-tools-for-stm32.10.3-2021.10.win32_1.0.0.202111181127/tools/bin/../lib/gcc/arm-none-eabi/10.3.1/../../../../arm-none-eabi/lib/thumb/v7e-m+dp/hard\libc_nano.a(lib_a-errno.o)
                0x000000000800dbfc                __errno
 .text.std      0x000000000800dc08       0x48 c:/st/stm32cubeide_1.5.0/stm32cubeide/plugins/com.st.stm32cube.ide.mcu.externaltools.gnu-tools-for-stm32.10.3-2021.10.win32_1.0.0.202111181127/tools/bin/../lib/gcc/arm-none-eabi/10.3.1/../../../../arm-none-eabi/lib/thumb/v7e-m+dp/hard\libc_nano.a(lib_a-findfp.o)
 .text._cleanup_r
                0x000000000800dc50        0xc c:/st/stm32cubeide_1.5.0/stm32cubeide/plugins/com.st.stm32cube.ide.mcu.externaltools.gnu-tools-for-stm32.10.3-2021.10.win32_1.0.0.202111181127/tools/bin/../lib/gcc/arm-none-eabi/10.3.1/../../../../arm-none-eabi/lib/thumb/v7e-m+dp/hard\libc_nano.a(lib_a-findfp.o)
                0x000000000800dc50                _cleanup_r
 .text.__sfmoreglue
                0x000000000800dc5c       0x2c c:/st/stm32cubeide_1.5.0/stm32cubeide/plugins/com.st.stm32cube.ide.mcu.externaltools.gnu-tools-for-stm32.10.3-2021.10.win32_1.0.0.202111181127/tools/bin/../lib/gcc/arm-none-eabi/10.3.1/../../../../arm-none-eabi/lib/thumb/v7e-m+dp/hard\libc_nano.a(lib_a-findfp.o)
                0x000000000800dc5c                __sfmoreglue
 .text.__sfp_lock_acquire
                0x000000000800dc88        0xc c:/st/stm32cubeide_1.5.0/stm32cubeide/plugins/com.st.stm32cube.ide.mcu.externaltools.gnu-tools-for-stm32.10.3-2021.10.win32_1.0.0.202111181127/tools/bin/../lib/gcc/arm-none-eabi/10.3.1/../../../../arm-none-eabi/lib/thumb/v7e-m+dp/hard\libc_nano.a(lib_a-findfp.o)
                0x000000000800dc88                __sfp_lock_acquire
 .text.__sfp_lock_release
                0x000000000800dc94        0xc c:/st/stm32cubeide_1.5.0/stm32cubeide/plugins/com.st.stm32cube.ide.mcu.externaltools.gnu-tools-for-stm32.10.3-2021.10.win32_1.0.0.202111181127/tools/bin/../lib/gcc/arm-none-eabi/10.3.1/../../../../arm-none-eabi/lib/thumb/v7e-m+dp/hard\libc_nano.a(lib_a-findfp.o)
                0x000000000800dc94                __sfp_lock_release
 .text.__sinit_lock_acquire
                0x000000000800dca0        0xc c:/st/stm32cubeide_1.5.0/stm32cubeide/plugins/com.st.stm32cube.ide.mcu.externaltools.gnu-tools-for-stm32.10.3-2021.10.win32_1.0.0.202111181127/tools/bin/../lib/gcc/arm-none-eabi/10.3.1/../../../../arm-none-eabi/lib/thumb/v7e-m+dp/hard\libc_nano.a(lib_a-findfp.o)
                0x000000000800dca0                __sinit_lock_acquire
 .text.__sinit_lock_release
                0x000000000800dcac        0xc c:/st/stm32cubeide_1.5.0/stm32cubeide/plugins/com.st.stm32cube.ide.mcu.externaltools.gnu-tools-for-stm32.10.3-2021.10.win32_1.0.0.202111181127/tools/bin/../lib/gcc/arm-none-eabi/10.3.1/../../../../arm-none-eabi/lib/thumb/v7e-m+dp/hard\libc_nano.a(lib_a-findfp.o)
                0x000000000800dcac                __sinit_lock_release
 .text.__sinit  0x000000000800dcb8       0x70 c:/st/stm32cubeide_1.5.0/stm32cubeide/plugins/com.st.stm32cube.ide.mcu.externaltools.gnu-tools-for-stm32.10.3-2021.10.win32_1.0.0.202111181127/tools/bin/../lib/gcc/arm-none-eabi/10.3.1/../../../../arm-none-eabi/lib/thumb/v7e-m+dp/hard\libc_nano.a(lib_a-findfp.o)
                0x000000000800dcb8                __sinit
 .text.__sfp    0x000000000800dd28       0x8c c:/st/stm32cubeide_1.5.0/stm32cubeide/plugins/com.st.stm32cube.ide.mcu.externaltools.gnu-tools-for-stm32.10.3-2021.10.win32_1.0.0.202111181127/tools/bin/../lib/gcc/arm-none-eabi/10.3.1/../../../../arm-none-eabi/lib/thumb/v7e-m+dp/hard\libc_nano.a(lib_a-findfp.o)
                0x000000000800dd28                __sfp
 .text._fwalk_reent
                0x000000000800ddb4       0x3e c:/st/stm32cubeide_1.5.0/stm32cubeide/plugins/com.st.stm32cube.ide.mcu.externaltools.gnu-tools-for-stm32.10.3-2021.10.win32_1.0.0.202111181127/tools/bin/../lib/gcc/arm-none-eabi/10.3.1/../../../../arm-none-eabi/lib/thumb/v7e-m+dp/hard\libc_nano.a(lib_a-fwalk.o)
                0x000000000800ddb4                _fwalk_reent
 *fill*         0x000000000800ddf2        0x2 
 .text.__libc_init_array
                0x000000000800ddf4       0x48 c:/st/stm32cubeide_1.5.0/stm32cubeide/plugins/com.st.stm32cube.ide.mcu.externaltools.gnu-tools-for-stm32.10.3-2021.10.win32_1.0.0.202111181127/tools/bin/../lib/gcc/arm-none-eabi/10.3.1/../../../../arm-none-eabi/lib/thumb/v7e-m+dp/hard\libc_nano.a(lib_a-init.o)
                0x000000000800ddf4                __libc_init_array
 .text.__retarget_lock_init_recursive
                0x000000000800de3c        0x2 c:/st/stm32cubeide_1.5.0/stm32cubeide/plugins/com.st.stm32cube.ide.mcu.externaltools.gnu-tools-for-stm32.10.3-2021.10.win32_1.0.0.202111181127/tools/bin/../lib/gcc/arm-none-eabi/10.3.1/../../../../arm-none-eabi/lib/thumb/v7e-m+dp/hard\libc_nano.a(lib_a-lock.o)
                0x000000000800de3c                __retarget_lock_init_recursive
 .text.__retarget_lock_acquire_recursive
                0x000000000800de3e        0x2 c:/st/stm32cubeide_1.5.0/stm32cubeide/plugins/com.st.stm32cube.ide.mcu.externaltools.gnu-tools-for-stm32.10.3-2021.10.win32_1.0.0.202111181127/tools/bin/../lib/gcc/arm-none-eabi/10.3.1/../../../../arm-none-eabi/lib/thumb/v7e-m+dp/hard\libc_nano.a(lib_a-lock.o)
                0x000000000800de3e                __retarget_lock_acquire_recursive
 .text.__retarget_lock_release_recursive
                0x000000000800de40        0x2 c:/st/stm32cubeide_1.5.0/stm32cubeide/plugins/com.st.stm32cube.ide.mcu.externaltools.gnu-tools-for-stm32.10.3-2021.10.win32_1.0.0.202111181127/tools/bin/../lib/gcc/arm-none-eabi/10.3.1/../../../../arm-none-eabi/lib/thumb/v7e-m+dp/hard\libc_nano.a(lib_a-lock.o)
                0x000000000800de40                __retarget_lock_release_recursive
 .text.memcpy   0x000000000800de42       0x1c c:/st/stm32cubeide_1.5.0/stm32cubeide/plugins/com.st.stm32cube.ide.mcu.externaltools.gnu-tools-for-stm32.10.3-2021.10.win32_1.0.0.202111181127/tools/bin/../lib/gcc/arm-none-eabi/10.3.1/../../../../arm-none-eabi/lib/thumb/v7e-m+dp/hard\libc_nano.a(lib_a-memcpy-stub.o)
                0x000000000800de42                memcpy
 .text.memset   0x000000000800de5e       0x10 c:/st/stm32cubeide_1.5.0/stm32cubeide/plugins/com.st.stm32cube.ide.mcu.externaltools.gnu-tools-for-stm32.10.3-2021.10.win32_1.0.0.202111181127/tools/bin/../lib/gcc/arm-none-eabi/10.3.1/../../../../arm-none-eabi/lib/thumb/v7e-m+dp/hard\libc_nano.a(lib_a-memset.o)
                0x000000000800de5e                memset
 *fill*         0x000000000800de6e        0x2 
 .text.sbrk_aligned
                0x000000000800de70       0x40 c:/st/stm32cubeide_1.5.0/stm32cubeide/plugins/com.st.stm32cube.ide.mcu.externaltools.gnu-tools-for-stm32.10.3-2021.10.win32_1.0.0.202111181127/tools/bin/../lib/gcc/arm-none-eabi/10.3.1/../../../../arm-none-eabi/lib/thumb/v7e-m+dp/hard\libc_nano.a(lib_a-nano-mallocr.o)
 .text._malloc_r
                0x000000000800deb0       0xe8 c:/st/stm32cubeide_1.5.0/stm32cubeide/plugins/com.st.stm32cube.ide.mcu.externaltools.gnu-tools-for-stm32.10.3-2021.10.win32_1.0.0.202111181127/tools/bin/../lib/gcc/arm-none-eabi/10.3.1/../../../../arm-none-eabi/lib/thumb/v7e-m+dp/hard\libc_nano.a(lib_a-nano-mallocr.o)
                0x000000000800deb0                _malloc_r
 .text.printf   0x000000000800df98       0x30 c:/st/stm32cubeide_1.5.0/stm32cubeide/plugins/com.st.stm32cube.ide.mcu.externaltools.gnu-tools-for-stm32.10.3-2021.10.win32_1.0.0.202111181127/tools/bin/../lib/gcc/arm-none-eabi/10.3.1/../../../../arm-none-eabi/lib/thumb/v7e-m+dp/hard\libc_nano.a(lib_a-printf.o)
                0x000000000800df98                iprintf
                0x000000000800df98                printf
 .text._puts_r  0x000000000800dfc8       0xdc c:/st/stm32cubeide_1.5.0/stm32cubeide/plugins/com.st.stm32cube.ide.mcu.externaltools.gnu-tools-for-stm32.10.3-2021.10.win32_1.0.0.202111181127/tools/bin/../lib/gcc/arm-none-eabi/10.3.1/../../../../arm-none-eabi/lib/thumb/v7e-m+dp/hard\libc_nano.a(lib_a-puts.o)
                0x000000000800dfc8                _puts_r
 .text.puts     0x000000000800e0a4       0x10 c:/st/stm32cubeide_1.5.0/stm32cubeide/plugins/com.st.stm32cube.ide.mcu.externaltools.gnu-tools-for-stm32.10.3-2021.10.win32_1.0.0.202111181127/tools/bin/../lib/gcc/arm-none-eabi/10.3.1/../../../../arm-none-eabi/lib/thumb/v7e-m+dp/hard\libc_nano.a(lib_a-puts.o)
                0x000000000800e0a4                puts
 .text.cleanup_glue
                0x000000000800e0b4       0x1a c:/st/stm32cubeide_1.5.0/stm32cubeide/plugins/com.st.stm32cube.ide.mcu.externaltools.gnu-tools-for-stm32.10.3-2021.10.win32_1.0.0.202111181127/tools/bin/../lib/gcc/arm-none-eabi/10.3.1/../../../../arm-none-eabi/lib/thumb/v7e-m+dp/hard\libc_nano.a(lib_a-reent.o)
                0x000000000800e0b4                cleanup_glue
 *fill*         0x000000000800e0ce        0x2 
 .text._reclaim_reent
                0x000000000800e0d0       0xb8 c:/st/stm32cubeide_1.5.0/stm32cubeide/plugins/com.st.stm32cube.ide.mcu.externaltools.gnu-tools-for-stm32.10.3-2021.10.win32_1.0.0.202111181127/tools/bin/../lib/gcc/arm-none-eabi/10.3.1/../../../../arm-none-eabi/lib/thumb/v7e-m+dp/hard\libc_nano.a(lib_a-reent.o)
                0x000000000800e0d0                _reclaim_reent
 .text._sbrk_r  0x000000000800e188       0x20 c:/st/stm32cubeide_1.5.0/stm32cubeide/plugins/com.st.stm32cube.ide.mcu.externaltools.gnu-tools-for-stm32.10.3-2021.10.win32_1.0.0.202111181127/tools/bin/../lib/gcc/arm-none-eabi/10.3.1/../../../../arm-none-eabi/lib/thumb/v7e-m+dp/hard\libc_nano.a(lib_a-sbrkr.o)
                0x000000000800e188                _sbrk_r
 .text.__sread  0x000000000800e1a8       0x22 c:/st/stm32cubeide_1.5.0/stm32cubeide/plugins/com.st.stm32cube.ide.mcu.externaltools.gnu-tools-for-stm32.10.3-2021.10.win32_1.0.0.202111181127/tools/bin/../lib/gcc/arm-none-eabi/10.3.1/../../../../arm-none-eabi/lib/thumb/v7e-m+dp/hard\libc_nano.a(lib_a-stdio.o)
                0x000000000800e1a8                __sread
 .text.__swrite
                0x000000000800e1ca       0x38 c:/st/stm32cubeide_1.5.0/stm32cubeide/plugins/com.st.stm32cube.ide.mcu.externaltools.gnu-tools-for-stm32.10.3-2021.10.win32_1.0.0.202111181127/tools/bin/../lib/gcc/arm-none-eabi/10.3.1/../../../../arm-none-eabi/lib/thumb/v7e-m+dp/hard\libc_nano.a(lib_a-stdio.o)
                0x000000000800e1ca                __swrite
 .text.__sseek  0x000000000800e202       0x24 c:/st/stm32cubeide_1.5.0/stm32cubeide/plugins/com.st.stm32cube.ide.mcu.externaltools.gnu-tools-for-stm32.10.3-2021.10.win32_1.0.0.202111181127/tools/bin/../lib/gcc/arm-none-eabi/10.3.1/../../../../arm-none-eabi/lib/thumb/v7e-m+dp/hard\libc_nano.a(lib_a-stdio.o)
                0x000000000800e202                __sseek
 .text.__sclose
                0x000000000800e226        0x8 c:/st/stm32cubeide_1.5.0/stm32cubeide/plugins/com.st.stm32cube.ide.mcu.externaltools.gnu-tools-for-stm32.10.3-2021.10.win32_1.0.0.202111181127/tools/bin/../lib/gcc/arm-none-eabi/10.3.1/../../../../arm-none-eabi/lib/thumb/v7e-m+dp/hard\libc_nano.a(lib_a-stdio.o)
                0x000000000800e226                __sclose
 *fill*         0x000000000800e22e        0x2 
 .text.__swbuf_r
                0x000000000800e230       0xa4 c:/st/stm32cubeide_1.5.0/stm32cubeide/plugins/com.st.stm32cube.ide.mcu.externaltools.gnu-tools-for-stm32.10.3-2021.10.win32_1.0.0.202111181127/tools/bin/../lib/gcc/arm-none-eabi/10.3.1/../../../../arm-none-eabi/lib/thumb/v7e-m+dp/hard\libc_nano.a(lib_a-wbuf.o)
                0x000000000800e230                __swbuf_r
 .text._write_r
                0x000000000800e2d4       0x24 c:/st/stm32cubeide_1.5.0/stm32cubeide/plugins/com.st.stm32cube.ide.mcu.externaltools.gnu-tools-for-stm32.10.3-2021.10.win32_1.0.0.202111181127/tools/bin/../lib/gcc/arm-none-eabi/10.3.1/../../../../arm-none-eabi/lib/thumb/v7e-m+dp/hard\libc_nano.a(lib_a-writer.o)
                0x000000000800e2d4                _write_r
 .text.__swsetup_r
                0x000000000800e2f8       0xdc c:/st/stm32cubeide_1.5.0/stm32cubeide/plugins/com.st.stm32cube.ide.mcu.externaltools.gnu-tools-for-stm32.10.3-2021.10.win32_1.0.0.202111181127/tools/bin/../lib/gcc/arm-none-eabi/10.3.1/../../../../arm-none-eabi/lib/thumb/v7e-m+dp/hard\libc_nano.a(lib_a-wsetup.o)
                0x000000000800e2f8                __swsetup_r
 .text._close_r
                0x000000000800e3d4       0x20 c:/st/stm32cubeide_1.5.0/stm32cubeide/plugins/com.st.stm32cube.ide.mcu.externaltools.gnu-tools-for-stm32.10.3-2021.10.win32_1.0.0.202111181127/tools/bin/../lib/gcc/arm-none-eabi/10.3.1/../../../../arm-none-eabi/lib/thumb/v7e-m+dp/hard\libc_nano.a(lib_a-closer.o)
                0x000000000800e3d4                _close_r
 .text.__sflush_r
                0x000000000800e3f4      0x10c c:/st/stm32cubeide_1.5.0/stm32cubeide/plugins/com.st.stm32cube.ide.mcu.externaltools.gnu-tools-for-stm32.10.3-2021.10.win32_1.0.0.202111181127/tools/bin/../lib/gcc/arm-none-eabi/10.3.1/../../../../arm-none-eabi/lib/thumb/v7e-m+dp/hard\libc_nano.a(lib_a-fflush.o)
                0x000000000800e3f4                __sflush_r
 .text._fflush_r
                0x000000000800e500       0x78 c:/st/stm32cubeide_1.5.0/stm32cubeide/plugins/com.st.stm32cube.ide.mcu.externaltools.gnu-tools-for-stm32.10.3-2021.10.win32_1.0.0.202111181127/tools/bin/../lib/gcc/arm-none-eabi/10.3.1/../../../../arm-none-eabi/lib/thumb/v7e-m+dp/hard\libc_nano.a(lib_a-fflush.o)
                0x000000000800e500                _fflush_r
 .text._lseek_r
                0x000000000800e578       0x24 c:/st/stm32cubeide_1.5.0/stm32cubeide/plugins/com.st.stm32cube.ide.mcu.externaltools.gnu-tools-for-stm32.10.3-2021.10.win32_1.0.0.202111181127/tools/bin/../lib/gcc/arm-none-eabi/10.3.1/../../../../arm-none-eabi/lib/thumb/v7e-m+dp/hard\libc_nano.a(lib_a-lseekr.o)
                0x000000000800e578                _lseek_r
 .text.__swhatbuf_r
                0x000000000800e59c       0x4a c:/st/stm32cubeide_1.5.0/stm32cubeide/plugins/com.st.stm32cube.ide.mcu.externaltools.gnu-tools-for-stm32.10.3-2021.10.win32_1.0.0.202111181127/tools/bin/../lib/gcc/arm-none-eabi/10.3.1/../../../../arm-none-eabi/lib/thumb/v7e-m+dp/hard\libc_nano.a(lib_a-makebuf.o)
                0x000000000800e59c                __swhatbuf_r
 *fill*         0x000000000800e5e6        0x2 
 .text.__smakebuf_r
                0x000000000800e5e8       0x80 c:/st/stm32cubeide_1.5.0/stm32cubeide/plugins/com.st.stm32cube.ide.mcu.externaltools.gnu-tools-for-stm32.10.3-2021.10.win32_1.0.0.202111181127/tools/bin/../lib/gcc/arm-none-eabi/10.3.1/../../../../arm-none-eabi/lib/thumb/v7e-m+dp/hard\libc_nano.a(lib_a-makebuf.o)
                0x000000000800e5e8                __smakebuf_r
 .text.__malloc_lock
                0x000000000800e668        0xc c:/st/stm32cubeide_1.5.0/stm32cubeide/plugins/com.st.stm32cube.ide.mcu.externaltools.gnu-tools-for-stm32.10.3-2021.10.win32_1.0.0.202111181127/tools/bin/../lib/gcc/arm-none-eabi/10.3.1/../../../../arm-none-eabi/lib/thumb/v7e-m+dp/hard\libc_nano.a(lib_a-mlock.o)
                0x000000000800e668                __malloc_lock
 .text.__malloc_unlock
                0x000000000800e674        0xc c:/st/stm32cubeide_1.5.0/stm32cubeide/plugins/com.st.stm32cube.ide.mcu.externaltools.gnu-tools-for-stm32.10.3-2021.10.win32_1.0.0.202111181127/tools/bin/../lib/gcc/arm-none-eabi/10.3.1/../../../../arm-none-eabi/lib/thumb/v7e-m+dp/hard\libc_nano.a(lib_a-mlock.o)
                0x000000000800e674                __malloc_unlock
 .text._free_r  0x000000000800e680       0x98 c:/st/stm32cubeide_1.5.0/stm32cubeide/plugins/com.st.stm32cube.ide.mcu.externaltools.gnu-tools-for-stm32.10.3-2021.10.win32_1.0.0.202111181127/tools/bin/../lib/gcc/arm-none-eabi/10.3.1/../../../../arm-none-eabi/lib/thumb/v7e-m+dp/hard\libc_nano.a(lib_a-nano-freer.o)
                0x000000000800e680                _free_r
 .text.__sfputc_r
                0x000000000800e718       0x2e c:/st/stm32cubeide_1.5.0/stm32cubeide/plugins/com.st.stm32cube.ide.mcu.externaltools.gnu-tools-for-stm32.10.3-2021.10.win32_1.0.0.202111181127/tools/bin/../lib/gcc/arm-none-eabi/10.3.1/../../../../arm-none-eabi/lib/thumb/v7e-m+dp/hard\libc_nano.a(lib_a-nano-vfprintf.o)
 .text.__sfputs_r
                0x000000000800e746       0x24 c:/st/stm32cubeide_1.5.0/stm32cubeide/plugins/com.st.stm32cube.ide.mcu.externaltools.gnu-tools-for-stm32.10.3-2021.10.win32_1.0.0.202111181127/tools/bin/../lib/gcc/arm-none-eabi/10.3.1/../../../../arm-none-eabi/lib/thumb/v7e-m+dp/hard\libc_nano.a(lib_a-nano-vfprintf.o)
                0x000000000800e746                __sfputs_r
 *fill*         0x000000000800e76a        0x2 
 .text._vfprintf_r
                0x000000000800e76c      0x260 c:/st/stm32cubeide_1.5.0/stm32cubeide/plugins/com.st.stm32cube.ide.mcu.externaltools.gnu-tools-for-stm32.10.3-2021.10.win32_1.0.0.202111181127/tools/bin/../lib/gcc/arm-none-eabi/10.3.1/../../../../arm-none-eabi/lib/thumb/v7e-m+dp/hard\libc_nano.a(lib_a-nano-vfprintf.o)
                0x000000000800e76c                _vfprintf_r
                0x000000000800e76c                _vfiprintf_r
 .text._printf_common
                0x000000000800e9cc       0xda c:/st/stm32cubeide_1.5.0/stm32cubeide/plugins/com.st.stm32cube.ide.mcu.externaltools.gnu-tools-for-stm32.10.3-2021.10.win32_1.0.0.202111181127/tools/bin/../lib/gcc/arm-none-eabi/10.3.1/../../../../arm-none-eabi/lib/thumb/v7e-m+dp/hard\libc_nano.a(lib_a-nano-vfprintf_i.o)
                0x000000000800e9cc                _printf_common
 *fill*         0x000000000800eaa6        0x2 
 .text._printf_i
                0x000000000800eaa8      0x24c c:/st/stm32cubeide_1.5.0/stm32cubeide/plugins/com.st.stm32cube.ide.mcu.externaltools.gnu-tools-for-stm32.10.3-2021.10.win32_1.0.0.202111181127/tools/bin/../lib/gcc/arm-none-eabi/10.3.1/../../../../arm-none-eabi/lib/thumb/v7e-m+dp/hard\libc_nano.a(lib_a-nano-vfprintf_i.o)
                0x000000000800eaa8                _printf_i
 .text._read_r  0x000000000800ecf4       0x24 c:/st/stm32cubeide_1.5.0/stm32cubeide/plugins/com.st.stm32cube.ide.mcu.externaltools.gnu-tools-for-stm32.10.3-2021.10.win32_1.0.0.202111181127/tools/bin/../lib/gcc/arm-none-eabi/10.3.1/../../../../arm-none-eabi/lib/thumb/v7e-m+dp/hard\libc_nano.a(lib_a-readr.o)
                0x000000000800ecf4                _read_r
 .text._fstat_r
                0x000000000800ed18       0x24 c:/st/stm32cubeide_1.5.0/stm32cubeide/plugins/com.st.stm32cube.ide.mcu.externaltools.gnu-tools-for-stm32.10.3-2021.10.win32_1.0.0.202111181127/tools/bin/../lib/gcc/arm-none-eabi/10.3.1/../../../../arm-none-eabi/lib/thumb/v7e-m+dp/hard\libc_nano.a(lib_a-fstatr.o)
                0x000000000800ed18                _fstat_r
 .text._isatty_r
                0x000000000800ed3c       0x20 c:/st/stm32cubeide_1.5.0/stm32cubeide/plugins/com.st.stm32cube.ide.mcu.externaltools.gnu-tools-for-stm32.10.3-2021.10.win32_1.0.0.202111181127/tools/bin/../lib/gcc/arm-none-eabi/10.3.1/../../../../arm-none-eabi/lib/thumb/v7e-m+dp/hard\libc_nano.a(lib_a-isattyr.o)
                0x000000000800ed3c                _isatty_r
 *(.glue_7)
 .glue_7        0x000000000800ed5c        0x0 linker stubs
 *(.glue_7t)
 .glue_7t       0x000000000800ed5c        0x0 linker stubs
 *(.eh_frame)
 .eh_frame      0x000000000800ed5c        0x0 c:/st/stm32cubeide_1.5.0/stm32cubeide/plugins/com.st.stm32cube.ide.mcu.externaltools.gnu-tools-for-stm32.10.3-2021.10.win32_1.0.0.202111181127/tools/bin/../lib/gcc/arm-none-eabi/10.3.1/thumb/v7e-m+dp/hard/crtbegin.o
 *(.init)
 .init          0x000000000800ed5c        0x4 c:/st/stm32cubeide_1.5.0/stm32cubeide/plugins/com.st.stm32cube.ide.mcu.externaltools.gnu-tools-for-stm32.10.3-2021.10.win32_1.0.0.202111181127/tools/bin/../lib/gcc/arm-none-eabi/10.3.1/thumb/v7e-m+dp/hard/crti.o
                0x000000000800ed5c                _init
 .init          0x000000000800ed60        0x8 c:/st/stm32cubeide_1.5.0/stm32cubeide/plugins/com.st.stm32cube.ide.mcu.externaltools.gnu-tools-for-stm32.10.3-2021.10.win32_1.0.0.202111181127/tools/bin/../lib/gcc/arm-none-eabi/10.3.1/thumb/v7e-m+dp/hard/crtn.o
 *(.fini)
 .fini          0x000000000800ed68        0x4 c:/st/stm32cubeide_1.5.0/stm32cubeide/plugins/com.st.stm32cube.ide.mcu.externaltools.gnu-tools-for-stm32.10.3-2021.10.win32_1.0.0.202111181127/tools/bin/../lib/gcc/arm-none-eabi/10.3.1/thumb/v7e-m+dp/hard/crti.o
                0x000000000800ed68                _fini
 .fini          0x000000000800ed6c        0x8 c:/st/stm32cubeide_1.5.0/stm32cubeide/plugins/com.st.stm32cube.ide.mcu.externaltools.gnu-tools-for-stm32.10.3-2021.10.win32_1.0.0.202111181127/tools/bin/../lib/gcc/arm-none-eabi/10.3.1/thumb/v7e-m+dp/hard/crtn.o
                0x000000000800ed74                . = ALIGN (0x4)
                0x000000000800ed74                _etext = .

.vfp11_veneer   0x000000000800ed74        0x0
 .vfp11_veneer  0x000000000800ed74        0x0 linker stubs

.v4_bx          0x000000000800ed74        0x0
 .v4_bx         0x000000000800ed74        0x0 linker stubs

.iplt           0x000000000800ed74        0x0
 .iplt          0x000000000800ed74        0x0 c:/st/stm32cubeide_1.5.0/stm32cubeide/plugins/com.st.stm32cube.ide.mcu.externaltools.gnu-tools-for-stm32.10.3-2021.10.win32_1.0.0.202111181127/tools/bin/../lib/gcc/arm-none-eabi/10.3.1/thumb/v7e-m+dp/hard/crtbegin.o

.rodata         0x000000000800ed74      0x310
                0x000000000800ed74                . = ALIGN (0x4)
 *(.rodata)
 .rodata        0x000000000800ed74       0x2e ./Core/Src/main.o
 *fill*         0x000000000800eda2        0x2 
 .rodata        0x000000000800eda4       0x6a ./Core/Src/logic/ap.o
 *fill*         0x000000000800ee0e        0x2 
 .rodata        0x000000000800ee10        0x5 ./Middlewares/Third_Party/FreeRTOS/Source/tasks.o
 *fill*         0x000000000800ee15        0x3 
 .rodata        0x000000000800ee18        0xd ./Middlewares/Third_Party/FreeRTOS/Source/timers.o
 *(.rodata*)
 *fill*         0x000000000800ee25        0x3 
 .rodata.TaskDebug_attributes
                0x000000000800ee28       0x24 ./Core/Src/main.o
                0x000000000800ee28                TaskDebug_attributes
 .rodata.TaskSensing_attributes
                0x000000000800ee4c       0x24 ./Core/Src/main.o
                0x000000000800ee4c                TaskSensing_attributes
 .rodata.TaskMain_attributes
                0x000000000800ee70       0x24 ./Core/Src/main.o
                0x000000000800ee70                TaskMain_attributes
 .rodata.gyroQueue_attributes
                0x000000000800ee94       0x18 ./Core/Src/main.o
                0x000000000800ee94                gyroQueue_attributes
 .rodata.D1CorePrescTable
                0x000000000800eeac       0x10 ./Core/Src/system_stm32h7xx.o
                0x000000000800eeac                D1CorePrescTable
 .rodata._ZL15flash_tbl_bank1
                0x000000000800eebc       0x80 ./Core/Src/hw/driver/flash.o
 .rodata._ZL15flash_tbl_bank2
                0x000000000800ef3c       0x80 ./Core/Src/hw/driver/flash.o
 .rodata.flagBitshiftOffset.0
                0x000000000800efbc        0x8 ./Drivers/STM32H7xx_HAL_Driver/Src/stm32h7xx_hal_dma.o
 .rodata.UARTPrescTable
                0x000000000800efc4       0x18 ./Drivers/STM32H7xx_HAL_Driver/Src/stm32h7xx_hal_uart.o
                0x000000000800efc4                UARTPrescTable
 .rodata.numerator.1
                0x000000000800efdc        0x8 ./Drivers/STM32H7xx_HAL_Driver/Src/stm32h7xx_hal_uart_ex.o
 .rodata.denominator.0
                0x000000000800efe4        0x8 ./Drivers/STM32H7xx_HAL_Driver/Src/stm32h7xx_hal_uart_ex.o
 .rodata.__sf_fake_stderr
                0x000000000800efec       0x20 c:/st/stm32cubeide_1.5.0/stm32cubeide/plugins/com.st.stm32cube.ide.mcu.externaltools.gnu-tools-for-stm32.10.3-2021.10.win32_1.0.0.202111181127/tools/bin/../lib/gcc/arm-none-eabi/10.3.1/../../../../arm-none-eabi/lib/thumb/v7e-m+dp/hard\libc_nano.a(lib_a-findfp.o)
                0x000000000800efec                __sf_fake_stderr
 .rodata.__sf_fake_stdin
                0x000000000800f00c       0x20 c:/st/stm32cubeide_1.5.0/stm32cubeide/plugins/com.st.stm32cube.ide.mcu.externaltools.gnu-tools-for-stm32.10.3-2021.10.win32_1.0.0.202111181127/tools/bin/../lib/gcc/arm-none-eabi/10.3.1/../../../../arm-none-eabi/lib/thumb/v7e-m+dp/hard\libc_nano.a(lib_a-findfp.o)
                0x000000000800f00c                __sf_fake_stdin
 .rodata.__sf_fake_stdout
                0x000000000800f02c       0x20 c:/st/stm32cubeide_1.5.0/stm32cubeide/plugins/com.st.stm32cube.ide.mcu.externaltools.gnu-tools-for-stm32.10.3-2021.10.win32_1.0.0.202111181127/tools/bin/../lib/gcc/arm-none-eabi/10.3.1/../../../../arm-none-eabi/lib/thumb/v7e-m+dp/hard\libc_nano.a(lib_a-findfp.o)
                0x000000000800f02c                __sf_fake_stdout
 .rodata._global_impure_ptr
                0x000000000800f04c        0x4 c:/st/stm32cubeide_1.5.0/stm32cubeide/plugins/com.st.stm32cube.ide.mcu.externaltools.gnu-tools-for-stm32.10.3-2021.10.win32_1.0.0.202111181127/tools/bin/../lib/gcc/arm-none-eabi/10.3.1/../../../../arm-none-eabi/lib/thumb/v7e-m+dp/hard\libc_nano.a(lib_a-impure.o)
                0x000000000800f04c                _global_impure_ptr
 .rodata._vfprintf_r.str1.1
                0x000000000800f050       0x11 c:/st/stm32cubeide_1.5.0/stm32cubeide/plugins/com.st.stm32cube.ide.mcu.externaltools.gnu-tools-for-stm32.10.3-2021.10.win32_1.0.0.202111181127/tools/bin/../lib/gcc/arm-none-eabi/10.3.1/../../../../arm-none-eabi/lib/thumb/v7e-m+dp/hard\libc_nano.a(lib_a-nano-vfprintf.o)
 .rodata._printf_i.str1.1
                0x000000000800f061       0x22 c:/st/stm32cubeide_1.5.0/stm32cubeide/plugins/com.st.stm32cube.ide.mcu.externaltools.gnu-tools-for-stm32.10.3-2021.10.win32_1.0.0.202111181127/tools/bin/../lib/gcc/arm-none-eabi/10.3.1/../../../../arm-none-eabi/lib/thumb/v7e-m+dp/hard\libc_nano.a(lib_a-nano-vfprintf_i.o)
                0x000000000800f084                . = ALIGN (0x4)
 *fill*         0x000000000800f083        0x1 

.ARM.extab      0x000000000800f084        0x0
                0x000000000800f084                . = ALIGN (0x4)
 *(.ARM.extab* .gnu.linkonce.armextab.*)
                0x000000000800f084                . = ALIGN (0x4)

.ARM            0x000000000800f084        0x8
                0x000000000800f084                . = ALIGN (0x4)
                0x000000000800f084                __exidx_start = .
 *(.ARM.exidx*)
 .ARM.exidx     0x000000000800f084        0x8 c:/st/stm32cubeide_1.5.0/stm32cubeide/plugins/com.st.stm32cube.ide.mcu.externaltools.gnu-tools-for-stm32.10.3-2021.10.win32_1.0.0.202111181127/tools/bin/../lib/gcc/arm-none-eabi/10.3.1/thumb/v7e-m+dp/hard\libgcc.a(_udivmoddi4.o)
                0x000000000800f08c                __exidx_end = .
                0x000000000800f08c                . = ALIGN (0x4)

.rel.dyn        0x000000000800f08c        0x0
 .rel.iplt      0x000000000800f08c        0x0 c:/st/stm32cubeide_1.5.0/stm32cubeide/plugins/com.st.stm32cube.ide.mcu.externaltools.gnu-tools-for-stm32.10.3-2021.10.win32_1.0.0.202111181127/tools/bin/../lib/gcc/arm-none-eabi/10.3.1/thumb/v7e-m+dp/hard/crtbegin.o

.preinit_array  0x000000000800f08c        0x0
                0x000000000800f08c                . = ALIGN (0x4)
                0x000000000800f08c                PROVIDE (__preinit_array_start = .)
 *(.preinit_array*)
                0x000000000800f08c                PROVIDE (__preinit_array_end = .)
                0x000000000800f08c                . = ALIGN (0x4)

.init_array     0x000000000800f08c        0x4
                0x000000000800f08c                . = ALIGN (0x4)
                0x000000000800f08c                PROVIDE (__init_array_start = .)
 *(SORT_BY_NAME(.init_array.*))
 *(.init_array*)
 .init_array    0x000000000800f08c        0x4 c:/st/stm32cubeide_1.5.0/stm32cubeide/plugins/com.st.stm32cube.ide.mcu.externaltools.gnu-tools-for-stm32.10.3-2021.10.win32_1.0.0.202111181127/tools/bin/../lib/gcc/arm-none-eabi/10.3.1/thumb/v7e-m+dp/hard/crtbegin.o
                0x000000000800f090                PROVIDE (__init_array_end = .)
                0x000000000800f090                . = ALIGN (0x4)

.fini_array     0x000000000800f090        0x4
                0x000000000800f090                . = ALIGN (0x4)
                [!provide]                        PROVIDE (__fini_array_start = .)
 *(SORT_BY_NAME(.fini_array.*))
 *(.fini_array*)
 .fini_array    0x000000000800f090        0x4 c:/st/stm32cubeide_1.5.0/stm32cubeide/plugins/com.st.stm32cube.ide.mcu.externaltools.gnu-tools-for-stm32.10.3-2021.10.win32_1.0.0.202111181127/tools/bin/../lib/gcc/arm-none-eabi/10.3.1/thumb/v7e-m+dp/hard/crtbegin.o
                [!provide]                        PROVIDE (__fini_array_end = .)
                0x000000000800f094                . = ALIGN (0x4)
                0x000000000800f094                _sidata = LOADADDR (.data)

.data           0x0000000024000000       0x78 load address 0x000000000800f094
                0x0000000024000000                . = ALIGN (0x4)
                0x0000000024000000                _sdata = .
 *(.data)
 *(.data*)
 .data.SystemCoreClock
                0x0000000024000000        0x4 ./Core/Src/system_stm32h7xx.o
                0x0000000024000000                SystemCoreClock
 .data.SystemD2Clock
                0x0000000024000004        0x4 ./Core/Src/system_stm32h7xx.o
                0x0000000024000004                SystemD2Clock
 .data.uwTickPrio
                0x0000000024000008        0x4 ./Drivers/STM32H7xx_HAL_Driver/Src/stm32h7xx_hal.o
                0x0000000024000008                uwTickPrio
 .data.uwTickFreq
                0x000000002400000c        0x1 ./Drivers/STM32H7xx_HAL_Driver/Src/stm32h7xx_hal.o
                0x000000002400000c                uwTickFreq
 *fill*         0x000000002400000d        0x3 
 .data.uxCriticalNesting
                0x0000000024000010        0x4 ./Middlewares/Third_Party/FreeRTOS/Source/portable/GCC/ARM_CM4F/port.o
 .data._impure_ptr
                0x0000000024000014        0x4 c:/st/stm32cubeide_1.5.0/stm32cubeide/plugins/com.st.stm32cube.ide.mcu.externaltools.gnu-tools-for-stm32.10.3-2021.10.win32_1.0.0.202111181127/tools/bin/../lib/gcc/arm-none-eabi/10.3.1/../../../../arm-none-eabi/lib/thumb/v7e-m+dp/hard\libc_nano.a(lib_a-impure.o)
                0x0000000024000014                _impure_ptr
 .data.impure_data
                0x0000000024000018       0x60 c:/st/stm32cubeide_1.5.0/stm32cubeide/plugins/com.st.stm32cube.ide.mcu.externaltools.gnu-tools-for-stm32.10.3-2021.10.win32_1.0.0.202111181127/tools/bin/../lib/gcc/arm-none-eabi/10.3.1/../../../../arm-none-eabi/lib/thumb/v7e-m+dp/hard\libc_nano.a(lib_a-impure.o)
 *(.RamFunc)
 *(.RamFunc*)
                0x0000000024000078                . = ALIGN (0x4)
                0x0000000024000078                _edata = .

.igot.plt       0x0000000024000078        0x0 load address 0x000000000800f10c
 .igot.plt      0x0000000024000078        0x0 c:/st/stm32cubeide_1.5.0/stm32cubeide/plugins/com.st.stm32cube.ide.mcu.externaltools.gnu-tools-for-stm32.10.3-2021.10.win32_1.0.0.202111181127/tools/bin/../lib/gcc/arm-none-eabi/10.3.1/thumb/v7e-m+dp/hard/crtbegin.o
                0x0000000024000078                . = ALIGN (0x4)

.bss            0x0000000024000078     0x71e8 load address 0x000000000800f10c
                0x0000000024000078                _sbss = .
                0x0000000024000078                __bss_start__ = _sbss
 *(.bss)
 .bss           0x0000000024000078       0x1c c:/st/stm32cubeide_1.5.0/stm32cubeide/plugins/com.st.stm32cube.ide.mcu.externaltools.gnu-tools-for-stm32.10.3-2021.10.win32_1.0.0.202111181127/tools/bin/../lib/gcc/arm-none-eabi/10.3.1/thumb/v7e-m+dp/hard/crtbegin.o
 *(.bss*)
 .bss.hlpuart1  0x0000000024000094       0x90 ./Core/Src/main.o
                0x0000000024000094                hlpuart1
 .bss.huart5    0x0000000024000124       0x90 ./Core/Src/main.o
                0x0000000024000124                huart5
 .bss.huart8    0x00000000240001b4       0x90 ./Core/Src/main.o
                0x00000000240001b4                huart8
 .bss.huart1    0x0000000024000244       0x90 ./Core/Src/main.o
                0x0000000024000244                huart1
 .bss.huart6    0x00000000240002d4       0x90 ./Core/Src/main.o
                0x00000000240002d4                huart6
 .bss.hdma_uart5_rx
                0x0000000024000364       0x78 ./Core/Src/main.o
                0x0000000024000364                hdma_uart5_rx
 .bss.hdma_usart1_rx
                0x00000000240003dc       0x78 ./Core/Src/main.o
                0x00000000240003dc                hdma_usart1_rx
 .bss.TaskDebugHandle
                0x0000000024000454        0x4 ./Core/Src/main.o
                0x0000000024000454                TaskDebugHandle
 .bss.TaskDebugBuffer
                0x0000000024000458      0x800 ./Core/Src/main.o
                0x0000000024000458                TaskDebugBuffer
 .bss.TaskDebugControlBlock
                0x0000000024000c58       0xbc ./Core/Src/main.o
                0x0000000024000c58                TaskDebugControlBlock
 .bss.TaskSensingHandle
                0x0000000024000d14        0x4 ./Core/Src/main.o
                0x0000000024000d14                TaskSensingHandle
 .bss.TaskSensingBuffer
                0x0000000024000d18      0x800 ./Core/Src/main.o
                0x0000000024000d18                TaskSensingBuffer
 .bss.TaskSensingControlBlock
                0x0000000024001518       0xbc ./Core/Src/main.o
                0x0000000024001518                TaskSensingControlBlock
 .bss.TaskMainHandle
                0x00000000240015d4        0x4 ./Core/Src/main.o
                0x00000000240015d4                TaskMainHandle
 .bss.TaskMainBuffer
                0x00000000240015d8     0x1000 ./Core/Src/main.o
                0x00000000240015d8                TaskMainBuffer
 .bss.TaskMainControlBlock
                0x00000000240025d8       0xbc ./Core/Src/main.o
                0x00000000240025d8                TaskMainControlBlock
 .bss.gyroQueueHandle
                0x0000000024002694        0x4 ./Core/Src/main.o
                0x0000000024002694                gyroQueueHandle
 .bss.htim1     0x0000000024002698       0x4c ./Core/Src/stm32h7xx_hal_timebase_tim.o
                0x0000000024002698                htim1
 .bss.__sbrk_heap_end
                0x00000000240026e4        0x4 ./Core/Src/sysmem.o
 .bss._ZL7is_open
                0x00000000240026e8        0x3 ./Core/Src/hw/driver/uart.o
 *fill*         0x00000000240026eb        0x1 
 .bss._ZL7qbuffer
                0x00000000240026ec       0x30 ./Core/Src/hw/driver/uart.o
 .bss._ZL6rx_buf
                0x000000002400271c      0x100 ./Core/Src/hw/driver/uart.o
 .bss._ZL7rx_data
                0x000000002400281c        0x3 ./Core/Src/hw/driver/uart.o
 *fill*         0x000000002400281f        0x1 
 .bss.uwTick    0x0000000024002820        0x4 ./Drivers/STM32H7xx_HAL_Driver/Src/stm32h7xx_hal.o
                0x0000000024002820                uwTick
 .bss.pFlash    0x0000000024002824       0x1c ./Drivers/STM32H7xx_HAL_Driver/Src/stm32h7xx_hal_flash.o
                0x0000000024002824                pFlash
 .bss.KernelState
                0x0000000024002840        0x4 ./Middlewares/Third_Party/FreeRTOS/Source/CMSIS_RTOS_V2/cmsis_os2.o
 .bss.Idle_TCB.3
                0x0000000024002844       0xbc ./Middlewares/Third_Party/FreeRTOS/Source/CMSIS_RTOS_V2/cmsis_os2.o
 .bss.Idle_Stack.2
                0x0000000024002900      0x200 ./Middlewares/Third_Party/FreeRTOS/Source/CMSIS_RTOS_V2/cmsis_os2.o
 .bss.Timer_TCB.1
                0x0000000024002b00       0xbc ./Middlewares/Third_Party/FreeRTOS/Source/CMSIS_RTOS_V2/cmsis_os2.o
 .bss.Timer_Stack.0
                0x0000000024002bbc      0x400 ./Middlewares/Third_Party/FreeRTOS/Source/CMSIS_RTOS_V2/cmsis_os2.o
 .bss.xQueueRegistry
                0x0000000024002fbc       0x40 ./Middlewares/Third_Party/FreeRTOS/Source/queue.o
                0x0000000024002fbc                xQueueRegistry
 .bss.pxCurrentTCB
                0x0000000024002ffc        0x4 ./Middlewares/Third_Party/FreeRTOS/Source/tasks.o
                0x0000000024002ffc                pxCurrentTCB
 .bss.pxReadyTasksLists
                0x0000000024003000      0x460 ./Middlewares/Third_Party/FreeRTOS/Source/tasks.o
 .bss.xDelayedTaskList1
                0x0000000024003460       0x14 ./Middlewares/Third_Party/FreeRTOS/Source/tasks.o
 .bss.xDelayedTaskList2